Archive member included to satisfy reference by file (symbol)

app/libapp.a(main.c.obj)      (--whole-archive)
zephyr/libzephyr.a(validate_libc.c.obj)
                              (--whole-archive)
zephyr/libzephyr.a(heap.c.obj)
                              (--whole-archive)
zephyr/libzephyr.a(cbprintf_packaged.c.obj)
                              (--whole-archive)
zephyr/libzephyr.a(clock.c.obj)
                              (--whole-archive)
zephyr/libzephyr.a(printk.c.obj)
                              (--whole-archive)
zephyr/libzephyr.a(sem.c.obj)
                              (--whole-archive)
zephyr/libzephyr.a(thread_entry.c.obj)
                              (--whole-archive)
zephyr/libzephyr.a(cbprintf_complete.c.obj)
                              (--whole-archive)
zephyr/libzephyr.a(assert.c.obj)
                              (--whole-archive)
zephyr/libzephyr.a(mpsc_pbuf.c.obj)
                              (--whole-archive)
zephyr/libzephyr.a(dec.c.obj)
                              (--whole-archive)
zephyr/libzephyr.a(hex.c.obj)
                              (--whole-archive)
zephyr/libzephyr.a(rb.c.obj)  (--whole-archive)
zephyr/libzephyr.a(timeutil.c.obj)
                              (--whole-archive)
zephyr/libzephyr.a(bitarray.c.obj)
                              (--whole-archive)
zephyr/libzephyr.a(bitmask.c.obj)
                              (--whole-archive)
zephyr/libzephyr.a(ring_buffer.c.obj)
                              (--whole-archive)
zephyr/libzephyr.a(last_section_id.c.obj)
                              (--whole-archive)
zephyr/libzephyr.a(configs.c.obj)
                              (--whole-archive)
zephyr/libzephyr.a(soc_port.c.obj)
                              (--whole-archive)
zephyr/libzephyr.a(soc_samd2x.c.obj)
                              (--whole-archive)
zephyr/libzephyr.a(log_core.c.obj)
                              (--whole-archive)
zephyr/libzephyr.a(log_mgmt.c.obj)
                              (--whole-archive)
zephyr/libzephyr.a(log_cache.c.obj)
                              (--whole-archive)
zephyr/libzephyr.a(log_msg.c.obj)
                              (--whole-archive)
zephyr/libzephyr.a(log_output.c.obj)
                              (--whole-archive)
zephyr/libzephyr.a(log_backend_uart.c.obj)
                              (--whole-archive)
zephyr/libzephyr.a(tracing_none.c.obj)
                              (--whole-archive)
zephyr/arch/common/libarch__common.a(sw_isr_common.c.obj)
                              (--whole-archive)
zephyr/arch/common/libarch__common.a(init.c.obj)
                              (--whole-archive)
zephyr/arch/common/libarch__common.a(xip.c.obj)
                              (--whole-archive)
zephyr/arch/arch/arm/core/libarch__arm__core.a(fatal.c.obj)
                              (--whole-archive)
zephyr/arch/arch/arm/core/libarch__arm__core.a(nmi.c.obj)
                              (--whole-archive)
zephyr/arch/arch/arm/core/libarch__arm__core.a(nmi_on_reset.S.obj)
                              (--whole-archive)
zephyr/arch/arch/arm/core/cortex_m/libarch__arm__core__cortex_m.a(exc_exit.c.obj)
                              (--whole-archive)
zephyr/arch/arch/arm/core/cortex_m/libarch__arm__core__cortex_m.a(fault.c.obj)
                              (--whole-archive)
zephyr/arch/arch/arm/core/cortex_m/libarch__arm__core__cortex_m.a(fault_s.S.obj)
                              (--whole-archive)
zephyr/arch/arch/arm/core/cortex_m/libarch__arm__core__cortex_m.a(fpu.c.obj)
                              (--whole-archive)
zephyr/arch/arch/arm/core/cortex_m/libarch__arm__core__cortex_m.a(reset.S.obj)
                              (--whole-archive)
zephyr/arch/arch/arm/core/cortex_m/libarch__arm__core__cortex_m.a(scb.c.obj)
                              (--whole-archive)
zephyr/arch/arch/arm/core/cortex_m/libarch__arm__core__cortex_m.a(thread_abort.c.obj)
                              (--whole-archive)
zephyr/arch/arch/arm/core/cortex_m/libarch__arm__core__cortex_m.a(vector_table.S.obj)
                              (--whole-archive)
zephyr/arch/arch/arm/core/cortex_m/libarch__arm__core__cortex_m.a(swap_helper.S.obj)
                              (--whole-archive)
zephyr/arch/arch/arm/core/cortex_m/libarch__arm__core__cortex_m.a(irq_manage.c.obj)
                              (--whole-archive)
zephyr/arch/arch/arm/core/cortex_m/libarch__arm__core__cortex_m.a(prep_c.c.obj)
                              (--whole-archive)
zephyr/arch/arch/arm/core/cortex_m/libarch__arm__core__cortex_m.a(thread.c.obj)
                              (--whole-archive)
zephyr/arch/arch/arm/core/cortex_m/libarch__arm__core__cortex_m.a(cpu_idle.c.obj)
                              (--whole-archive)
zephyr/arch/arch/arm/core/cortex_m/libarch__arm__core__cortex_m.a(irq_init.c.obj)
                              (--whole-archive)
zephyr/arch/arch/arm/core/cortex_m/libarch__arm__core__cortex_m.a(isr_wrapper.c.obj)
                              (--whole-archive)
[...]
Memory Configuration

Name             Origin             Length             Attributes
FLASH            0x00000000         0x00040000         xr
RAM              0x20000000         0x00008000         xw
IDT_LIST         0xffff7fff         0x00008000         xw
*default*        0x00000000         0xffffffff

Linker script and memory map

LOAD zephyr/CMakeFiles/zephyr_pre0.dir/misc/empty_file.c.obj
LOAD zephyr/CMakeFiles/offsets.dir/./arch/arm/core/offsets/offsets.c.obj
LOAD app/libapp.a
LOAD zephyr/libzephyr.a
LOAD zephyr/arch/common/libarch__common.a
LOAD zephyr/arch/arch/arm/core/libarch__arm__core.a
LOAD zephyr/arch/arch/arm/core/cortex_m/libarch__arm__core__cortex_m.a
LOAD zephyr/lib/libc/picolibc/liblib__libc__picolibc.a
LOAD zephyr/lib/libc/common/liblib__libc__common.a
LOAD zephyr/lib/posix/c_lib_ext/liblib__posix__c_lib_ext.a
LOAD zephyr/drivers/interrupt_controller/libdrivers__interrupt_controller.a
LOAD zephyr/drivers/console/libdrivers__console.a
LOAD zephyr/drivers/gpio/libdrivers__gpio.a
LOAD zephyr/drivers/i2c/libdrivers__i2c.a
LOAD zephyr/drivers/pinctrl/libdrivers__pinctrl.a
LOAD zephyr/drivers/serial/libdrivers__serial.a
LOAD zephyr/drivers/timer/libdrivers__timer.a
LOAD zephyr/kernel/libkernel.a
LOAD zephyr/arch/common/libisr_tables.a
LOAD C:/my-workspace/zephyr-app-ufsm00292/AppJaqueline/build/modules/picolibc/libc.a
LOAD C:/Users/Jaque/Downloads/arm-gnu-toolchain-14.3.rel1-mingw-w64-i686-arm-none-eabi/bin/../lib/gcc/arm-none-eabi/14.3.1/thumb/v6-m/nofp\libgcc.a
                0x00000004                        _region_min_align = 0x4

.rel.plt        0x00000000        0x0
 *(SORT_BY_ALIGNMENT(.rel.plt))
                [!provide]                        PROVIDE (__rel_iplt_start = .)
 *(SORT_BY_ALIGNMENT(.rel.iplt))
 .rel.iplt      0x00000000        0x0 app/libapp.a(main.c.obj)
                [!provide]                        PROVIDE (__rel_iplt_end = .)

.rela.plt       0x00000000        0x0
 *(SORT_BY_ALIGNMENT(.rela.plt))
                [!provide]                        PROVIDE (__rela_iplt_start = .)
 *(SORT_BY_ALIGNMENT(.rela.iplt))
                [!provide]                        PROVIDE (__rela_iplt_end = .)

.rel.dyn
 *(SORT_BY_ALIGNMENT(.rel.*))

.rela.dyn
 *(SORT_BY_ALIGNMENT(.rela.*))

/DISCARD/
 *(SORT_BY_ALIGNMENT(.plt))

/DISCARD/
 *(SORT_BY_ALIGNMENT(.iplt))
                0x00000000                        __rom_region_start = 0x0

rom_start       0x00000000       0xb0
                0x00000000                        __rom_start_address = .
 FILL mask 0x00
                0x00000000                        . = (. + (0x0 - (. - __rom_start_address)))
                0x00000000                        . = ALIGN (0x4)
                0x00000000                        . = ALIGN (0x100)
                0x00000000                        . = ALIGN (0x100)
                0x00000000                        _vector_start = .
 *(SORT_BY_ALIGNMENT(.exc_vector_table))
 *(SORT_BY_ALIGNMENT(.exc_vector_table.*))
 .exc_vector_table._vector_table_section
                0x00000000       0x40 zephyr/arch/arch/arm/core/cortex_m/libarch__arm__core__cortex_m.a(vector_table.S.obj)
                0x00000000                _vector_table
 *(SORT_BY_ALIGNMENT(.vectors))
                0x000000b0                        _vector_end = .
                0x00000040                        . = ALIGN (0x4)
 *(SORT_BY_ALIGNMENT(.gnu.linkonce.irq_vector_table*))
 .gnu.linkonce.irq_vector_table
                0x00000040       0x70 zephyr/arch/common/libisr_tables.a(isr_tables.c.obj)
                0x00000040                _irq_vector_table
                0x000000b0                        _vector_end = .

text            0x000000b0     0x513c
                0x000000b0                        __text_region_start = .
 *(SORT_BY_ALIGNMENT(.text))
 .text          0x000000b0       0x14 C:/Users/Jaque/Downloads/arm-gnu-toolchain-14.3.rel1-mingw-w64-i686-arm-none-eabi/bin/../lib/gcc/arm-none-eabi/14.3.1/thumb/v6-m/nofp\libgcc.a(_thumb1_case_sqi.o)
                0x000000b0                __gnu_thumb1_case_sqi
 .text          0x000000c4       0x14 C:/Users/Jaque/Downloads/arm-gnu-toolchain-14.3.rel1-mingw-w64-i686-arm-none-eabi/bin/../lib/gcc/arm-none-eabi/14.3.1/thumb/v6-m/nofp\libgcc.a(_thumb1_case_uqi.o)
                0x000000c4                __gnu_thumb1_case_uqi
 .text          0x000000d8       0x14 C:/Users/Jaque/Downloads/arm-gnu-toolchain-14.3.rel1-mingw-w64-i686-arm-none-eabi/bin/../lib/gcc/arm-none-eabi/14.3.1/thumb/v6-m/nofp\libgcc.a(_thumb1_case_uhi.o)
                0x000000d8                __gnu_thumb1_case_uhi
 .text          0x000000ec      0x114 C:/Users/Jaque/Downloads/arm-gnu-toolchain-14.3.rel1-mingw-w64-i686-arm-none-eabi/bin/../lib/gcc/arm-none-eabi/14.3.1/thumb/v6-m/nofp\libgcc.a(_udivsi3.o)
                0x000000ec                __aeabi_uidiv
                0x000000ec                __udivsi3
                0x000001f8                __aeabi_uidivmod
 .text          0x00000200        0x4 C:/Users/Jaque/Downloads/arm-gnu-toolchain-14.3.rel1-mingw-w64-i686-arm-none-eabi/bin/../lib/gcc/arm-none-eabi/14.3.1/thumb/v6-m/nofp\libgcc.a(_dvmd_tls.o)
                0x00000200                __aeabi_idiv0
                0x00000200                __aeabi_ldiv0
 .text          0x00000204       0x3c C:/Users/Jaque/Downloads/arm-gnu-toolchain-14.3.rel1-mingw-w64-i686-arm-none-eabi/bin/../lib/gcc/arm-none-eabi/14.3.1/thumb/v6-m/nofp\libgcc.a(_clzsi2.o)
                0x00000204                __clzsi2
 .text          0x00000240       0x40 C:/Users/Jaque/Downloads/arm-gnu-toolchain-14.3.rel1-mingw-w64-i686-arm-none-eabi/bin/../lib/gcc/arm-none-eabi/14.3.1/thumb/v6-m/nofp\libgcc.a(_ctzsi2.o)
                0x00000240                __ctzsi2
 .text          0x00000280       0x40 C:/Users/Jaque/Downloads/arm-gnu-toolchain-14.3.rel1-mingw-w64-i686-arm-none-eabi/bin/../lib/gcc/arm-none-eabi/14.3.1/thumb/v6-m/nofp\libgcc.a(_aeabi_uldivmod.o)
                0x00000280                __aeabi_uldivmod
 .text          0x000002c0       0x18 C:/Users/Jaque/Downloads/arm-gnu-toolchain-14.3.rel1-mingw-w64-i686-arm-none-eabi/bin/../lib/gcc/arm-none-eabi/14.3.1/thumb/v6-m/nofp\libgcc.a(_clzdi2.o)
                0x000002c0                __clzdi2
 .text          0x000002d8        0xe C:/my-workspace/zephyr-app-ufsm00292/AppJaqueline/build/modules/picolibc/libc.a(strlen.S.obj)
                0x000002d8                strlen
 *(SORT_BY_ALIGNMENT(.text.*))
 *fill*         0x000002e6        0x2 
 .text.main     0x000002e8       0x80 app/libapp.a(main.c.obj)
                0x000002e8                main
 .text.cbvprintf_package
                0x00000368      0x3a8 zephyr/libzephyr.a(cbprintf_packaged.c.obj)
                0x00000368                cbvprintf_package
 .text.cbprintf_package_convert
                0x00000710      0x40c zephyr/libzephyr.a(cbprintf_packaged.c.obj)
                0x00000710                cbprintf_package_convert
 .text.__printk_hook_install
                0x00000b1c        0xc zephyr/libzephyr.a(printk.c.obj)
                0x00000b1c                __printk_hook_install
 .text.soc_reset_hook
                0x00000b28       0xe0 zephyr/libzephyr.a(soc_samd2x.c.obj)
                0x00000b28                soc_reset_hook
 .text.activate_foreach_backend
                0x00000c08       0x54 zephyr/libzephyr.a(log_core.c.obj)
 .text.enable_logger
                0x00000c5c       0x5c zephyr/libzephyr.a(log_core.c.obj)
 .text.log_process_thread_timer_expiry_fn
                0x00000cb8       0x10 zephyr/libzephyr.a(log_core.c.obj)
 .text.z_log_init
                0x00000cc8       0x90 zephyr/libzephyr.a(log_core.c.obj)
 .text.log_format_func_t_get
                0x00000d58        0xc zephyr/libzephyr.a(log_core.c.obj)
                0x00000d58                log_format_func_t_get
 .text.log_set_timestamp_func
                0x00000d64       0x20 zephyr/libzephyr.a(log_core.c.obj)
                0x00000d64                log_set_timestamp_func
 .text.z_log_notify_backend_enabled
                0x00000d84       0x20 zephyr/libzephyr.a(log_core.c.obj)
                0x00000d84                z_log_notify_backend_enabled
 .text.z_log_dropped
                0x00000da4       0x34 zephyr/libzephyr.a(log_core.c.obj)
                0x00000da4                z_log_dropped
 .text.z_log_dropped_read_and_clear
                0x00000dd8       0x10 zephyr/libzephyr.a(log_core.c.obj)
                0x00000dd8                z_log_dropped_read_and_clear
 .text.dropped_notify
                0x00000de8       0x34 zephyr/libzephyr.a(log_core.c.obj)
                0x00000de8                dropped_notify
 .text.z_log_msg_init
                0x00000e1c       0x20 zephyr/libzephyr.a(log_core.c.obj)
                0x00000e1c                z_log_msg_init
 .text.log_core_init
                0x00000e3c       0x50 zephyr/libzephyr.a(log_core.c.obj)
                0x00000e3c                log_core_init
 .text.z_log_msg_alloc
                0x00000e8c       0x18 zephyr/libzephyr.a(log_core.c.obj)
                0x00000e8c                z_log_msg_alloc
 .text.z_log_msg_local_claim
                0x00000ea4       0x10 zephyr/libzephyr.a(log_core.c.obj)
                0x00000ea4                z_log_msg_local_claim
 .text.z_log_msg_free
                0x00000eb4       0x14 zephyr/libzephyr.a(log_core.c.obj)
                0x00000eb4                z_log_msg_free
 .text.z_log_msg_pending
                0x00000ec8       0x10 zephyr/libzephyr.a(log_core.c.obj)
                0x00000ec8                z_log_msg_pending
 .text.z_impl_log_process
                0x00000ed8       0x9c zephyr/libzephyr.a(log_core.c.obj)
                0x00000ed8                z_impl_log_process
 .text.z_impl_log_panic
                0x00000f74       0x48 zephyr/libzephyr.a(log_core.c.obj)
                0x00000f74                z_impl_log_panic
 .text.log_process_thread_func
                0x00000fbc       0x9c zephyr/libzephyr.a(log_core.c.obj)
 .text.z_log_msg_post_finalize
                0x00001058       0x70 zephyr/libzephyr.a(log_core.c.obj)
 .text.z_log_msg_commit
                0x000010c8       0x24 zephyr/libzephyr.a(log_core.c.obj)
                0x000010c8                z_log_msg_commit
 .text.log_source_name_get
                0x000010ec       0x1c zephyr/libzephyr.a(log_mgmt.c.obj)
                0x000010ec                log_source_name_get
 .text.z_log_msg_simple_create
                0x00001108       0x70 zephyr/libzephyr.a(log_msg.c.obj)
 .text.z_impl_z_log_msg_static_create
                0x00001178      0x130 zephyr/libzephyr.a(log_msg.c.obj)
                0x00001178                z_impl_z_log_msg_static_create
 .text.z_log_msg_runtime_vcreate
                0x000012a8       0x9c zephyr/libzephyr.a(log_msg.c.obj)
                0x000012a8                z_log_msg_runtime_vcreate
 .text.log_msg_get_source_id
                0x00001344       0x1c zephyr/libzephyr.a(log_msg.c.obj)
                0x00001344                log_msg_get_source_id
 .text.print_formatted
                0x00001360       0x20 zephyr/libzephyr.a(log_output.c.obj)
 .text.newline_print
                0x00001380       0x20 zephyr/libzephyr.a(log_output.c.obj)
 .text.log_output_process
                0x000013a0      0x28c zephyr/libzephyr.a(log_output.c.obj)
                0x000013a0                log_output_process
 .text.log_output_dropped_process
                0x0000162c       0x58 zephyr/libzephyr.a(log_output.c.obj)
                0x0000162c                log_output_dropped_process
 .text.log_output_timestamp_freq_set
                0x00001684       0x34 zephyr/libzephyr.a(log_output.c.obj)
                0x00001684                log_output_timestamp_freq_set
 .text.char_out
                0x000016b8       0x24 zephyr/libzephyr.a(log_backend_uart.c.obj)
 .text.arch_bss_zero
                0x000016dc       0x18 zephyr/arch/common/libarch__common.a(init.c.obj)
                0x000016dc                arch_bss_zero
 .text.arch_data_copy
                0x000016f4       0x34 zephyr/arch/common/libarch__common.a(xip.c.obj)
                0x000016f4                arch_data_copy
 .text.z_arm_fatal_error
                0x00001728       0xb8 zephyr/arch/arch/arm/core/libarch__arm__core.a(fatal.c.obj)
                0x00001728                z_arm_fatal_error
 .text.z_SysNmiOnReset
                0x000017e0        0x4 zephyr/arch/arch/arm/core/libarch__arm__core.a(nmi_on_reset.S.obj)
                0x000017e0                z_SysNmiOnReset
 .text._HandlerModeExit
                0x000017e4       0x20 zephyr/arch/arch/arm/core/cortex_m/libarch__arm__core__cortex_m.a(exc_exit.c.obj)
                0x000017e4                z_arm_int_exit
                0x000017e4                z_arm_exc_exit
 .text.z_arm_fault
                0x00001804      0x144 zephyr/arch/arch/arm/core/cortex_m/libarch__arm__core__cortex_m.a(fault.c.obj)
                0x00001804                z_arm_fault
 .text.z_arm_fault_init
                0x00001948       0x10 zephyr/arch/arch/arm/core/cortex_m/libarch__arm__core__cortex_m.a(fault.c.obj)
                0x00001948                z_arm_fault_init
 .text.__fault  0x00001958       0x14 zephyr/arch/arch/arm/core/cortex_m/libarch__arm__core__cortex_m.a(fault_s.S.obj)
                0x00001958                z_arm_hard_fault
                0x00001958                z_arm_exc_spurious
 .text._reset_section
                0x0000196c       0x38 zephyr/arch/arch/arm/core/cortex_m/libarch__arm__core__cortex_m.a(reset.S.obj)
                0x0000196c                __start
                0x0000196c                z_arm_reset
 .text.z_impl_k_thread_abort
                0x000019a4       0x38 zephyr/arch/arch/arm/core/cortex_m/libarch__arm__core__cortex_m.a(thread_abort.c.obj)
                0x000019a4                z_impl_k_thread_abort
 .text.z_arm_pendsv
                0x000019dc       0x60 zephyr/arch/arch/arm/core/cortex_m/libarch__arm__core__cortex_m.a(swap_helper.S.obj)
                0x000019dc                z_arm_pendsv
 .text.z_arm_svc
                0x00001a3c       0x28 zephyr/arch/arch/arm/core/cortex_m/libarch__arm__core__cortex_m.a(swap_helper.S.obj)
                0x00001a3c                z_arm_svc
 .text.arm_irq_enable
                0x00001a64       0x18 zephyr/arch/arch/arm/core/cortex_m/libarch__arm__core__cortex_m.a(irq_manage.c.obj)
                0x00001a64                arm_irq_enable
 .text.arm_irq_priority_set
                0x00001a7c       0x54 zephyr/arch/arch/arm/core/cortex_m/libarch__arm__core__cortex_m.a(irq_manage.c.obj)
                0x00001a7c                arm_irq_priority_set
 .text.relocate_vector_table
                0x00001ad0       0x1c zephyr/arch/arch/arm/core/cortex_m/libarch__arm__core__cortex_m.a(prep_c.c.obj)
                0x00001ad0                relocate_vector_table
 .text.arch_new_thread
                0x00001aec       0x2c zephyr/arch/arch/arm/core/cortex_m/libarch__arm__core__cortex_m.a(thread.c.obj)
                0x00001aec                arch_new_thread
 .text.arch_switch_to_main_thread
                0x00001b18       0x30 zephyr/arch/arch/arm/core/cortex_m/libarch__arm__core__cortex_m.a(thread.c.obj)
                0x00001b18                arch_switch_to_main_thread
 .text.z_arm_cpu_idle_init
                0x00001b48        0xc zephyr/arch/arch/arm/core/cortex_m/libarch__arm__core__cortex_m.a(cpu_idle.c.obj)
                0x00001b48                z_arm_cpu_idle_init
 .text.z_arm_interrupt_init
                0x00001b54       0x30 zephyr/arch/arch/arm/core/cortex_m/libarch__arm__core__cortex_m.a(irq_init.c.obj)
                0x00001b54                z_arm_interrupt_init
 .text._isr_wrapper
                0x00001b84       0x20 zephyr/arch/arch/arm/core/cortex_m/libarch__arm__core__cortex_m.a(isr_wrapper.c.obj)
                0x00001b84                _isr_wrapper
 .text.cbvprintf
                0x00001ba4       0x38 zephyr/lib/libc/picolibc/liblib__libc__picolibc.a(cbprintf.c.obj)
                0x00001ba4                cbvprintf
 .text.z_impl_zephyr_fputc
                0x00001bdc       0x10 zephyr/lib/libc/picolibc/liblib__libc__picolibc.a(stdio.c.obj)
                0x00001bdc                z_impl_zephyr_fputc
 .text.__stdout_hook_install
                0x00001bec       0x18 zephyr/lib/libc/picolibc/liblib__libc__picolibc.a(stdio.c.obj)
                0x00001bec                __stdout_hook_install
 .text.malloc_prepare
                0x00001c04       0x24 zephyr/lib/libc/common/liblib__libc__common.a(malloc.c.obj)
 .text.wait_synchronization
                0x00001c28       0x10 zephyr/drivers/interrupt_controller/libdrivers__interrupt_controller.a(intc_sam0_eic.c.obj)
 .text.sam0_eic_isr
                0x00001c38       0x48 zephyr/drivers/interrupt_controller/libdrivers__interrupt_controller.a(intc_sam0_eic.c.obj)
 .text.sam0_eic_init
                0x00001c80       0x44 zephyr/drivers/interrupt_controller/libdrivers__interrupt_controller.a(intc_sam0_eic.c.obj)
 .text.sam0_eic_check_ownership
                0x00001cc4       0x2c zephyr/drivers/interrupt_controller/libdrivers__interrupt_controller.a(intc_sam0_eic.c.obj)
 .text.sam0_eic_acquire
                0x00001cf0      0x110 zephyr/drivers/interrupt_controller/libdrivers__interrupt_controller.a(intc_sam0_eic.c.obj)
                0x00001cf0                sam0_eic_acquire
 .text.sam0_eic_release
                0x00001e00       0x8c zephyr/drivers/interrupt_controller/libdrivers__interrupt_controller.a(intc_sam0_eic.c.obj)
                0x00001e00                sam0_eic_release
 .text.sam0_eic_enable_interrupt
                0x00001e8c       0x38 zephyr/drivers/interrupt_controller/libdrivers__interrupt_controller.a(intc_sam0_eic.c.obj)
                0x00001e8c                sam0_eic_enable_interrupt
 .text.sam0_eic_disable_interrupt
                0x00001ec4       0x38 zephyr/drivers/interrupt_controller/libdrivers__interrupt_controller.a(intc_sam0_eic.c.obj)
                0x00001ec4                sam0_eic_disable_interrupt
 .text.sam0_eic_interrupt_pending
                0x00001efc       0x44 zephyr/drivers/interrupt_controller/libdrivers__interrupt_controller.a(intc_sam0_eic.c.obj)
                0x00001efc                sam0_eic_interrupt_pending
 .text.uart_console_init
                0x00001f40       0x2c zephyr/drivers/console/libdrivers__console.a(uart_console.c.obj)
 .text.console_out
                0x00001f6c       0x28 zephyr/drivers/console/libdrivers__console.a(uart_console.c.obj)
 .text.gpio_sam0_pin_interrupt_configure
                0x00001f94       0xf8 zephyr/drivers/gpio/libdrivers__gpio.a(gpio_sam0.c.obj)
 .text.i2c_sam0_set_apply_bitrate.isra.0
                0x0000208c       0x74 zephyr/drivers/i2c/libdrivers__i2c.a(i2c_sam0.c.obj)
 .text.i2c_sam0_transfer
                0x00002100      0x15c zephyr/drivers/i2c/libdrivers__i2c.a(i2c_sam0.c.obj)
 .text.i2c_sam0_initialize
                0x0000225c      0x118 zephyr/drivers/i2c/libdrivers__i2c.a(i2c_sam0.c.obj)
 .text.i2c_sam0_isr
                0x00002374      0x13c zephyr/drivers/i2c/libdrivers__i2c.a(i2c_sam0.c.obj)
 .text.pinctrl_configure_pins
                0x000024b0       0x54 zephyr/drivers/pinctrl/libdrivers__pinctrl.a(pinctrl_sam0.c.obj)
                0x000024b0                pinctrl_configure_pins
 .text.uart_sam0_init
                0x00002504       0xf8 zephyr/drivers/serial/libdrivers__serial.a(uart_sam0.c.obj)
 .text.uart_sam0_configure
                0x000025fc      0x124 zephyr/drivers/serial/libdrivers__serial.a(uart_sam0.c.obj)
 .text.elapsed  0x00002720       0x40 zephyr/drivers/timer/libdrivers__timer.a(cortex_m_systick.c.obj)
 .text.sys_clock_driver_init
                0x00002760       0x40 zephyr/drivers/timer/libdrivers__timer.a(cortex_m_systick.c.obj)
 .text.sys_clock_isr
                0x000027a0       0x44 zephyr/drivers/timer/libdrivers__timer.a(cortex_m_systick.c.obj)
                0x000027a0                sys_clock_isr
 .text.sys_clock_set_timeout
                0x000027e4       0xf4 zephyr/drivers/timer/libdrivers__timer.a(cortex_m_systick.c.obj)
                0x000027e4                sys_clock_set_timeout
 .text.sys_clock_elapsed
                0x000028d8       0x34 zephyr/drivers/timer/libdrivers__timer.a(cortex_m_systick.c.obj)
                0x000028d8                sys_clock_elapsed
 .text.k_sys_fatal_error_handler
                0x0000290c       0x20 zephyr/kernel/libkernel.a(fatal.c.obj)
                0x0000290c                k_sys_fatal_error_handler
 .text.z_fatal_error
                0x0000292c       0xf4 zephyr/kernel/libkernel.a(fatal.c.obj)
                0x0000292c                z_fatal_error
 .text.z_sys_init_run_level
                0x00002a20       0x34 zephyr/kernel/libkernel.a(init.c.obj)
 .text.bg_thread_main
                0x00002a54       0xa8 zephyr/kernel/libkernel.a(init.c.obj)
 .text.z_init_cpu
                0x00002afc       0x68 zephyr/kernel/libkernel.a(init.c.obj)
                0x00002afc                z_init_cpu
 .text.z_cstart
                0x00002b64       0xb0 zephyr/kernel/libkernel.a(init.c.obj)
                0x00002b64                z_cstart
 .text.z_impl_k_sem_give
                0x00002c14       0x64 zephyr/kernel/libkernel.a(sem.c.obj)
                0x00002c14                z_impl_k_sem_give
 .text.z_impl_k_sem_take
                0x00002c78       0x4c zephyr/kernel/libkernel.a(sem.c.obj)
                0x00002c78                z_impl_k_sem_take
 .text.z_setup_new_thread
                0x00002cc4       0x58 zephyr/kernel/libkernel.a(thread.c.obj)
                0x00002cc4                z_setup_new_thread
 .text.z_impl_k_thread_create
                0x00002d1c       0x58 zephyr/kernel/libkernel.a(thread.c.obj)
                0x00002d1c                z_impl_k_thread_create
 .text.z_dummy_thread_init
                0x00002d74       0x14 zephyr/kernel/libkernel.a(thread.c.obj)
                0x00002d74                z_dummy_thread_init
 .text.z_swap_irqlock
                0x00002d88       0x2c zephyr/kernel/libkernel.a(sched.c.obj)
 .text.ready_thread
                0x00002db4       0x88 zephyr/kernel/libkernel.a(sched.c.obj)
 .text.unready_thread
                0x00002e3c       0x58 zephyr/kernel/libkernel.a(sched.c.obj)
 .text.add_thread_timeout
                0x00002e94       0x18 zephyr/kernel/libkernel.a(sched.c.obj)
 .text.move_thread_to_end_of_prio_q
                0x00002eac       0x94 zephyr/kernel/libkernel.a(sched.c.obj)
                0x00002eac                move_thread_to_end_of_prio_q
 .text.z_pend_curr
                0x00002f40       0x38 zephyr/kernel/libkernel.a(sched.c.obj)
                0x00002f40                z_pend_curr
 .text.z_reschedule
                0x00002f78       0x2c zephyr/kernel/libkernel.a(sched.c.obj)
                0x00002f78                z_reschedule
 .text.z_reschedule_irqlock
                0x00002fa4       0x2c zephyr/kernel/libkernel.a(sched.c.obj)
                0x00002fa4                z_reschedule_irqlock
 .text.k_sched_lock
                0x00002fd0       0x20 zephyr/kernel/libkernel.a(sched.c.obj)
                0x00002fd0                k_sched_lock
 .text.k_sched_unlock
                0x00002ff0       0x60 zephyr/kernel/libkernel.a(sched.c.obj)
                0x00002ff0                k_sched_unlock
 .text.z_sched_init
                0x00003050       0x14 zephyr/kernel/libkernel.a(sched.c.obj)
                0x00003050                z_sched_init
 .text.z_impl_k_yield
                0x00003064       0x80 zephyr/kernel/libkernel.a(sched.c.obj)
                0x00003064                z_impl_k_yield
 .text.z_tick_sleep
                0x000030e4       0x74 zephyr/kernel/libkernel.a(sched.c.obj)
 .text.z_impl_k_wakeup
                0x00003158       0x40 zephyr/kernel/libkernel.a(sched.c.obj)
                0x00003158                z_impl_k_wakeup
 .text.z_impl_k_sched_current_thread_query
                0x00003198        0xc zephyr/kernel/libkernel.a(sched.c.obj)
                0x00003198                z_impl_k_sched_current_thread_query
 .text.z_thread_abort
                0x000031a4      0x124 zephyr/kernel/libkernel.a(sched.c.obj)
                0x000031a4                z_thread_abort
 .text.slice_timeout
                0x000032c8       0x20 zephyr/kernel/libkernel.a(timeslicing.c.obj)
 .text.thread_is_sliceable
                0x000032e8       0x40 zephyr/kernel/libkernel.a(timeslicing.c.obj)
                0x000032e8                thread_is_sliceable
 .text.z_reset_time_slice
                0x00003328       0x4c zephyr/kernel/libkernel.a(timeslicing.c.obj)
                0x00003328                z_reset_time_slice
 .text.z_time_slice
                0x00003374       0x58 zephyr/kernel/libkernel.a(timeslicing.c.obj)
                0x00003374                z_time_slice
 .text.first    0x000033cc       0x10 zephyr/kernel/libkernel.a(timeout.c.obj)
 .text.next_timeout
                0x000033dc       0x34 zephyr/kernel/libkernel.a(timeout.c.obj)
 .text.elapsed  0x00003410       0x18 zephyr/kernel/libkernel.a(timeout.c.obj)
 .text.remove_timeout
                0x00003428       0x38 zephyr/kernel/libkernel.a(timeout.c.obj)
 .text.z_add_timeout
                0x00003460      0x120 zephyr/kernel/libkernel.a(timeout.c.obj)
                0x00003460                z_add_timeout
 .text.sys_clock_announce
                0x00003580       0xd0 zephyr/kernel/libkernel.a(timeout.c.obj)
                0x00003580                sys_clock_announce
 .text.sys_clock_tick_get
                0x00003650       0x2c zephyr/kernel/libkernel.a(timeout.c.obj)
                0x00003650                sys_clock_tick_get
 .text.z_timer_expiration_handler
                0x0000367c      0x110 zephyr/kernel/libkernel.a(timer.c.obj)
                0x0000367c                z_timer_expiration_handler
 .text.z_impl_k_timer_start
                0x0000378c       0x6c zephyr/kernel/libkernel.a(timer.c.obj)
                0x0000378c                z_impl_k_timer_start
 .text.boot_banner
                0x000037f8       0x10 zephyr/kernel/libkernel.a(banner.c.obj)
                0x000037f8                boot_banner
 .text.printf   0x00003808       0x20 C:/my-workspace/zephyr-app-ufsm00292/AppJaqueline/build/modules/picolibc/libc.a(printf.c.obj)
                0x00003808                printf
 .text.snprintf
                0x00003828       0x54 C:/my-workspace/zephyr-app-ufsm00292/AppJaqueline/build/modules/picolibc/libc.a(snprintf.c.obj)
                0x00003828                snprintf
 .text.skip_to_arg
                0x0000387c      0x134 C:/my-workspace/zephyr-app-ufsm00292/AppJaqueline/build/modules/picolibc/libc.a(vflprintf.c.obj)
 .text.vfprintf
                0x000039b0      0x52c C:/my-workspace/zephyr-app-ufsm00292/AppJaqueline/build/modules/picolibc/libc.a(vflprintf.c.obj)
                0x000039b0                vfprintf
                0x000039b0                __l_vfprintf
 .text.__udivmoddi4
                0x00003edc      0x198 C:/Users/Jaque/Downloads/arm-gnu-toolchain-14.3.rel1-mingw-w64-i686-arm-none-eabi/bin/../lib/gcc/arm-none-eabi/14.3.1/thumb/v6-m/nofp\libgcc.a(_udivmoddi4.o)
                0x00003edc                __udivmoddi4
 .text._OffsetAbsSyms
                0x00004074        0x2 zephyr/CMakeFiles/offsets.dir/./arch/arm/core/offsets/offsets.c.obj
                0x00004074                _OffsetAbsSyms
 .text.chunk_size
                0x00004076        0xa zephyr/libzephyr.a(heap.c.obj)
 .text.free_list_add
                0x00004080       0x4e zephyr/libzephyr.a(heap.c.obj)
 .text.sys_heap_init
                0x000040ce       0x80 zephyr/libzephyr.a(heap.c.obj)
                0x000040ce                sys_heap_init
 .text.cbpprintf_external
                0x0000414e       0x68 zephyr/libzephyr.a(cbprintf_packaged.c.obj)
                0x0000414e                cbpprintf_external
 .text.is_ptr   0x000041b6       0x40 zephyr/libzephyr.a(cbprintf_packaged.c.obj)
                0x000041b6                is_ptr
 .text.arch_printk_char_out
                0x000041f6        0x4 zephyr/libzephyr.a(printk.c.obj)
                0x000041f6                arch_printk_char_out
 .text.printk   0x000041fa       0x16 zephyr/libzephyr.a(printk.c.obj)
                0x000041fa                printk
 .text.z_thread_entry
                0x00004210       0x14 zephyr/libzephyr.a(thread_entry.c.obj)
                0x00004210                z_thread_entry
 .text.free_space
                0x00004224       0x2c zephyr/libzephyr.a(mpsc_pbuf.c.obj)
 .text.get_usage
                0x00004250       0x22 zephyr/libzephyr.a(mpsc_pbuf.c.obj)
 .text.idx_inc  0x00004272       0x1c zephyr/libzephyr.a(mpsc_pbuf.c.obj)
 .text.rd_idx_inc
                0x0000428e       0x18 zephyr/libzephyr.a(mpsc_pbuf.c.obj)
 .text.add_skip_item
                0x000042a6       0x3a zephyr/libzephyr.a(mpsc_pbuf.c.obj)
 .text.drop_item_locked
                0x000042e0       0xf0 zephyr/libzephyr.a(mpsc_pbuf.c.obj)
 .text.post_drop_action
                0x000043d0       0x38 zephyr/libzephyr.a(mpsc_pbuf.c.obj)
 .text.max_utilization_update
                0x00004408       0x1a zephyr/libzephyr.a(mpsc_pbuf.c.obj)
 .text.mpsc_pbuf_init
                0x00004422       0x42 zephyr/libzephyr.a(mpsc_pbuf.c.obj)
                0x00004422                mpsc_pbuf_init
 .text.mpsc_pbuf_alloc
                0x00004464       0xfc zephyr/libzephyr.a(mpsc_pbuf.c.obj)
                0x00004464                mpsc_pbuf_alloc
 .text.mpsc_pbuf_commit
                0x00004560       0x38 zephyr/libzephyr.a(mpsc_pbuf.c.obj)
                0x00004560                mpsc_pbuf_commit
 .text.mpsc_pbuf_claim
                0x00004598       0x98 zephyr/libzephyr.a(mpsc_pbuf.c.obj)
                0x00004598                mpsc_pbuf_claim
 .text.mpsc_pbuf_free
                0x00004630       0x72 zephyr/libzephyr.a(mpsc_pbuf.c.obj)
                0x00004630                mpsc_pbuf_free
 .text.mpsc_pbuf_is_pending
                0x000046a2       0x2e zephyr/libzephyr.a(mpsc_pbuf.c.obj)
                0x000046a2                mpsc_pbuf_is_pending
 .text._ConfigAbsSyms
                0x000046d0        0x2 zephyr/libzephyr.a(configs.c.obj)
                0x000046d0                _ConfigAbsSyms
 .text.soc_port_pinmux_set
                0x000046d2       0x34 zephyr/libzephyr.a(soc_port.c.obj)
                0x000046d2                soc_port_pinmux_set
 .text.soc_port_configure
                0x00004706       0x6a zephyr/libzephyr.a(soc_port.c.obj)
                0x00004706                soc_port_configure
 .text.log_msg_generic_get_wlen
                0x00004770       0x22 zephyr/libzephyr.a(log_core.c.obj)
 .text.dummy_timestamp
                0x00004792        0x4 zephyr/libzephyr.a(log_core.c.obj)
 .text.atomic_inc
                0x00004796        0xa zephyr/libzephyr.a(log_core.c.obj)
 .text.default_lf_get_timestamp
                0x000047a0       0x10 zephyr/libzephyr.a(log_core.c.obj)
 .text.z_log_vprintk
                0x000047b0       0x1a zephyr/libzephyr.a(log_core.c.obj)
                0x000047b0                z_log_vprintk
 .text.z_log_notify_drop
                0x000047ca        0xa zephyr/libzephyr.a(log_core.c.obj)
 .text.z_log_get_tag
                0x000047d4        0x4 zephyr/libzephyr.a(log_core.c.obj)
                0x000047d4                z_log_get_tag
 .text.log_backend_enable
                0x000047d8       0x16 zephyr/libzephyr.a(log_mgmt.c.obj)
                0x000047d8                log_backend_enable
 .text.z_cbprintf_cpy
                0x000047ee       0x32 zephyr/libzephyr.a(log_msg.c.obj)
 .text.z_log_msg_finalize
                0x00004820       0x32 zephyr/libzephyr.a(log_msg.c.obj)
                0x00004820                z_log_msg_finalize
 .text.z_impl_z_log_msg_simple_create_0
                0x00004852        0xe zephyr/libzephyr.a(log_msg.c.obj)
                0x00004852                z_impl_z_log_msg_simple_create_0
 .text.z_impl_z_log_msg_simple_create_1
                0x00004860       0x12 zephyr/libzephyr.a(log_msg.c.obj)
                0x00004860                z_impl_z_log_msg_simple_create_1
 .text.log_output_write
                0x00004872       0x1e zephyr/libzephyr.a(log_output.c.obj)
 .text.log_output_flush
                0x00004890       0x18 zephyr/libzephyr.a(log_output.c.obj)
 .text.out_func
                0x000048a8       0x26 zephyr/libzephyr.a(log_output.c.obj)
 .text.cr_out_func
                0x000048ce       0x1c zephyr/libzephyr.a(log_output.c.obj)
 .text.log_output_msg_process
                0x000048ea       0x62 zephyr/libzephyr.a(log_output.c.obj)
                0x000048ea                log_output_msg_process
 .text.format_set
                0x0000494c        0xc zephyr/libzephyr.a(log_backend_uart.c.obj)
 .text.log_backend_uart_init
                0x00004958        0xc zephyr/libzephyr.a(log_backend_uart.c.obj)
 .text.panic    0x00004964       0x32 zephyr/libzephyr.a(log_backend_uart.c.obj)
 .text.dropped  0x00004996        0xe zephyr/libzephyr.a(log_backend_uart.c.obj)
 .text.process  0x000049a4       0x1c zephyr/libzephyr.a(log_backend_uart.c.obj)
 .text.arch_early_memset
                0x000049c0        0x8 zephyr/arch/common/libarch__common.a(init.c.obj)
                0x000049c0                arch_early_memset
 .text.arch_early_memcpy
                0x000049c8        0x8 zephyr/arch/common/libarch__common.a(init.c.obj)
                0x000049c8                arch_early_memcpy
 .text.z_do_kernel_oops
                0x000049d0        0xc zephyr/arch/arch/arm/core/libarch__arm__core.a(fatal.c.obj)
                0x000049d0                z_do_kernel_oops
 .text.z_arm_nmi
                0x000049dc        0xc zephyr/arch/arch/arm/core/libarch__arm__core.a(nmi.c.obj)
                0x000049dc                z_arm_nmi
 .text.z_irq_spurious
                0x000049e8        0xc zephyr/arch/arch/arm/core/cortex_m/libarch__arm__core__cortex_m.a(irq_manage.c.obj)
                0x000049e8                z_irq_spurious
 .text.z_prep_c
                0x000049f4       0x16 zephyr/arch/arch/arm/core/cortex_m/libarch__arm__core__cortex_m.a(prep_c.c.obj)
                0x000049f4                z_prep_c
 .text.arch_coprocessors_disable
                0x00004a0a        0x6 zephyr/arch/arch/arm/core/cortex_m/libarch__arm__core__cortex_m.a(thread.c.obj)
                0x00004a0a                arch_coprocessors_disable
 .text.arch_irq_unlock_outlined
                0x00004a10        0xc zephyr/arch/arch/arm/core/cortex_m/libarch__arm__core__cortex_m.a(thread.c.obj)
                0x00004a10                arch_irq_unlock_outlined
 .text.arch_cpu_idle
                0x00004a1c        0xe zephyr/arch/arch/arm/core/cortex_m/libarch__arm__core__cortex_m.a(cpu_idle.c.obj)
                0x00004a1c                arch_cpu_idle
 .text.cbputc   0x00004a2a        0xc zephyr/lib/libc/picolibc/liblib__libc__picolibc.a(cbprintf.c.obj)
 .text.picolibc_put
                0x00004a36        0xa zephyr/lib/libc/picolibc/liblib__libc__picolibc.a(stdio.c.obj)
 .text.gpio_sam0_config
                0x00004a40       0x76 zephyr/drivers/gpio/libdrivers__gpio.a(gpio_sam0.c.obj)
 .text.gpio_sam0_port_get_raw
                0x00004ab6        0xc zephyr/drivers/gpio/libdrivers__gpio.a(gpio_sam0.c.obj)
 .text.gpio_sam0_port_set_masked_raw
                0x00004ac2       0x12 zephyr/drivers/gpio/libdrivers__gpio.a(gpio_sam0.c.obj)
 .text.gpio_sam0_port_set_bits_raw
                0x00004ad4        0xa zephyr/drivers/gpio/libdrivers__gpio.a(gpio_sam0.c.obj)
 .text.gpio_sam0_port_clear_bits_raw
                0x00004ade        0xa zephyr/drivers/gpio/libdrivers__gpio.a(gpio_sam0.c.obj)
 .text.gpio_sam0_port_toggle_bits
                0x00004ae8        0xa zephyr/drivers/gpio/libdrivers__gpio.a(gpio_sam0.c.obj)
 .text.gpio_sam0_manage_callback
                0x00004af2       0x5a zephyr/drivers/gpio/libdrivers__gpio.a(gpio_sam0.c.obj)
 .text.gpio_sam0_init
                0x00004b4c        0x4 zephyr/drivers/gpio/libdrivers__gpio.a(gpio_sam0.c.obj)
 .text.gpio_sam0_get_pending_int
                0x00004b50        0xc zephyr/drivers/gpio/libdrivers__gpio.a(gpio_sam0.c.obj)
 .text.gpio_sam0_isr
                0x00004b5c       0x32 zephyr/drivers/gpio/libdrivers__gpio.a(gpio_sam0.c.obj)
 .text.wait_synchronization
                0x00004b8e        0xa zephyr/drivers/i2c/libdrivers__i2c.a(i2c_sam0.c.obj)
 .text.i2c_sam0_irq_config_0
                0x00004b98       0x14 zephyr/drivers/i2c/libdrivers__i2c.a(i2c_sam0.c.obj)
 .text.i2c_sam0_configure
                0x00004bac       0x4a zephyr/drivers/i2c/libdrivers__i2c.a(i2c_sam0.c.obj)
 .text.pinctrl_lookup_state
                0x00004bf6       0x26 zephyr/drivers/pinctrl/libdrivers__pinctrl.a(common.c.obj)
                0x00004bf6                pinctrl_lookup_state
 .text.wait_synchronization
                0x00004c1c        0xa zephyr/drivers/serial/libdrivers__serial.a(uart_sam0.c.obj)
 .text.uart_sam0_poll_in
                0x00004c26       0x18 zephyr/drivers/serial/libdrivers__serial.a(uart_sam0.c.obj)
 .text.uart_sam0_poll_out
                0x00004c3e        0xe zephyr/drivers/serial/libdrivers__serial.a(uart_sam0.c.obj)
 .text.uart_sam0_err_check
                0x00004c4c       0x30 zephyr/drivers/serial/libdrivers__serial.a(uart_sam0.c.obj)
 .text.uart_sam0_isr
                0x00004c7c       0x10 zephyr/drivers/serial/libdrivers__serial.a(uart_sam0.c.obj)
 .text.uart_sam0_fifo_fill
                0x00004c8c       0x1e zephyr/drivers/serial/libdrivers__serial.a(uart_sam0.c.obj)
 .text.uart_sam0_irq_tx_enable
                0x00004caa        0xa zephyr/drivers/serial/libdrivers__serial.a(uart_sam0.c.obj)
 .text.uart_sam0_irq_tx_disable
                0x00004cb4        0xa zephyr/drivers/serial/libdrivers__serial.a(uart_sam0.c.obj)
 .text.uart_sam0_irq_tx_ready
                0x00004cbe       0x14 zephyr/drivers/serial/libdrivers__serial.a(uart_sam0.c.obj)
 .text.uart_sam0_irq_tx_complete
                0x00004cd2       0x18 zephyr/drivers/serial/libdrivers__serial.a(uart_sam0.c.obj)
 .text.uart_sam0_irq_rx_enable
                0x00004cea        0xa zephyr/drivers/serial/libdrivers__serial.a(uart_sam0.c.obj)
 .text.uart_sam0_irq_rx_disable
                0x00004cf4        0xa zephyr/drivers/serial/libdrivers__serial.a(uart_sam0.c.obj)
 .text.uart_sam0_irq_rx_ready
                0x00004cfe       0x14 zephyr/drivers/serial/libdrivers__serial.a(uart_sam0.c.obj)
 .text.uart_sam0_fifo_read
                0x00004d12       0x22 zephyr/drivers/serial/libdrivers__serial.a(uart_sam0.c.obj)
 .text.uart_sam0_irq_is_pending
                0x00004d34       0x10 zephyr/drivers/serial/libdrivers__serial.a(uart_sam0.c.obj)
 .text.uart_sam0_irq_update
                0x00004d44        0xc zephyr/drivers/serial/libdrivers__serial.a(uart_sam0.c.obj)
 .text.uart_sam0_irq_callback_set
                0x00004d50        0x8 zephyr/drivers/serial/libdrivers__serial.a(uart_sam0.c.obj)
 .text.uart_sam0_config_get
                0x00004d58       0x12 zephyr/drivers/serial/libdrivers__serial.a(uart_sam0.c.obj)
 .text.uart_sam0_irq_config_0
                0x00004d6a       0x14 zephyr/drivers/serial/libdrivers__serial.a(uart_sam0.c.obj)
 .text.uart_sam0_irq_config_1
                0x00004d7e       0x14 zephyr/drivers/serial/libdrivers__serial.a(uart_sam0.c.obj)
 .text.uart_sam0_irq_config_2
                0x00004d92       0x14 zephyr/drivers/serial/libdrivers__serial.a(uart_sam0.c.obj)
 .text.do_device_init
                0x00004da6       0x32 zephyr/kernel/libkernel.a(device.c.obj)
                0x00004da6                do_device_init
 .text.z_impl_device_is_ready
                0x00004dd8       0x18 zephyr/kernel/libkernel.a(device.c.obj)
                0x00004dd8                z_impl_device_is_ready
 .text.arch_system_halt
                0x00004df0        0x8 zephyr/kernel/libkernel.a(fatal.c.obj)
                0x00004df0                arch_system_halt
 .text.idle     0x00004df8        0xe zephyr/kernel/libkernel.a(idle.c.obj)
                0x00004df8                idle
 .text.z_impl_k_sem_init
                0x00004e06       0x1a zephyr/kernel/libkernel.a(sem.c.obj)
                0x00004e06                z_impl_k_sem_init
 .text.k_is_in_isr
                0x00004e20        0xc zephyr/kernel/libkernel.a(thread.c.obj)
                0x00004e20                k_is_in_isr
 .text.z_impl_k_thread_name_set
                0x00004e2c        0x6 zephyr/kernel/libkernel.a(thread.c.obj)
                0x00004e2c                z_impl_k_thread_name_set
 .text.k_thread_name_get
                0x00004e32        0x4 zephyr/kernel/libkernel.a(thread.c.obj)
                0x00004e32                k_thread_name_get
 .text.sys_dlist_remove
                0x00004e36       0x10 zephyr/kernel/libkernel.a(sched.c.obj)
 .text.unpend_thread_no_timeout
                0x00004e46       0x16 zephyr/kernel/libkernel.a(sched.c.obj)
 .text.add_to_waitq_locked
                0x00004e5c       0x4e zephyr/kernel/libkernel.a(sched.c.obj)
 .text.z_ready_thread
                0x00004eaa       0x18 zephyr/kernel/libkernel.a(sched.c.obj)
                0x00004eaa                z_ready_thread
 .text.z_unpend_thread_no_timeout
                0x00004ec2       0x1e zephyr/kernel/libkernel.a(sched.c.obj)
                0x00004ec2                z_unpend_thread_no_timeout
 .text.z_sched_wake_thread
                0x00004ee0       0x36 zephyr/kernel/libkernel.a(sched.c.obj)
                0x00004ee0                z_sched_wake_thread
 .text.z_thread_timeout
                0x00004f16        0xc zephyr/kernel/libkernel.a(sched.c.obj)
                0x00004f16                z_thread_timeout
 .text.z_unpend1_no_timeout
                0x00004f22       0x2a zephyr/kernel/libkernel.a(sched.c.obj)
                0x00004f22                z_unpend1_no_timeout
 .text.z_impl_k_sleep
                0x00004f4c       0x38 zephyr/kernel/libkernel.a(sched.c.obj)
                0x00004f4c                z_impl_k_sleep
 .text.z_abort_timeout
                0x00004f84       0x4c zephyr/kernel/libkernel.a(timeout.c.obj)
                0x00004f84                z_abort_timeout
 .text.sys_clock_tick_get_32
                0x00004fd0        0x8 zephyr/kernel/libkernel.a(timeout.c.obj)
                0x00004fd0                sys_clock_tick_get_32
 .text.z_impl_k_uptime_ticks
                0x00004fd8        0x8 zephyr/kernel/libkernel.a(timeout.c.obj)
                0x00004fd8                z_impl_k_uptime_ticks
 .text.k_timer_init
                0x00004fe0       0x18 zephyr/kernel/libkernel.a(timer.c.obj)
                0x00004fe0                k_timer_init
 .text.z_impl_k_timer_stop
                0x00004ff8       0x32 zephyr/kernel/libkernel.a(timer.c.obj)
                0x00004ff8                z_impl_k_timer_stop
 .text.z_impl_atomic_add
                0x0000502a       0x1a zephyr/kernel/libkernel.a(atomic_c.c.obj)
                0x0000502a                z_impl_atomic_add
 .text.z_impl_atomic_sub
                0x00005044       0x1a zephyr/kernel/libkernel.a(atomic_c.c.obj)
                0x00005044                z_impl_atomic_sub
 .text.z_impl_atomic_set
                0x0000505e       0x18 zephyr/kernel/libkernel.a(atomic_c.c.obj)
                0x0000505e                z_impl_atomic_set
 .text.memcpy   0x00005076       0x12 C:/my-workspace/zephyr-app-ufsm00292/AppJaqueline/build/modules/picolibc/libc.a(memcpy.c.obj)
                0x00005076                __aeabi_memcpy
                0x00005076                __aeabi_memcpy4
                0x00005076                __aeabi_memcpy8
                0x00005076                memcpy
 .text.memset   0x00005088       0x10 C:/my-workspace/zephyr-app-ufsm00292/AppJaqueline/build/modules/picolibc/libc.a(memset.c.obj)
                0x00005088                memset
 .text.strnlen  0x00005098       0x16 C:/my-workspace/zephyr-app-ufsm00292/AppJaqueline/build/modules/picolibc/libc.a(strnlen.c.obj)
                0x00005098                strnlen
 .text.__ultoa_invert
                0x000050ae      0x12c C:/my-workspace/zephyr-app-ufsm00292/AppJaqueline/build/modules/picolibc/libc.a(vflprintf.c.obj)
 .text.__file_str_put
                0x000051da       0x10 C:/my-workspace/zephyr-app-ufsm00292/AppJaqueline/build/modules/picolibc/libc.a(filestrput.c.obj)
                0x000051da                __file_str_put
 *(SORT_BY_ALIGNMENT(.TEXT.*))
 *(SORT_BY_ALIGNMENT(.gnu.linkonce.t.*))
 *(SORT_BY_ALIGNMENT(.glue_7t))
 .glue_7t       0x000051ea        0x0 linker stubs
 *(SORT_BY_ALIGNMENT(.glue_7))
 .glue_7        0x000051ea        0x0 linker stubs
 *(SORT_BY_ALIGNMENT(.vfp11_veneer))
 .vfp11_veneer  0x000051ea        0x0 linker stubs
 *(SORT_BY_ALIGNMENT(.v4_bx))
 .v4_bx         0x000051ea        0x0 linker stubs
                0x000051ec                        . = ALIGN (0x4)
 *fill*         0x000051ea        0x2 
                0x000051ec                        __text_region_end = .

.ARM.exidx      0x000051ec        0x8
                0x000051ec                        __exidx_start = .
 *(SORT_BY_ALIGNMENT(.ARM.exidx*) SORT_BY_ALIGNMENT(gnu.linkonce.armexidx.*))
 .ARM.exidx.text.__udivmoddi4
                0x000051ec        0x8 C:/Users/Jaque/Downloads/arm-gnu-toolchain-14.3.rel1-mingw-w64-i686-arm-none-eabi/bin/../lib/gcc/arm-none-eabi/14.3.1/thumb/v6-m/nofp\libgcc.a(_udivmoddi4.o)
                0x000051f4                        __exidx_end = .
                0x000051f4                        __rodata_region_start = .

initlevel       0x000051f4       0x58
                0x000051f4                        __init_start = .
                0x000051f4                        __init_EARLY_start = .
 *(SORT_BY_NAME(SORT_BY_ALIGNMENT(.z_init_EARLY_P_?_*)))
 *(SORT_BY_NAME(SORT_BY_ALIGNMENT(.z_init_EARLY_P_??_*)))
 *(SORT_BY_NAME(SORT_BY_ALIGNMENT(.z_init_EARLY_P_???_*)))
                0x000051f4                        __init_PRE_KERNEL_1_start = .
 *(SORT_BY_NAME(SORT_BY_ALIGNMENT(.z_init_PRE_KERNEL_1_P_?_*)))
 *(SORT_BY_NAME(SORT_BY_ALIGNMENT(.z_init_PRE_KERNEL_1_P_??_*)))
 .z_init_PRE_KERNEL_1_P_40_SUB_00007_
                0x000051f4        0x8 zephyr/drivers/gpio/libdrivers__gpio.a(gpio_sam0.c.obj)
 .z_init_PRE_KERNEL_1_P_40_SUB_00012_
                0x000051fc        0x8 zephyr/drivers/gpio/libdrivers__gpio.a(gpio_sam0.c.obj)
 .z_init_PRE_KERNEL_1_P_40_SUB_00025_
                0x00005204        0x8 zephyr/drivers/interrupt_controller/libdrivers__interrupt_controller.a(intc_sam0_eic.c.obj)
 .z_init_PRE_KERNEL_1_P_50_SUB_00030_
                0x0000520c        0x8 zephyr/drivers/serial/libdrivers__serial.a(uart_sam0.c.obj)
 .z_init_PRE_KERNEL_1_P_50_SUB_00032_
                0x00005214        0x8 zephyr/drivers/serial/libdrivers__serial.a(uart_sam0.c.obj)
 .z_init_PRE_KERNEL_1_P_50_SUB_00036_
                0x0000521c        0x8 zephyr/drivers/serial/libdrivers__serial.a(uart_sam0.c.obj)
 .z_init_PRE_KERNEL_1_P_60_SUB_0_
                0x00005224        0x8 zephyr/drivers/console/libdrivers__console.a(uart_console.c.obj)
 *(SORT_BY_NAME(SORT_BY_ALIGNMENT(.z_init_PRE_KERNEL_1_P_???_*)))
                0x0000522c                        __init_PRE_KERNEL_2_start = .
 *(SORT_BY_NAME(SORT_BY_ALIGNMENT(.z_init_PRE_KERNEL_2_P_?_*)))
 .z_init_PRE_KERNEL_2_P_0_SUB_0_
                0x0000522c        0x8 zephyr/drivers/timer/libdrivers__timer.a(cortex_m_systick.c.obj)
 *(SORT_BY_NAME(SORT_BY_ALIGNMENT(.z_init_PRE_KERNEL_2_P_??_*)))
 *(SORT_BY_NAME(SORT_BY_ALIGNMENT(.z_init_PRE_KERNEL_2_P_???_*)))
                0x00005234                        __init_POST_KERNEL_start = .
 *(SORT_BY_NAME(SORT_BY_ALIGNMENT(.z_init_POST_KERNEL_P_?_*)))
 .z_init_POST_KERNEL_P_0_SUB_0_
                0x00005234        0x8 zephyr/libzephyr.a(log_core.c.obj)
 *(SORT_BY_NAME(SORT_BY_ALIGNMENT(.z_init_POST_KERNEL_P_??_*)))
 .z_init_POST_KERNEL_P_35_SUB_0_
                0x0000523c        0x8 zephyr/lib/libc/common/liblib__libc__common.a(malloc.c.obj)
 .z_init_POST_KERNEL_P_50_SUB_00034_
                0x00005244        0x8 zephyr/drivers/i2c/libdrivers__i2c.a(i2c_sam0.c.obj)
 *(SORT_BY_NAME(SORT_BY_ALIGNMENT(.z_init_POST_KERNEL_P_???_*)))
                0x0000524c                        __init_APPLICATION_start = .
 *(SORT_BY_NAME(SORT_BY_ALIGNMENT(.z_init_APPLICATION_P_?_*)))
 *(SORT_BY_NAME(SORT_BY_ALIGNMENT(.z_init_APPLICATION_P_??_*)))
 *(SORT_BY_NAME(SORT_BY_ALIGNMENT(.z_init_APPLICATION_P_???_*)))
                0x0000524c                        __init_SMP_start = .
 *(SORT_BY_NAME(SORT_BY_ALIGNMENT(.z_init_SMP_P_?_*)))
 *(SORT_BY_NAME(SORT_BY_ALIGNMENT(.z_init_SMP_P_??_*)))
 *(SORT_BY_NAME(SORT_BY_ALIGNMENT(.z_init_SMP_P_???_*)))
                0x0000524c                        __init_end = .

device_area     0x0000524c       0xe0
                0x0000524c                        _device_list_start = .
 *(SORT_BY_NAME(SORT_BY_ALIGNMENT(._device.static.*_?_*)))
 *(SORT_BY_NAME(SORT_BY_ALIGNMENT(._device.static.*_??_*)))
 ._device.static.1_40_
                0x0000524c       0x20 zephyr/drivers/interrupt_controller/libdrivers__interrupt_controller.a(intc_sam0_eic.c.obj)
                0x0000524c                __device_dts_ord_25
 ._device.static.1_40_
                0x0000526c       0x40 zephyr/drivers/gpio/libdrivers__gpio.a(gpio_sam0.c.obj)
                0x0000526c                __device_dts_ord_12
                0x0000528c                __device_dts_ord_7
 ._device.static.1_50_
                0x000052ac       0x60 zephyr/drivers/serial/libdrivers__serial.a(uart_sam0.c.obj)
                0x000052ac                __device_dts_ord_36
                0x000052cc                __device_dts_ord_32
                0x000052ec                __device_dts_ord_30
 ._device.static.3_50_
                0x0000530c       0x20 zephyr/drivers/i2c/libdrivers__i2c.a(i2c_sam0.c.obj)
                0x0000530c                __device_dts_ord_34
 *(SORT_BY_NAME(SORT_BY_ALIGNMENT(._device.static.*_???_*)))
 *(SORT_BY_NAME(SORT_BY_ALIGNMENT(._device.static.*_????_*)))
 *(SORT_BY_NAME(SORT_BY_ALIGNMENT(._device.static.*_?????_*)))
                0x0000532c                        _device_list_end = .

sw_isr_table    0x0000532c       0xe0
                0x0000532c                        . = ALIGN (0x4)
 *(SORT_BY_ALIGNMENT(.gnu.linkonce.sw_isr_table*))
 .gnu.linkonce.sw_isr_table
                0x0000532c       0xe0 zephyr/arch/common/libisr_tables.a(isr_tables.c.obj)
                0x0000532c                _sw_isr_table

initlevel_error
 *(SORT_BY_NAME(SORT_BY_ALIGNMENT(.z_init_*)))
                0x00000001                        ASSERT ((SIZEOF (initlevel_error) == 0x0), Undefined initialization levels used.)

app_shmem_regions
                0x0000540c        0x0
                0x0000540c                        __app_shmem_regions_start = .
 *(SORT_BY_NAME(SORT_BY_ALIGNMENT(.app_regions.*)))
                0x0000540c                        __app_shmem_regions_end = .

k_p4wq_initparam_area
                0x0000540c        0x0
                0x0000540c                        _k_p4wq_initparam_list_start = .
 *(SORT_BY_NAME(SORT_BY_ALIGNMENT(._k_p4wq_initparam.static.*)))
                0x0000540c                        _k_p4wq_initparam_list_end = .

_static_thread_data_area
                0x0000540c        0x0
                0x0000540c                        __static_thread_data_list_start = .
 *(SORT_BY_NAME(SORT_BY_ALIGNMENT(.__static_thread_data.static.*)))
                0x0000540c                        __static_thread_data_list_end = .

device_deps     0x0000540c        0x0
                0x0000540c                        __device_deps_start = .
 *(SORT_BY_NAME(SORT_BY_ALIGNMENT(.__device_deps_pass2*)))
                0x0000540c                        __device_deps_end = .

gpio_driver_api_area
                0x0000540c       0x24
                0x0000540c                        _gpio_driver_api_list_start = .
 *(SORT_BY_NAME(SORT_BY_ALIGNMENT(._gpio_driver_api.static.*)))
 ._gpio_driver_api.static.gpio_sam0_api_
                0x0000540c       0x24 zephyr/drivers/gpio/libdrivers__gpio.a(gpio_sam0.c.obj)
                0x00005430                        _gpio_driver_api_list_end = .

i2c_driver_api_area
                0x00005430       0x18
                0x00005430                        _i2c_driver_api_list_start = .
 *(SORT_BY_NAME(SORT_BY_ALIGNMENT(._i2c_driver_api.static.*)))
 ._i2c_driver_api.static.i2c_sam0_driver_api_
                0x00005430       0x18 zephyr/drivers/i2c/libdrivers__i2c.a(i2c_sam0.c.obj)
                0x00005448                        _i2c_driver_api_list_end = .

i2c_target_driver_api_area
                0x00005448        0x0
                0x00005448                        _i2c_target_driver_api_list_start = .
 *(SORT_BY_NAME(SORT_BY_ALIGNMENT(._i2c_target_driver_api.static.*)))
                0x00005448                        _i2c_target_driver_api_list_end = .

sensor_driver_api_area
                0x00005448        0x0
                0x00005448                        _sensor_driver_api_list_start = .
 *(SORT_BY_NAME(SORT_BY_ALIGNMENT(._sensor_driver_api.static.*)))
                0x00005448                        _sensor_driver_api_list_end = .

shared_irq_driver_api_area
                0x00005448        0x0
                0x00005448                        _shared_irq_driver_api_list_start = .
 *(SORT_BY_NAME(SORT_BY_ALIGNMENT(._shared_irq_driver_api.static.*)))
                0x00005448                        _shared_irq_driver_api_list_end = .

crypto_driver_api_area
                0x00005448        0x0
                0x00005448                        _crypto_driver_api_list_start = .
 *(SORT_BY_NAME(SORT_BY_ALIGNMENT(._crypto_driver_api.static.*)))
                0x00005448                        _crypto_driver_api_list_end = .

adc_driver_api_area
                0x00005448        0x0
                0x00005448                        _adc_driver_api_list_start = .
 *(SORT_BY_NAME(SORT_BY_ALIGNMENT(._adc_driver_api.static.*)))
                0x00005448                        _adc_driver_api_list_end = .

auxdisplay_driver_api_area
                0x00005448        0x0
                0x00005448                        _auxdisplay_driver_api_list_start = .
 *(SORT_BY_NAME(SORT_BY_ALIGNMENT(._auxdisplay_driver_api.static.*)))
                0x00005448                        _auxdisplay_driver_api_list_end = .

bbram_driver_api_area
                0x00005448        0x0
                0x00005448                        _bbram_driver_api_list_start = .
 *(SORT_BY_NAME(SORT_BY_ALIGNMENT(._bbram_driver_api.static.*)))
                0x00005448                        _bbram_driver_api_list_end = .

bt_hci_driver_api_area
                0x00005448        0x0
                0x00005448                        _bt_hci_driver_api_list_start = .
 *(SORT_BY_NAME(SORT_BY_ALIGNMENT(._bt_hci_driver_api.static.*)))
                0x00005448                        _bt_hci_driver_api_list_end = .

can_driver_api_area
                0x00005448        0x0
                0x00005448                        _can_driver_api_list_start = .
 *(SORT_BY_NAME(SORT_BY_ALIGNMENT(._can_driver_api.static.*)))
                0x00005448                        _can_driver_api_list_end = .

cellular_driver_api_area
                0x00005448        0x0
                0x00005448                        _cellular_driver_api_list_start = .
 *(SORT_BY_NAME(SORT_BY_ALIGNMENT(._cellular_driver_api.static.*)))
                0x00005448                        _cellular_driver_api_list_end = .

charger_driver_api_area
                0x00005448        0x0
                0x00005448                        _charger_driver_api_list_start = .
 *(SORT_BY_NAME(SORT_BY_ALIGNMENT(._charger_driver_api.static.*)))
                0x00005448                        _charger_driver_api_list_end = .

clock_control_driver_api_area
                0x00005448        0x0
                0x00005448                        _clock_control_driver_api_list_start = .
 *(SORT_BY_NAME(SORT_BY_ALIGNMENT(._clock_control_driver_api.static.*)))
                0x00005448                        _clock_control_driver_api_list_end = .

comparator_driver_api_area
                0x00005448        0x0
                0x00005448                        _comparator_driver_api_list_start = .
 *(SORT_BY_NAME(SORT_BY_ALIGNMENT(._comparator_driver_api.static.*)))
                0x00005448                        _comparator_driver_api_list_end = .

coredump_driver_api_area
                0x00005448        0x0
                0x00005448                        _coredump_driver_api_list_start = .
 *(SORT_BY_NAME(SORT_BY_ALIGNMENT(._coredump_driver_api.static.*)))
                0x00005448                        _coredump_driver_api_list_end = .

counter_driver_api_area
                0x00005448        0x0
                0x00005448                        _counter_driver_api_list_start = .
 *(SORT_BY_NAME(SORT_BY_ALIGNMENT(._counter_driver_api.static.*)))
                0x00005448                        _counter_driver_api_list_end = .

crc_driver_api_area
                0x00005448        0x0
                0x00005448                        _crc_driver_api_list_start = .
 *(SORT_BY_NAME(SORT_BY_ALIGNMENT(._crc_driver_api.static.*)))
                0x00005448                        _crc_driver_api_list_end = .

dac_driver_api_area
                0x00005448        0x0
                0x00005448                        _dac_driver_api_list_start = .
 *(SORT_BY_NAME(SORT_BY_ALIGNMENT(._dac_driver_api.static.*)))
                0x00005448                        _dac_driver_api_list_end = .

dai_driver_api_area
                0x00005448        0x0
                0x00005448                        _dai_driver_api_list_start = .
 *(SORT_BY_NAME(SORT_BY_ALIGNMENT(._dai_driver_api.static.*)))
                0x00005448                        _dai_driver_api_list_end = .

display_driver_api_area
                0x00005448        0x0
                0x00005448                        _display_driver_api_list_start = .
 *(SORT_BY_NAME(SORT_BY_ALIGNMENT(._display_driver_api.static.*)))
                0x00005448                        _display_driver_api_list_end = .

dma_driver_api_area
                0x00005448        0x0
                0x00005448                        _dma_driver_api_list_start = .
 *(SORT_BY_NAME(SORT_BY_ALIGNMENT(._dma_driver_api.static.*)))
                0x00005448                        _dma_driver_api_list_end = .

edac_driver_api_area
                0x00005448        0x0
                0x00005448                        _edac_driver_api_list_start = .
 *(SORT_BY_NAME(SORT_BY_ALIGNMENT(._edac_driver_api.static.*)))
                0x00005448                        _edac_driver_api_list_end = .

eeprom_driver_api_area
                0x00005448        0x0
                0x00005448                        _eeprom_driver_api_list_start = .
 *(SORT_BY_NAME(SORT_BY_ALIGNMENT(._eeprom_driver_api.static.*)))
                0x00005448                        _eeprom_driver_api_list_end = .

emul_bbram_driver_api_area
                0x00005448        0x0
                0x00005448                        _emul_bbram_driver_api_list_start = .
 *(SORT_BY_NAME(SORT_BY_ALIGNMENT(._emul_bbram_driver_api.static.*)))
                0x00005448                        _emul_bbram_driver_api_list_end = .

fuel_gauge_emul_driver_api_area
                0x00005448        0x0
                0x00005448                        _fuel_gauge_emul_driver_api_list_start = .
 *(SORT_BY_NAME(SORT_BY_ALIGNMENT(._fuel_gauge_emul_driver_api.static.*)))
                0x00005448                        _fuel_gauge_emul_driver_api_list_end = .

emul_sensor_driver_api_area
                0x00005448        0x0
                0x00005448                        _emul_sensor_driver_api_list_start = .
 *(SORT_BY_NAME(SORT_BY_ALIGNMENT(._emul_sensor_driver_api.static.*)))
                0x00005448                        _emul_sensor_driver_api_list_end = .

entropy_driver_api_area
                0x00005448        0x0
                0x00005448                        _entropy_driver_api_list_start = .
 *(SORT_BY_NAME(SORT_BY_ALIGNMENT(._entropy_driver_api.static.*)))
                0x00005448                        _entropy_driver_api_list_end = .

espi_driver_api_area
                0x00005448        0x0
                0x00005448                        _espi_driver_api_list_start = .
 *(SORT_BY_NAME(SORT_BY_ALIGNMENT(._espi_driver_api.static.*)))
                0x00005448                        _espi_driver_api_list_end = .

espi_saf_driver_api_area
                0x00005448        0x0
                0x00005448                        _espi_saf_driver_api_list_start = .
 *(SORT_BY_NAME(SORT_BY_ALIGNMENT(._espi_saf_driver_api.static.*)))
                0x00005448                        _espi_saf_driver_api_list_end = .

flash_driver_api_area
                0x00005448        0x0
                0x00005448                        _flash_driver_api_list_start = .
 *(SORT_BY_NAME(SORT_BY_ALIGNMENT(._flash_driver_api.static.*)))
                0x00005448                        _flash_driver_api_list_end = .

fpga_driver_api_area
                0x00005448        0x0
                0x00005448                        _fpga_driver_api_list_start = .
 *(SORT_BY_NAME(SORT_BY_ALIGNMENT(._fpga_driver_api.static.*)))
                0x00005448                        _fpga_driver_api_list_end = .

fuel_gauge_driver_api_area
                0x00005448        0x0
                0x00005448                        _fuel_gauge_driver_api_list_start = .
 *(SORT_BY_NAME(SORT_BY_ALIGNMENT(._fuel_gauge_driver_api.static.*)))
                0x00005448                        _fuel_gauge_driver_api_list_end = .

gnss_driver_api_area
                0x00005448        0x0
                0x00005448                        _gnss_driver_api_list_start = .
 *(SORT_BY_NAME(SORT_BY_ALIGNMENT(._gnss_driver_api.static.*)))
                0x00005448                        _gnss_driver_api_list_end = .

haptics_driver_api_area
                0x00005448        0x0
                0x00005448                        _haptics_driver_api_list_start = .
 *(SORT_BY_NAME(SORT_BY_ALIGNMENT(._haptics_driver_api.static.*)))
                0x00005448                        _haptics_driver_api_list_end = .

hwspinlock_driver_api_area
                0x00005448        0x0
                0x00005448                        _hwspinlock_driver_api_list_start = .
 *(SORT_BY_NAME(SORT_BY_ALIGNMENT(._hwspinlock_driver_api.static.*)))
                0x00005448                        _hwspinlock_driver_api_list_end = .

i2s_driver_api_area
                0x00005448        0x0
                0x00005448                        _i2s_driver_api_list_start = .
 *(SORT_BY_NAME(SORT_BY_ALIGNMENT(._i2s_driver_api.static.*)))
                0x00005448                        _i2s_driver_api_list_end = .

i3c_driver_api_area
                0x00005448        0x0
                0x00005448                        _i3c_driver_api_list_start = .
 *(SORT_BY_NAME(SORT_BY_ALIGNMENT(._i3c_driver_api.static.*)))
                0x00005448                        _i3c_driver_api_list_end = .

ipm_driver_api_area
                0x00005448        0x0
                0x00005448                        _ipm_driver_api_list_start = .
 *(SORT_BY_NAME(SORT_BY_ALIGNMENT(._ipm_driver_api.static.*)))
                0x00005448                        _ipm_driver_api_list_end = .

led_driver_api_area
                0x00005448        0x0
                0x00005448                        _led_driver_api_list_start = .
 *(SORT_BY_NAME(SORT_BY_ALIGNMENT(._led_driver_api.static.*)))
                0x00005448                        _led_driver_api_list_end = .

led_strip_driver_api_area
                0x00005448        0x0
                0x00005448                        _led_strip_driver_api_list_start = .
 *(SORT_BY_NAME(SORT_BY_ALIGNMENT(._led_strip_driver_api.static.*)))
                0x00005448                        _led_strip_driver_api_list_end = .

lora_driver_api_area
                0x00005448        0x0
                0x00005448                        _lora_driver_api_list_start = .
 *(SORT_BY_NAME(SORT_BY_ALIGNMENT(._lora_driver_api.static.*)))
                0x00005448                        _lora_driver_api_list_end = .

mbox_driver_api_area
                0x00005448        0x0
                0x00005448                        _mbox_driver_api_list_start = .
 *(SORT_BY_NAME(SORT_BY_ALIGNMENT(._mbox_driver_api.static.*)))
                0x00005448                        _mbox_driver_api_list_end = .

mdio_driver_api_area
                0x00005448        0x0
                0x00005448                        _mdio_driver_api_list_start = .
 *(SORT_BY_NAME(SORT_BY_ALIGNMENT(._mdio_driver_api.static.*)))
                0x00005448                        _mdio_driver_api_list_end = .

mipi_dbi_driver_api_area
                0x00005448        0x0
                0x00005448                        _mipi_dbi_driver_api_list_start = .
 *(SORT_BY_NAME(SORT_BY_ALIGNMENT(._mipi_dbi_driver_api.static.*)))
                0x00005448                        _mipi_dbi_driver_api_list_end = .

mipi_dsi_driver_api_area
                0x00005448        0x0
                0x00005448                        _mipi_dsi_driver_api_list_start = .
 *(SORT_BY_NAME(SORT_BY_ALIGNMENT(._mipi_dsi_driver_api.static.*)))
                0x00005448                        _mipi_dsi_driver_api_list_end = .

mspi_driver_api_area
                0x00005448        0x0
                0x00005448                        _mspi_driver_api_list_start = .
 *(SORT_BY_NAME(SORT_BY_ALIGNMENT(._mspi_driver_api.static.*)))
                0x00005448                        _mspi_driver_api_list_end = .

opamp_driver_api_area
                0x00005448        0x0
                0x00005448                        _opamp_driver_api_list_start = .
 *(SORT_BY_NAME(SORT_BY_ALIGNMENT(._opamp_driver_api.static.*)))
                0x00005448                        _opamp_driver_api_list_end = .

peci_driver_api_area
                0x00005448        0x0
                0x00005448                        _peci_driver_api_list_start = .
 *(SORT_BY_NAME(SORT_BY_ALIGNMENT(._peci_driver_api.static.*)))
                0x00005448                        _peci_driver_api_list_end = .

ps2_driver_api_area
                0x00005448        0x0
                0x00005448                        _ps2_driver_api_list_start = .
 *(SORT_BY_NAME(SORT_BY_ALIGNMENT(._ps2_driver_api.static.*)))
                0x00005448                        _ps2_driver_api_list_end = .

ptp_clock_driver_api_area
                0x00005448        0x0
                0x00005448                        _ptp_clock_driver_api_list_start = .
 *(SORT_BY_NAME(SORT_BY_ALIGNMENT(._ptp_clock_driver_api.static.*)))
                0x00005448                        _ptp_clock_driver_api_list_end = .

pwm_driver_api_area
                0x00005448        0x0
                0x00005448                        _pwm_driver_api_list_start = .
 *(SORT_BY_NAME(SORT_BY_ALIGNMENT(._pwm_driver_api.static.*)))
                0x00005448                        _pwm_driver_api_list_end = .

regulator_parent_driver_api_area
                0x00005448        0x0
                0x00005448                        _regulator_parent_driver_api_list_start = .
 *(SORT_BY_NAME(SORT_BY_ALIGNMENT(._regulator_parent_driver_api.static.*)))
                0x00005448                        _regulator_parent_driver_api_list_end = .

regulator_driver_api_area
                0x00005448        0x0
                0x00005448                        _regulator_driver_api_list_start = .
 *(SORT_BY_NAME(SORT_BY_ALIGNMENT(._regulator_driver_api.static.*)))
                0x00005448                        _regulator_driver_api_list_end = .

reset_driver_api_area
                0x00005448        0x0
                0x00005448                        _reset_driver_api_list_start = .
 *(SORT_BY_NAME(SORT_BY_ALIGNMENT(._reset_driver_api.static.*)))
                0x00005448                        _reset_driver_api_list_end = .

retained_mem_driver_api_area
                0x00005448        0x0
                0x00005448                        _retained_mem_driver_api_list_start = .
 *(SORT_BY_NAME(SORT_BY_ALIGNMENT(._retained_mem_driver_api.static.*)))
                0x00005448                        _retained_mem_driver_api_list_end = .

rtc_driver_api_area
                0x00005448        0x0
                0x00005448                        _rtc_driver_api_list_start = .
 *(SORT_BY_NAME(SORT_BY_ALIGNMENT(._rtc_driver_api.static.*)))
                0x00005448                        _rtc_driver_api_list_end = .

sdhc_driver_api_area
                0x00005448        0x0
                0x00005448                        _sdhc_driver_api_list_start = .
 *(SORT_BY_NAME(SORT_BY_ALIGNMENT(._sdhc_driver_api.static.*)))
                0x00005448                        _sdhc_driver_api_list_end = .

smbus_driver_api_area
                0x00005448        0x0
                0x00005448                        _smbus_driver_api_list_start = .
 *(SORT_BY_NAME(SORT_BY_ALIGNMENT(._smbus_driver_api.static.*)))
                0x00005448                        _smbus_driver_api_list_end = .

spi_driver_api_area
                0x00005448        0x0
                0x00005448                        _spi_driver_api_list_start = .
 *(SORT_BY_NAME(SORT_BY_ALIGNMENT(._spi_driver_api.static.*)))
                0x00005448                        _spi_driver_api_list_end = .

stepper_driver_api_area
                0x00005448        0x0
                0x00005448                        _stepper_driver_api_list_start = .
 *(SORT_BY_NAME(SORT_BY_ALIGNMENT(._stepper_driver_api.static.*)))
                0x00005448                        _stepper_driver_api_list_end = .

syscon_driver_api_area
                0x00005448        0x0
                0x00005448                        _syscon_driver_api_list_start = .
 *(SORT_BY_NAME(SORT_BY_ALIGNMENT(._syscon_driver_api.static.*)))
                0x00005448                        _syscon_driver_api_list_end = .

tee_driver_api_area
                0x00005448        0x0
                0x00005448                        _tee_driver_api_list_start = .
 *(SORT_BY_NAME(SORT_BY_ALIGNMENT(._tee_driver_api.static.*)))
                0x00005448                        _tee_driver_api_list_end = .

video_driver_api_area
                0x00005448        0x0
                0x00005448                        _video_driver_api_list_start = .
 *(SORT_BY_NAME(SORT_BY_ALIGNMENT(._video_driver_api.static.*)))
                0x00005448                        _video_driver_api_list_end = .

virtio_driver_api_area
                0x00005448        0x0
                0x00005448                        _virtio_driver_api_list_start = .
 *(SORT_BY_NAME(SORT_BY_ALIGNMENT(._virtio_driver_api.static.*)))
                0x00005448                        _virtio_driver_api_list_end = .

w1_driver_api_area
                0x00005448        0x0
                0x00005448                        _w1_driver_api_list_start = .
 *(SORT_BY_NAME(SORT_BY_ALIGNMENT(._w1_driver_api.static.*)))
                0x00005448                        _w1_driver_api_list_end = .

wdt_driver_api_area
                0x00005448        0x0
                0x00005448                        _wdt_driver_api_list_start = .
 *(SORT_BY_NAME(SORT_BY_ALIGNMENT(._wdt_driver_api.static.*)))
                0x00005448                        _wdt_driver_api_list_end = .

can_transceiver_driver_api_area
                0x00005448        0x0
                0x00005448                        _can_transceiver_driver_api_list_start = .
 *(SORT_BY_NAME(SORT_BY_ALIGNMENT(._can_transceiver_driver_api.static.*)))
                0x00005448                        _can_transceiver_driver_api_list_end = .

nrf_clock_control_driver_api_area
                0x00005448        0x0
                0x00005448                        _nrf_clock_control_driver_api_list_start = .
 *(SORT_BY_NAME(SORT_BY_ALIGNMENT(._nrf_clock_control_driver_api.static.*)))
                0x00005448                        _nrf_clock_control_driver_api_list_end = .

i3c_target_driver_api_area
                0x00005448        0x0
                0x00005448                        _i3c_target_driver_api_list_start = .
 *(SORT_BY_NAME(SORT_BY_ALIGNMENT(._i3c_target_driver_api.static.*)))
                0x00005448                        _i3c_target_driver_api_list_end = .

its_driver_api_area
                0x00005448        0x0
                0x00005448                        _its_driver_api_list_start = .
 *(SORT_BY_NAME(SORT_BY_ALIGNMENT(._its_driver_api.static.*)))
                0x00005448                        _its_driver_api_list_end = .

vtd_driver_api_area
                0x00005448        0x0
                0x00005448                        _vtd_driver_api_list_start = .
 *(SORT_BY_NAME(SORT_BY_ALIGNMENT(._vtd_driver_api.static.*)))
                0x00005448                        _vtd_driver_api_list_end = .

renesas_elc_driver_api_area
                0x00005448        0x0
                0x00005448                        _renesas_elc_driver_api_list_start = .
 *(SORT_BY_NAME(SORT_BY_ALIGNMENT(._renesas_elc_driver_api.static.*)))
                0x00005448                        _renesas_elc_driver_api_list_end = .

tgpio_driver_api_area
                0x00005448        0x0
                0x00005448                        _tgpio_driver_api_list_start = .
 *(SORT_BY_NAME(SORT_BY_ALIGNMENT(._tgpio_driver_api.static.*)))
                0x00005448                        _tgpio_driver_api_list_end = .

pcie_ctrl_driver_api_area
                0x00005448        0x0
                0x00005448                        _pcie_ctrl_driver_api_list_start = .
 *(SORT_BY_NAME(SORT_BY_ALIGNMENT(._pcie_ctrl_driver_api.static.*)))
                0x00005448                        _pcie_ctrl_driver_api_list_end = .

pcie_ep_driver_api_area
                0x00005448        0x0
                0x00005448                        _pcie_ep_driver_api_list_start = .
 *(SORT_BY_NAME(SORT_BY_ALIGNMENT(._pcie_ep_driver_api.static.*)))
                0x00005448                        _pcie_ep_driver_api_list_end = .

psi5_driver_api_area
                0x00005448        0x0
                0x00005448                        _psi5_driver_api_list_start = .
 *(SORT_BY_NAME(SORT_BY_ALIGNMENT(._psi5_driver_api.static.*)))
                0x00005448                        _psi5_driver_api_list_end = .

sent_driver_api_area
                0x00005448        0x0
                0x00005448                        _sent_driver_api_list_start = .
 *(SORT_BY_NAME(SORT_BY_ALIGNMENT(._sent_driver_api.static.*)))
                0x00005448                        _sent_driver_api_list_end = .

svc_driver_api_area
                0x00005448        0x0
                0x00005448                        _svc_driver_api_list_start = .
 *(SORT_BY_NAME(SORT_BY_ALIGNMENT(._svc_driver_api.static.*)))
                0x00005448                        _svc_driver_api_list_end = .

uart_driver_api_area
                0x00005448       0x4c
                0x00005448                        _uart_driver_api_list_start = .
 *(SORT_BY_NAME(SORT_BY_ALIGNMENT(._uart_driver_api.static.*)))
 ._uart_driver_api.static.uart_sam0_driver_api_
                0x00005448       0x4c zephyr/drivers/serial/libdrivers__serial.a(uart_sam0.c.obj)
                0x00005494                        _uart_driver_api_list_end = .

bc12_emul_driver_api_area
                0x00005494        0x0
                0x00005494                        _bc12_emul_driver_api_list_start = .
 *(SORT_BY_NAME(SORT_BY_ALIGNMENT(._bc12_emul_driver_api.static.*)))
                0x00005494                        _bc12_emul_driver_api_list_end = .

bc12_driver_api_area
                0x00005494        0x0
                0x00005494                        _bc12_driver_api_list_start = .
 *(SORT_BY_NAME(SORT_BY_ALIGNMENT(._bc12_driver_api.static.*)))
                0x00005494                        _bc12_driver_api_list_end = .

usbc_ppc_driver_api_area
                0x00005494        0x0
                0x00005494                        _usbc_ppc_driver_api_list_start = .
 *(SORT_BY_NAME(SORT_BY_ALIGNMENT(._usbc_ppc_driver_api.static.*)))
                0x00005494                        _usbc_ppc_driver_api_list_end = .

tcpc_driver_api_area
                0x00005494        0x0
                0x00005494                        _tcpc_driver_api_list_start = .
 *(SORT_BY_NAME(SORT_BY_ALIGNMENT(._tcpc_driver_api.static.*)))
                0x00005494                        _tcpc_driver_api_list_end = .

usbc_vbus_driver_api_area
                0x00005494        0x0
                0x00005494                        _usbc_vbus_driver_api_list_start = .
 *(SORT_BY_NAME(SORT_BY_ALIGNMENT(._usbc_vbus_driver_api.static.*)))
                0x00005494                        _usbc_vbus_driver_api_list_end = .

ivshmem_driver_api_area
                0x00005494        0x0
                0x00005494                        _ivshmem_driver_api_list_start = .
 *(SORT_BY_NAME(SORT_BY_ALIGNMENT(._ivshmem_driver_api.static.*)))
                0x00005494                        _ivshmem_driver_api_list_end = .

ethphy_driver_api_area
                0x00005494        0x0
                0x00005494                        _ethphy_driver_api_list_start = .
 *(SORT_BY_NAME(SORT_BY_ALIGNMENT(._ethphy_driver_api.static.*)))
                0x00005494                        _ethphy_driver_api_list_end = .

ztest           0x00005494        0x0
                0x00005494                        _ztest_expected_result_entry_list_start = .
 *(SORT_BY_NAME(SORT_BY_ALIGNMENT(._ztest_expected_result_entry.static.*)))
                0x00005494                        _ztest_expected_result_entry_list_end = .
                0x00005494                        _ztest_suite_node_list_start = .
 *(SORT_BY_NAME(SORT_BY_ALIGNMENT(._ztest_suite_node.static.*)))
                0x00005494                        _ztest_suite_node_list_end = .
                0x00005494                        _ztest_unit_test_list_start = .
 *(SORT_BY_NAME(SORT_BY_ALIGNMENT(._ztest_unit_test.static.*)))
                0x00005494                        _ztest_unit_test_list_end = .
                0x00005494                        _ztest_test_rule_list_start = .
 *(SORT_BY_NAME(SORT_BY_ALIGNMENT(._ztest_test_rule.static.*)))
                0x00005494                        _ztest_test_rule_list_end = .

init_array      0x00005494        0x0
                0x00005494                        __zephyr_init_array_start = .
 *(SORT_BY_INIT_PRIORITY(.init_array.*) SORT_BY_INIT_PRIORITY(.ctors.*))
 *(SORT_BY_ALIGNMENT(.init_array) SORT_BY_ALIGNMENT(.ctors))
                0x00005494                        __zephyr_init_array_end = .
                0x00000001                        ASSERT ((__zephyr_init_array_start == __zephyr_init_array_end), GNU-style constructors required but STATIC_INIT_GNU not enabled)

bt_l2cap_fixed_chan_area
                0x00005494        0x0
                0x00005494                        _bt_l2cap_fixed_chan_list_start = .
 *(SORT_BY_NAME(SORT_BY_ALIGNMENT(._bt_l2cap_fixed_chan.static.*)))
                0x00005494                        _bt_l2cap_fixed_chan_list_end = .

bt_gatt_service_static_area
                0x00005494        0x0
                0x00005494                        _bt_gatt_service_static_list_start = .
 *(SORT_BY_NAME(SORT_BY_ALIGNMENT(._bt_gatt_service_static.static.*)))
                0x00005494                        _bt_gatt_service_static_list_end = .

log_strings_area
                0x00005494        0x0
                0x00005494                        _log_strings_list_start = .
 *(SORT_BY_NAME(SORT_BY_ALIGNMENT(._log_strings.static.*)))
                0x00005494                        _log_strings_list_end = .

log_stmesp_ptr_area
                0x00005494        0x0
                0x00005494                        _log_stmesp_ptr_list_start = .
 *(SORT_BY_NAME(SORT_BY_ALIGNMENT(._log_stmesp_ptr.static.*)))
                0x00005494                        _log_stmesp_ptr_list_end = .

log_stmesp_str_area
                0x00005494        0x0
                0x00005494                        _log_stmesp_str_list_start = .
 *(SORT_BY_NAME(SORT_BY_ALIGNMENT(._log_stmesp_str.static.*)))
                0x00005494                        _log_stmesp_str_list_end = .

log_const_area  0x00005494       0x40
                0x00005494                        _log_const_list_start = .
 *(SORT_BY_NAME(SORT_BY_ALIGNMENT(._log_const.static.*)))
 ._log_const.static.log_const_cbprintf_package_
                0x00005494        0x8 zephyr/libzephyr.a(cbprintf_packaged.c.obj)
                0x00005494                log_const_cbprintf_package
 ._log_const.static.log_const_getopt_
                0x0000549c        0x8 zephyr/lib/posix/c_lib_ext/liblib__posix__c_lib_ext.a(getopt.c.obj)
                0x0000549c                log_const_getopt
 ._log_const.static.log_const_i2c_
                0x000054a4        0x8 zephyr/drivers/i2c/libdrivers__i2c.a(i2c_common.c.obj)
                0x000054a4                log_const_i2c
 ._log_const.static.log_const_i2c_sam0_
                0x000054ac        0x8 zephyr/drivers/i2c/libdrivers__i2c.a(i2c_sam0.c.obj)
                0x000054ac                log_const_i2c_sam0
 ._log_const.static.log_const_log_
                0x000054b4        0x8 zephyr/libzephyr.a(log_core.c.obj)
                0x000054b4                log_const_log
 ._log_const.static.log_const_log_mgmt_
                0x000054bc        0x8 zephyr/libzephyr.a(log_mgmt.c.obj)
                0x000054bc                log_const_log_mgmt
 ._log_const.static.log_const_log_uart_
                0x000054c4        0x8 zephyr/libzephyr.a(log_backend_uart.c.obj)
                0x000054c4                log_const_log_uart
 ._log_const.static.log_const_os_
                0x000054cc        0x8 zephyr/kernel/libkernel.a(init.c.obj)
                0x000054cc                log_const_os
                0x000054d4                        _log_const_list_end = .

log_backend_area
                0x000054d4       0x10
                0x000054d4                        _log_backend_list_start = .
 *(SORT_BY_NAME(SORT_BY_ALIGNMENT(._log_backend.static.*)))
 ._log_backend.static.log_backend_uart_
                0x000054d4       0x10 zephyr/libzephyr.a(log_backend_uart.c.obj)
                0x000054e4                        _log_backend_list_end = .

log_link_area   0x000054e4        0x0
                0x000054e4                        _log_link_list_start = .
 *(SORT_BY_NAME(SORT_BY_ALIGNMENT(._log_link.static.*)))
                0x000054e4                        _log_link_list_end = .

tracing_backend_area
                0x000054e4        0x0
                0x000054e4                        _tracing_backend_list_start = .
 *(SORT_BY_NAME(SORT_BY_ALIGNMENT(._tracing_backend.static.*)))
                0x000054e4                        _tracing_backend_list_end = .

zephyr_dbg_info
 *(SORT_BY_ALIGNMENT(.dbg_thread_info))

intc_table_area
                0x000054e4        0x0
                0x000054e4                        _intc_table_list_start = .
 *(SORT_BY_NAME(SORT_BY_ALIGNMENT(._intc_table.static.*)))
                0x000054e4                        _intc_table_list_end = .

symbol_to_keep  0x000054e4        0x0
                0x000054e4                        __symbol_to_keep_start = .
 *(SORT_BY_NAME(SORT_BY_ALIGNMENT(.symbol_to_keep*)))
                0x000054e4                        __symbol_to_keep_end = .

shell_area      0x000054e4        0x0
                0x000054e4                        _shell_list_start = .
 *(SORT_BY_NAME(SORT_BY_ALIGNMENT(._shell.static.*)))
                0x000054e4                        _shell_list_end = .

shell_root_cmds_area
                0x000054e4        0x0
                0x000054e4                        _shell_root_cmds_list_start = .
 *(SORT_BY_NAME(SORT_BY_ALIGNMENT(._shell_root_cmds.static.*)))
                0x000054e4                        _shell_root_cmds_list_end = .

shell_subcmds_area
                0x000054e4        0x0
                0x000054e4                        _shell_subcmds_list_start = .
 *(SORT_BY_NAME(SORT_BY_ALIGNMENT(._shell_subcmds.static.*)))
                0x000054e4                        _shell_subcmds_list_end = .

shell_dynamic_subcmds_area
                0x000054e4        0x0
                0x000054e4                        _shell_dynamic_subcmds_list_start = .
 *(SORT_BY_NAME(SORT_BY_ALIGNMENT(._shell_dynamic_subcmds.static.*)))
                0x000054e4                        _shell_dynamic_subcmds_list_end = .

cfb_font_area   0x000054e4        0x0
                0x000054e4                        _cfb_font_list_start = .
 *(SORT_BY_NAME(SORT_BY_ALIGNMENT(._cfb_font.static.*)))
                0x000054e4                        _cfb_font_list_end = .

rodata          0x000054e4      0x798
 *(SORT_BY_ALIGNMENT(.rodata))
 *(SORT_BY_ALIGNMENT(.rodata.*))
 .rodata.mpsc_config
                0x000054e4       0x14 zephyr/libzephyr.a(log_core.c.obj)
 .rodata.format_table
                0x000054f8       0x10 zephyr/libzephyr.a(log_core.c.obj)
 .rodata.colors
                0x00005508       0x14 zephyr/libzephyr.a(log_output.c.obj)
 .rodata.severity
                0x0000551c       0x14 zephyr/libzephyr.a(log_output.c.obj)
 .rodata.lbu_cb_ctx
                0x00005530        0x8 zephyr/libzephyr.a(log_backend_uart.c.obj)
 .rodata.lbu_output
                0x00005538       0x10 zephyr/libzephyr.a(log_backend_uart.c.obj)
 .rodata.log_backend_uart_api
                0x00005548       0x1c zephyr/libzephyr.a(log_backend_uart.c.obj)
                0x00005548                log_backend_uart_api
 .rodata.stdout
                0x00005564        0x4 zephyr/lib/libc/picolibc/liblib__libc__picolibc.a(stdio.c.obj)
                0x00005564                stderr
                0x00005564                stdout
 .rodata.gpio_sam0_config_1
                0x00005568        0xc zephyr/drivers/gpio/libdrivers__gpio.a(gpio_sam0.c.obj)
 .rodata.gpio_sam0_config_0
                0x00005574        0xc zephyr/drivers/gpio/libdrivers__gpio.a(gpio_sam0.c.obj)
 .rodata.i2c_sam0_dev_config_0
                0x00005580       0x20 zephyr/drivers/i2c/libdrivers__i2c.a(i2c_sam0.c.obj)
 .rodata.__pinctrl_dev_config__device_dts_ord_34
                0x000055a0        0x8 zephyr/drivers/i2c/libdrivers__i2c.a(i2c_sam0.c.obj)
 .rodata.__pinctrl_states__device_dts_ord_34
                0x000055a8        0x8 zephyr/drivers/i2c/libdrivers__i2c.a(i2c_sam0.c.obj)
 .rodata.__pinctrl_state_pins_0__device_dts_ord_34
                0x000055b0        0x8 zephyr/drivers/i2c/libdrivers__i2c.a(i2c_sam0.c.obj)
 .rodata.sam_port_addrs
                0x000055b8        0x8 zephyr/drivers/pinctrl/libdrivers__pinctrl.a(pinctrl_sam0.c.obj)
 .rodata.uart_sam0_config_2
                0x000055c0       0x28 zephyr/drivers/serial/libdrivers__serial.a(uart_sam0.c.obj)
 .rodata.__pinctrl_dev_config__device_dts_ord_36
                0x000055e8        0x8 zephyr/drivers/serial/libdrivers__serial.a(uart_sam0.c.obj)
 .rodata.__pinctrl_states__device_dts_ord_36
                0x000055f0        0x8 zephyr/drivers/serial/libdrivers__serial.a(uart_sam0.c.obj)
 .rodata.__pinctrl_state_pins_0__device_dts_ord_36
                0x000055f8        0x8 zephyr/drivers/serial/libdrivers__serial.a(uart_sam0.c.obj)
 .rodata.uart_sam0_config_1
                0x00005600       0x28 zephyr/drivers/serial/libdrivers__serial.a(uart_sam0.c.obj)
 .rodata.__pinctrl_dev_config__device_dts_ord_32
                0x00005628        0x8 zephyr/drivers/serial/libdrivers__serial.a(uart_sam0.c.obj)
 .rodata.__pinctrl_states__device_dts_ord_32
                0x00005630        0x8 zephyr/drivers/serial/libdrivers__serial.a(uart_sam0.c.obj)
 .rodata.__pinctrl_state_pins_0__device_dts_ord_32
                0x00005638        0x8 zephyr/drivers/serial/libdrivers__serial.a(uart_sam0.c.obj)
 .rodata.uart_sam0_config_0
                0x00005640       0x28 zephyr/drivers/serial/libdrivers__serial.a(uart_sam0.c.obj)
 .rodata.__pinctrl_dev_config__device_dts_ord_30
                0x00005668        0x8 zephyr/drivers/serial/libdrivers__serial.a(uart_sam0.c.obj)
 .rodata.__pinctrl_states__device_dts_ord_30
                0x00005670        0x8 zephyr/drivers/serial/libdrivers__serial.a(uart_sam0.c.obj)
 .rodata.__pinctrl_state_pins_0__device_dts_ord_30
                0x00005678        0x8 zephyr/drivers/serial/libdrivers__serial.a(uart_sam0.c.obj)
 .rodata.CSWTCH.489
                0x00005680       0x14 zephyr/kernel/libkernel.a(fatal.c.obj)
 .rodata.levels.0
                0x00005694       0x18 zephyr/kernel/libkernel.a(init.c.obj)
 .rodata.main.str1.1
                0x000056ac      0x568 app/libapp.a(main.c.obj)
                                 0x77 (size before relaxing)
 .rodata.cbprintf_package_convert.str1.1
                0x00005c14       0xa3 zephyr/libzephyr.a(cbprintf_packaged.c.obj)
 .rodata.str1.1
                0x00005c14       0x11 zephyr/libzephyr.a(cbprintf_packaged.c.obj)
 .rodata.enable_logger.str1.1
                0x00005c14        0x8 zephyr/libzephyr.a(log_core.c.obj)
 .rodata.str1.1
                0x00005c14        0x4 zephyr/libzephyr.a(log_core.c.obj)
 .rodata.str1.1
                0x00005c14        0x9 zephyr/libzephyr.a(log_mgmt.c.obj)
 .rodata.z_impl_z_log_msg_static_create.str1.1
                0x00005c14       0x3f zephyr/libzephyr.a(log_msg.c.obj)
 .rodata.z_log_msg_runtime_vcreate.str1.1
                0x00005c14       0x38 zephyr/libzephyr.a(log_msg.c.obj)
 .rodata.newline_print.str1.1
                0x00005c14        0x5 zephyr/libzephyr.a(log_output.c.obj)
 .rodata.log_output_process.str1.1
                0x00005c14       0x51 zephyr/libzephyr.a(log_output.c.obj)
 .rodata.log_output_dropped_process.str1.1
                0x00005c14        0x3 zephyr/libzephyr.a(log_output.c.obj)
 .rodata.postfix.0
                0x00005c14       0x1c zephyr/libzephyr.a(log_output.c.obj)
 .rodata.prefix.1
                0x00005c30        0xc zephyr/libzephyr.a(log_output.c.obj)
 .rodata.str1.1
                0x00005c3c       0x20 zephyr/libzephyr.a(log_output.c.obj)
 .rodata.str1.1
                0x00005c3c       0x1a zephyr/libzephyr.a(log_backend_uart.c.obj)
 .rodata.z_arm_fatal_error.str1.1
                0x00005c3c       0xae zephyr/arch/arch/arm/core/libarch__arm__core.a(fatal.c.obj)
 .rodata.z_arm_fault.str1.1
                0x00005c3c       0x9f zephyr/arch/arch/arm/core/cortex_m/libarch__arm__core__cortex_m.a(fault.c.obj)
 .rodata.str1.1
                0x00005c3c        0x7 zephyr/lib/posix/c_lib_ext/liblib__posix__c_lib_ext.a(getopt.c.obj)
 .rodata.str1.1
                0x00005c3c        0xd zephyr/drivers/interrupt_controller/libdrivers__interrupt_controller.a(intc_sam0_eic.c.obj)
 .rodata.sam0_eic_channels
                0x00005c3c       0x40 zephyr/drivers/interrupt_controller/libdrivers__interrupt_controller.a(intc_sam0_eic.c.obj)
 .rodata.str1.1
                0x00005c7c       0x1c zephyr/drivers/gpio/libdrivers__gpio.a(gpio_sam0.c.obj)
 .rodata.str1.1
                0x00005c7c        0x4 zephyr/drivers/i2c/libdrivers__i2c.a(i2c_common.c.obj)
 .rodata.i2c_sam0_transfer.str1.1
                0x00005c7c       0x1e zephyr/drivers/i2c/libdrivers__i2c.a(i2c_sam0.c.obj)
 .rodata.i2c_sam0_initialize.str1.1
                0x00005c7c       0x1b zephyr/drivers/i2c/libdrivers__i2c.a(i2c_sam0.c.obj)
 .rodata.str1.1
                0x00005c7c       0x19 zephyr/drivers/i2c/libdrivers__i2c.a(i2c_sam0.c.obj)
 .rodata.str1.1
                0x00005c7c       0x30 zephyr/drivers/serial/libdrivers__serial.a(uart_sam0.c.obj)
 .rodata.k_sys_fatal_error_handler.str1.1
                0x00005c7c        0xf zephyr/kernel/libkernel.a(fatal.c.obj)
 .rodata.z_fatal_error.str1.1
                0x00005c7c       0x77 zephyr/kernel/libkernel.a(fatal.c.obj)
 .rodata.str1.1
                0x00005c7c       0x4a zephyr/kernel/libkernel.a(fatal.c.obj)
 .rodata.z_cstart.str1.1
                0x00005c7c        0x5 zephyr/kernel/libkernel.a(init.c.obj)
 .rodata.str1.1
                0x00005c7c        0x3 zephyr/kernel/libkernel.a(init.c.obj)
 .rodata.boot_banner.str1.1
                0x00005c7c       0x3b zephyr/kernel/libkernel.a(banner.c.obj)
 .rodata.vfprintf.str1.1
                0x00005c7c        0xf C:/my-workspace/zephyr-app-ufsm00292/AppJaqueline/build/modules/picolibc/libc.a(vflprintf.c.obj)
 *(SORT_BY_ALIGNMENT(.gnu.linkonce.r.*))
                0x00005cf4                        . = ALIGN (0x4)

/DISCARD/
 *(SORT_BY_ALIGNMENT(.eh_frame))
                0x00005c7c                        __rodata_region_end = .
                0x00005cf4                        . = ALIGN (_region_min_align)
                0x00005c7c                        __rom_region_end = ((__rom_region_start + .) - ADDR (rom_start))
                0x00005c7c                        __rom_region_size = (__rom_region_end - __rom_region_start)

/DISCARD/
 *(SORT_BY_ALIGNMENT(.got.plt))
 *(SORT_BY_ALIGNMENT(.igot.plt))
 *(SORT_BY_ALIGNMENT(.got))
 *(SORT_BY_ALIGNMENT(.igot))
                0x20000000                        . = 0x20000000
                0x20000000                        . = ALIGN (_region_min_align)
                0x20000000                        _image_ram_start = .

.ramfunc        0x20000000        0x0 load address 0x00005c7c
                0x20000000                        __ramfunc_region_start = .
                0x20000000                        . = ALIGN (_region_min_align)
                0x20000000                        __ramfunc_start = .
 *(SORT_BY_ALIGNMENT(.ramfunc))
 *(SORT_BY_ALIGNMENT(.ramfunc.*))
                0x20000000                        . = ALIGN (_region_min_align)
                0x20000000                        __ramfunc_end = .
                0x00000000                        __ramfunc_size = (__ramfunc_end - __ramfunc_start)