Archive member included to satisfy reference by file (symbol)

app/libapp.a(main.c.obj)      (--whole-archive)
zephyr/libzephyr.a(validate_libc.c.obj)
                              (--whole-archive)
zephyr/libzephyr.a(heap.c.obj)
                              (--whole-archive)
zephyr/libzephyr.a(cbprintf_packaged.c.obj)
                              (--whole-archive)
zephyr/libzephyr.a(clock.c.obj)
                              (--whole-archive)
zephyr/libzephyr.a(printk.c.obj)
                              (--whole-archive)
zephyr/libzephyr.a(sem.c.obj)
                              (--whole-archive)
zephyr/libzephyr.a(thread_entry.c.obj)
                              (--whole-archive)
zephyr/libzephyr.a(cbprintf_complete.c.obj)
                              (--whole-archive)
zephyr/libzephyr.a(assert.c.obj)
                              (--whole-archive)
zephyr/libzephyr.a(dec.c.obj)
                              (--whole-archive)
zephyr/libzephyr.a(hex.c.obj)
                              (--whole-archive)
zephyr/libzephyr.a(rb.c.obj)  (--whole-archive)
zephyr/libzephyr.a(timeutil.c.obj)
                              (--whole-archive)
zephyr/libzephyr.a(bitarray.c.obj)
                              (--whole-archive)
zephyr/libzephyr.a(bitmask.c.obj)
                              (--whole-archive)
zephyr/libzephyr.a(ring_buffer.c.obj)
                              (--whole-archive)
zephyr/libzephyr.a(last_section_id.c.obj)
                              (--whole-archive)
zephyr/libzephyr.a(configs.c.obj)
                              (--whole-archive)
zephyr/libzephyr.a(soc_port.c.obj)
                              (--whole-archive)
zephyr/libzephyr.a(soc_samd2x.c.obj)
                              (--whole-archive)
zephyr/libzephyr.a(log_core.c.obj)
                              (--whole-archive)
zephyr/libzephyr.a(log_mgmt.c.obj)
                              (--whole-archive)
zephyr/libzephyr.a(log_cache.c.obj)
                              (--whole-archive)
zephyr/libzephyr.a(log_msg.c.obj)
                              (--whole-archive)
zephyr/libzephyr.a(log_output.c.obj)
                              (--whole-archive)
zephyr/libzephyr.a(log_backend_uart.c.obj)
                              (--whole-archive)
zephyr/libzephyr.a(tracing_none.c.obj)
                              (--whole-archive)
zephyr/arch/common/libarch__common.a(sw_isr_common.c.obj)
                              (--whole-archive)
zephyr/arch/common/libarch__common.a(init.c.obj)
                              (--whole-archive)
zephyr/arch/common/libarch__common.a(xip.c.obj)
                              (--whole-archive)
zephyr/arch/arch/arm/core/libarch__arm__core.a(fatal.c.obj)
                              (--whole-archive)
zephyr/arch/arch/arm/core/libarch__arm__core.a(nmi.c.obj)
                              (--whole-archive)
zephyr/arch/arch/arm/core/libarch__arm__core.a(nmi_on_reset.S.obj)
                              (--whole-archive)
zephyr/arch/arch/arm/core/cortex_m/libarch__arm__core__cortex_m.a(exc_exit.c.obj)
                              (--whole-archive)
zephyr/arch/arch/arm/core/cortex_m/libarch__arm__core__cortex_m.a(fault.c.obj)
                              (--whole-archive)
zephyr/arch/arch/arm/core/cortex_m/libarch__arm__core__cortex_m.a(fault_s.S.obj)
                              (--whole-archive)
zephyr/arch/arch/arm/core/cortex_m/libarch__arm__core__cortex_m.a(fpu.c.obj)
                              (--whole-archive)
zephyr/arch/arch/arm/core/cortex_m/libarch__arm__core__cortex_m.a(reset.S.obj)
                              (--whole-archive)
zephyr/arch/arch/arm/core/cortex_m/libarch__arm__core__cortex_m.a(scb.c.obj)
                              (--whole-archive)
zephyr/arch/arch/arm/core/cortex_m/libarch__arm__core__cortex_m.a(thread_abort.c.obj)
                              (--whole-archive)
zephyr/arch/arch/arm/core/cortex_m/libarch__arm__core__cortex_m.a(vector_table.S.obj)
                              (--whole-archive)
zephyr/arch/arch/arm/core/cortex_m/libarch__arm__core__cortex_m.a(swap_helper.S.obj)
                              (--whole-archive)
zephyr/arch/arch/arm/core/cortex_m/libarch__arm__core__cortex_m.a(irq_manage.c.obj)
                              (--whole-archive)
zephyr/arch/arch/arm/core/cortex_m/libarch__arm__core__cortex_m.a(prep_c.c.obj)
                              (--whole-archive)
zephyr/arch/arch/arm/core/cortex_m/libarch__arm__core__cortex_m.a(thread.c.obj)
                              (--whole-archive)
zephyr/arch/arch/arm/core/cortex_m/libarch__arm__core__cortex_m.a(cpu_idle.c.obj)
                              (--whole-archive)
zephyr/arch/arch/arm/core/cortex_m/libarch__arm__core__cortex_m.a(irq_init.c.obj)
                              (--whole-archive)
zephyr/arch/arch/arm/core/cortex_m/libarch__arm__core__cortex_m.a(isr_wrapper.c.obj)
                              (--whole-archive)
zephyr/lib/libc/picolibc/liblib__libc__picolibc.a(assert.c.obj)
[...]
Memory Configuration

Name             Origin             Length             Attributes
FLASH            0x00000000         0x00040000         xr
RAM              0x20000000         0x00008000         xw
IDT_LIST         0xffff7fff         0x00008000         xw
*default*        0x00000000         0xffffffff

Linker script and memory map

LOAD zephyr/CMakeFiles/zephyr_pre0.dir/misc/empty_file.c.obj
LOAD zephyr/CMakeFiles/offsets.dir/./arch/arm/core/offsets/offsets.c.obj
LOAD app/libapp.a
LOAD zephyr/libzephyr.a
LOAD zephyr/arch/common/libarch__common.a
LOAD zephyr/arch/arch/arm/core/libarch__arm__core.a
LOAD zephyr/arch/arch/arm/core/cortex_m/libarch__arm__core__cortex_m.a
LOAD zephyr/lib/libc/picolibc/liblib__libc__picolibc.a
LOAD zephyr/lib/libc/common/liblib__libc__common.a
LOAD zephyr/lib/posix/c_lib_ext/liblib__posix__c_lib_ext.a
LOAD zephyr/drivers/interrupt_controller/libdrivers__interrupt_controller.a
LOAD zephyr/drivers/console/libdrivers__console.a
LOAD zephyr/drivers/gpio/libdrivers__gpio.a
LOAD zephyr/drivers/i2c/libdrivers__i2c.a
LOAD zephyr/drivers/pinctrl/libdrivers__pinctrl.a
LOAD zephyr/drivers/serial/libdrivers__serial.a
LOAD zephyr/drivers/timer/libdrivers__timer.a
LOAD zephyr/kernel/libkernel.a
LOAD zephyr/arch/common/libisr_tables.a
LOAD C:/my-workspace/zephyr-app-ufsm00292/AppJaqueline/build/modules/picolibc/libc.a
LOAD C:/Users/Jaque/Downloads/arm-gnu-toolchain-14.3.rel1-mingw-w64-i686-arm-none-eabi/bin/../lib/gcc/arm-none-eabi/14.3.1/thumb/v6-m/nofp\libgcc.a
                0x00000004                        _region_min_align = 0x4

.rel.plt        0x00000000        0x0
 *(SORT_BY_ALIGNMENT(.rel.plt))
                [!provide]                        PROVIDE (__rel_iplt_start = .)
 *(SORT_BY_ALIGNMENT(.rel.iplt))
 .rel.iplt      0x00000000        0x0 app/libapp.a(main.c.obj)
                [!provide]                        PROVIDE (__rel_iplt_end = .)

.rela.plt       0x00000000        0x0
 *(SORT_BY_ALIGNMENT(.rela.plt))
                [!provide]                        PROVIDE (__rela_iplt_start = .)
 *(SORT_BY_ALIGNMENT(.rela.iplt))
                [!provide]                        PROVIDE (__rela_iplt_end = .)

.rel.dyn
 *(SORT_BY_ALIGNMENT(.rel.*))

.rela.dyn
 *(SORT_BY_ALIGNMENT(.rela.*))

/DISCARD/
 *(SORT_BY_ALIGNMENT(.plt))

/DISCARD/
 *(SORT_BY_ALIGNMENT(.iplt))
                0x00000000                        __rom_region_start = 0x0

rom_start       0x00000000       0xb0
                0x00000000                        __rom_start_address = .
 FILL mask 0x00
                0x00000000                        . = (. + (0x0 - (. - __rom_start_address)))
                0x00000000                        . = ALIGN (0x4)
                0x00000000                        . = ALIGN (0x100)
                0x00000000                        . = ALIGN (0x100)
                0x00000000                        _vector_start = .
 *(SORT_BY_ALIGNMENT(.exc_vector_table))
 *(SORT_BY_ALIGNMENT(.exc_vector_table.*))
 .exc_vector_table._vector_table_section
                0x00000000       0x40 zephyr/arch/arch/arm/core/cortex_m/libarch__arm__core__cortex_m.a(vector_table.S.obj)
                0x00000000                _vector_table
 *(SORT_BY_ALIGNMENT(.vectors))
                0x000000b0                        _vector_end = .
                0x00000040                        . = ALIGN (0x4)
 *(SORT_BY_ALIGNMENT(.gnu.linkonce.irq_vector_table*))
 .gnu.linkonce.irq_vector_table
                0x00000040       0x70 zephyr/arch/common/libisr_tables.a(isr_tables.c.obj)
                0x00000040                _irq_vector_table
                0x000000b0                        _vector_end = .

text            0x000000b0     0x4158
                0x000000b0                        __text_region_start = .
 *(SORT_BY_ALIGNMENT(.text))
 .text          0x000000b0       0x14 C:/Users/Jaque/Downloads/arm-gnu-toolchain-14.3.rel1-mingw-w64-i686-arm-none-eabi/bin/../lib/gcc/arm-none-eabi/14.3.1/thumb/v6-m/nofp\libgcc.a(_thumb1_case_sqi.o)
                0x000000b0                __gnu_thumb1_case_sqi
 .text          0x000000c4       0x14 C:/Users/Jaque/Downloads/arm-gnu-toolchain-14.3.rel1-mingw-w64-i686-arm-none-eabi/bin/../lib/gcc/arm-none-eabi/14.3.1/thumb/v6-m/nofp\libgcc.a(_thumb1_case_uqi.o)
                0x000000c4                __gnu_thumb1_case_uqi
 .text          0x000000d8       0x14 C:/Users/Jaque/Downloads/arm-gnu-toolchain-14.3.rel1-mingw-w64-i686-arm-none-eabi/bin/../lib/gcc/arm-none-eabi/14.3.1/thumb/v6-m/nofp\libgcc.a(_thumb1_case_uhi.o)
                0x000000d8                __gnu_thumb1_case_uhi
 .text          0x000000ec      0x114 C:/Users/Jaque/Downloads/arm-gnu-toolchain-14.3.rel1-mingw-w64-i686-arm-none-eabi/bin/../lib/gcc/arm-none-eabi/14.3.1/thumb/v6-m/nofp\libgcc.a(_udivsi3.o)
                0x000000ec                __aeabi_uidiv
                0x000000ec                __udivsi3
                0x000001f8                __aeabi_uidivmod
 .text          0x00000200        0x4 C:/Users/Jaque/Downloads/arm-gnu-toolchain-14.3.rel1-mingw-w64-i686-arm-none-eabi/bin/../lib/gcc/arm-none-eabi/14.3.1/thumb/v6-m/nofp\libgcc.a(_dvmd_tls.o)
                0x00000200                __aeabi_idiv0
                0x00000200                __aeabi_ldiv0
 .text          0x00000204       0x3c C:/Users/Jaque/Downloads/arm-gnu-toolchain-14.3.rel1-mingw-w64-i686-arm-none-eabi/bin/../lib/gcc/arm-none-eabi/14.3.1/thumb/v6-m/nofp\libgcc.a(_clzsi2.o)
                0x00000204                __clzsi2
 .text          0x00000240       0x40 C:/Users/Jaque/Downloads/arm-gnu-toolchain-14.3.rel1-mingw-w64-i686-arm-none-eabi/bin/../lib/gcc/arm-none-eabi/14.3.1/thumb/v6-m/nofp\libgcc.a(_ctzsi2.o)
                0x00000240                __ctzsi2
 .text          0x00000280       0x40 C:/Users/Jaque/Downloads/arm-gnu-toolchain-14.3.rel1-mingw-w64-i686-arm-none-eabi/bin/../lib/gcc/arm-none-eabi/14.3.1/thumb/v6-m/nofp\libgcc.a(_aeabi_uldivmod.o)
                0x00000280                __aeabi_uldivmod
 .text          0x000002c0       0x18 C:/Users/Jaque/Downloads/arm-gnu-toolchain-14.3.rel1-mingw-w64-i686-arm-none-eabi/bin/../lib/gcc/arm-none-eabi/14.3.1/thumb/v6-m/nofp\libgcc.a(_clzdi2.o)
                0x000002c0                __clzdi2
 .text          0x000002d8        0xe C:/my-workspace/zephyr-app-ufsm00292/AppJaqueline/build/modules/picolibc/libc.a(strlen.S.obj)
                0x000002d8                strlen
 *(SORT_BY_ALIGNMENT(.text.*))
 *fill*         0x000002e6        0x2 
 .text.i2c_write_read.constprop.0
                0x000002e8       0x34 app/libapp.a(main.c.obj)
 .text.main     0x0000031c      0x190 app/libapp.a(main.c.obj)
                0x0000031c                main
 .text.cbvprintf_package
                0x000004ac      0x3a8 zephyr/libzephyr.a(cbprintf_packaged.c.obj)
                0x000004ac                cbvprintf_package
 .text.__printk_hook_install
                0x00000854        0xc zephyr/libzephyr.a(printk.c.obj)
                0x00000854                __printk_hook_install
 .text.soc_reset_hook
                0x00000860       0xe0 zephyr/libzephyr.a(soc_samd2x.c.obj)
                0x00000860                soc_reset_hook
 .text.z_log_init.isra.0
                0x00000940       0xd4 zephyr/libzephyr.a(log_core.c.obj)
 .text.log_format_func_t_get
                0x00000a14        0xc zephyr/libzephyr.a(log_core.c.obj)
                0x00000a14                log_format_func_t_get
 .text.log_set_timestamp_func
                0x00000a20       0x20 zephyr/libzephyr.a(log_core.c.obj)
                0x00000a20                log_set_timestamp_func
 .text.log_core_init
                0x00000a40       0x4c zephyr/libzephyr.a(log_core.c.obj)
                0x00000a40                log_core_init
 .text.z_impl_log_panic
                0x00000a8c       0x40 zephyr/libzephyr.a(log_core.c.obj)
                0x00000a8c                z_impl_log_panic
 .text.z_log_dropped
                0x00000acc       0x20 zephyr/libzephyr.a(log_core.c.obj)
                0x00000acc                z_log_dropped
 .text.z_log_msg_commit
                0x00000aec       0x38 zephyr/libzephyr.a(log_core.c.obj)
                0x00000aec                z_log_msg_commit
 .text.log_source_name_get
                0x00000b24       0x1c zephyr/libzephyr.a(log_mgmt.c.obj)
                0x00000b24                log_source_name_get
 .text.z_log_msg_runtime_vcreate
                0x00000b40       0xb4 zephyr/libzephyr.a(log_msg.c.obj)
                0x00000b40                z_log_msg_runtime_vcreate
 .text.log_msg_get_source_id
                0x00000bf4       0x1c zephyr/libzephyr.a(log_msg.c.obj)
                0x00000bf4                log_msg_get_source_id
 .text.print_formatted
                0x00000c10       0x20 zephyr/libzephyr.a(log_output.c.obj)
 .text.newline_print
                0x00000c30       0x20 zephyr/libzephyr.a(log_output.c.obj)
 .text.log_output_process
                0x00000c50      0x298 zephyr/libzephyr.a(log_output.c.obj)
                0x00000c50                log_output_process
 .text.log_output_timestamp_freq_set
                0x00000ee8       0x34 zephyr/libzephyr.a(log_output.c.obj)
                0x00000ee8                log_output_timestamp_freq_set
 .text.char_out
                0x00000f1c       0x24 zephyr/libzephyr.a(log_backend_uart.c.obj)
 .text.arch_bss_zero
                0x00000f40       0x18 zephyr/arch/common/libarch__common.a(init.c.obj)
                0x00000f40                arch_bss_zero
 .text.arch_data_copy
                0x00000f58       0x34 zephyr/arch/common/libarch__common.a(xip.c.obj)
                0x00000f58                arch_data_copy
 .text.z_arm_fatal_error
                0x00000f8c       0xc4 zephyr/arch/arch/arm/core/libarch__arm__core.a(fatal.c.obj)
                0x00000f8c                z_arm_fatal_error
 .text.z_SysNmiOnReset
                0x00001050        0x4 zephyr/arch/arch/arm/core/libarch__arm__core.a(nmi_on_reset.S.obj)
                0x00001050                z_SysNmiOnReset
 .text._HandlerModeExit
                0x00001054       0x20 zephyr/arch/arch/arm/core/cortex_m/libarch__arm__core__cortex_m.a(exc_exit.c.obj)
                0x00001054                z_arm_int_exit
                0x00001054                z_arm_exc_exit
 .text.z_arm_fault
                0x00001074      0x140 zephyr/arch/arch/arm/core/cortex_m/libarch__arm__core__cortex_m.a(fault.c.obj)
                0x00001074                z_arm_fault
 .text.z_arm_fault_init
                0x000011b4       0x10 zephyr/arch/arch/arm/core/cortex_m/libarch__arm__core__cortex_m.a(fault.c.obj)
                0x000011b4                z_arm_fault_init
 .text.__fault  0x000011c4       0x14 zephyr/arch/arch/arm/core/cortex_m/libarch__arm__core__cortex_m.a(fault_s.S.obj)
                0x000011c4                z_arm_hard_fault
                0x000011c4                z_arm_exc_spurious
 .text._reset_section
                0x000011d8       0x38 zephyr/arch/arch/arm/core/cortex_m/libarch__arm__core__cortex_m.a(reset.S.obj)
                0x000011d8                __start
                0x000011d8                z_arm_reset
 .text.z_impl_k_thread_abort
                0x00001210       0x38 zephyr/arch/arch/arm/core/cortex_m/libarch__arm__core__cortex_m.a(thread_abort.c.obj)
                0x00001210                z_impl_k_thread_abort
 .text.z_arm_pendsv
                0x00001248       0x60 zephyr/arch/arch/arm/core/cortex_m/libarch__arm__core__cortex_m.a(swap_helper.S.obj)
                0x00001248                z_arm_pendsv
 .text.z_arm_svc
                0x000012a8       0x28 zephyr/arch/arch/arm/core/cortex_m/libarch__arm__core__cortex_m.a(swap_helper.S.obj)
                0x000012a8                z_arm_svc
 .text.arm_irq_enable
                0x000012d0       0x18 zephyr/arch/arch/arm/core/cortex_m/libarch__arm__core__cortex_m.a(irq_manage.c.obj)
                0x000012d0                arm_irq_enable
 .text.arm_irq_priority_set
                0x000012e8       0x54 zephyr/arch/arch/arm/core/cortex_m/libarch__arm__core__cortex_m.a(irq_manage.c.obj)
                0x000012e8                arm_irq_priority_set
 .text.relocate_vector_table
                0x0000133c       0x1c zephyr/arch/arch/arm/core/cortex_m/libarch__arm__core__cortex_m.a(prep_c.c.obj)
                0x0000133c                relocate_vector_table
 .text.arch_new_thread
                0x00001358       0x2c zephyr/arch/arch/arm/core/cortex_m/libarch__arm__core__cortex_m.a(thread.c.obj)
                0x00001358                arch_new_thread
 .text.arch_switch_to_main_thread
                0x00001384       0x30 zephyr/arch/arch/arm/core/cortex_m/libarch__arm__core__cortex_m.a(thread.c.obj)
                0x00001384                arch_switch_to_main_thread
 .text.z_arm_cpu_idle_init
                0x000013b4        0xc zephyr/arch/arch/arm/core/cortex_m/libarch__arm__core__cortex_m.a(cpu_idle.c.obj)
                0x000013b4                z_arm_cpu_idle_init
 .text.z_arm_interrupt_init
                0x000013c0       0x30 zephyr/arch/arch/arm/core/cortex_m/libarch__arm__core__cortex_m.a(irq_init.c.obj)
                0x000013c0                z_arm_interrupt_init
 .text._isr_wrapper
                0x000013f0       0x20 zephyr/arch/arch/arm/core/cortex_m/libarch__arm__core__cortex_m.a(isr_wrapper.c.obj)
                0x000013f0                _isr_wrapper
 .text.cbvprintf
                0x00001410       0x38 zephyr/lib/libc/picolibc/liblib__libc__picolibc.a(cbprintf.c.obj)
                0x00001410                cbvprintf
 .text.z_impl_zephyr_fputc
                0x00001448       0x10 zephyr/lib/libc/picolibc/liblib__libc__picolibc.a(stdio.c.obj)
                0x00001448                z_impl_zephyr_fputc
 .text.__stdout_hook_install
                0x00001458       0x18 zephyr/lib/libc/picolibc/liblib__libc__picolibc.a(stdio.c.obj)
                0x00001458                __stdout_hook_install
 .text.malloc_prepare
                0x00001470       0x24 zephyr/lib/libc/common/liblib__libc__common.a(malloc.c.obj)
 .text.wait_synchronization
                0x00001494       0x10 zephyr/drivers/interrupt_controller/libdrivers__interrupt_controller.a(intc_sam0_eic.c.obj)
 .text.sam0_eic_isr
                0x000014a4       0x48 zephyr/drivers/interrupt_controller/libdrivers__interrupt_controller.a(intc_sam0_eic.c.obj)
 .text.sam0_eic_init
                0x000014ec       0x44 zephyr/drivers/interrupt_controller/libdrivers__interrupt_controller.a(intc_sam0_eic.c.obj)
 .text.sam0_eic_check_ownership
                0x00001530       0x2c zephyr/drivers/interrupt_controller/libdrivers__interrupt_controller.a(intc_sam0_eic.c.obj)
 .text.sam0_eic_acquire
                0x0000155c      0x110 zephyr/drivers/interrupt_controller/libdrivers__interrupt_controller.a(intc_sam0_eic.c.obj)
                0x0000155c                sam0_eic_acquire
 .text.sam0_eic_release
                0x0000166c       0x8c zephyr/drivers/interrupt_controller/libdrivers__interrupt_controller.a(intc_sam0_eic.c.obj)
                0x0000166c                sam0_eic_release
 .text.sam0_eic_enable_interrupt
                0x000016f8       0x38 zephyr/drivers/interrupt_controller/libdrivers__interrupt_controller.a(intc_sam0_eic.c.obj)
                0x000016f8                sam0_eic_enable_interrupt
 .text.sam0_eic_disable_interrupt
                0x00001730       0x38 zephyr/drivers/interrupt_controller/libdrivers__interrupt_controller.a(intc_sam0_eic.c.obj)
                0x00001730                sam0_eic_disable_interrupt
 .text.sam0_eic_interrupt_pending
                0x00001768       0x44 zephyr/drivers/interrupt_controller/libdrivers__interrupt_controller.a(intc_sam0_eic.c.obj)
                0x00001768                sam0_eic_interrupt_pending
 .text.uart_console_init
                0x000017ac       0x2c zephyr/drivers/console/libdrivers__console.a(uart_console.c.obj)
 .text.console_out
                0x000017d8       0x28 zephyr/drivers/console/libdrivers__console.a(uart_console.c.obj)
 .text.gpio_sam0_pin_interrupt_configure
                0x00001800       0xf8 zephyr/drivers/gpio/libdrivers__gpio.a(gpio_sam0.c.obj)
 .text.i2c_sam0_set_apply_bitrate.isra.0
                0x000018f8       0x74 zephyr/drivers/i2c/libdrivers__i2c.a(i2c_sam0.c.obj)
 .text.i2c_sam0_transfer
                0x0000196c      0x134 zephyr/drivers/i2c/libdrivers__i2c.a(i2c_sam0.c.obj)
 .text.i2c_sam0_initialize
                0x00001aa0      0x124 zephyr/drivers/i2c/libdrivers__i2c.a(i2c_sam0.c.obj)
 .text.i2c_sam0_isr
                0x00001bc4      0x13c zephyr/drivers/i2c/libdrivers__i2c.a(i2c_sam0.c.obj)
 .text.pinctrl_configure_pins
                0x00001d00       0x54 zephyr/drivers/pinctrl/libdrivers__pinctrl.a(pinctrl_sam0.c.obj)
                0x00001d00                pinctrl_configure_pins
 .text.uart_sam0_init
                0x00001d54       0xf8 zephyr/drivers/serial/libdrivers__serial.a(uart_sam0.c.obj)
 .text.uart_sam0_configure
                0x00001e4c      0x124 zephyr/drivers/serial/libdrivers__serial.a(uart_sam0.c.obj)
 .text.elapsed  0x00001f70       0x40 zephyr/drivers/timer/libdrivers__timer.a(cortex_m_systick.c.obj)
 .text.sys_clock_driver_init
                0x00001fb0       0x40 zephyr/drivers/timer/libdrivers__timer.a(cortex_m_systick.c.obj)
 .text.sys_clock_isr
                0x00001ff0       0x44 zephyr/drivers/timer/libdrivers__timer.a(cortex_m_systick.c.obj)
                0x00001ff0                sys_clock_isr
 .text.sys_clock_set_timeout
                0x00002034       0xf4 zephyr/drivers/timer/libdrivers__timer.a(cortex_m_systick.c.obj)
                0x00002034                sys_clock_set_timeout
 .text.sys_clock_elapsed
                0x00002128       0x34 zephyr/drivers/timer/libdrivers__timer.a(cortex_m_systick.c.obj)
                0x00002128                sys_clock_elapsed
 .text.k_sys_fatal_error_handler
                0x0000215c       0x2c zephyr/kernel/libkernel.a(fatal.c.obj)
                0x0000215c                k_sys_fatal_error_handler
 .text.z_fatal_error
                0x00002188       0xcc zephyr/kernel/libkernel.a(fatal.c.obj)
                0x00002188                z_fatal_error
 .text.z_sys_init_run_level
                0x00002254       0x34 zephyr/kernel/libkernel.a(init.c.obj)
 .text.bg_thread_main
                0x00002288       0xa8 zephyr/kernel/libkernel.a(init.c.obj)
 .text.z_init_cpu
                0x00002330       0x68 zephyr/kernel/libkernel.a(init.c.obj)
                0x00002330                z_init_cpu
 .text.z_cstart
                0x00002398       0xb0 zephyr/kernel/libkernel.a(init.c.obj)
                0x00002398                z_cstart
 .text.z_impl_k_sem_give
                0x00002448       0x64 zephyr/kernel/libkernel.a(sem.c.obj)
                0x00002448                z_impl_k_sem_give
 .text.z_impl_k_sem_take
                0x000024ac       0x4c zephyr/kernel/libkernel.a(sem.c.obj)
                0x000024ac                z_impl_k_sem_take
 .text.z_setup_new_thread
                0x000024f8       0x58 zephyr/kernel/libkernel.a(thread.c.obj)
                0x000024f8                z_setup_new_thread
 .text.z_dummy_thread_init
                0x00002550       0x14 zephyr/kernel/libkernel.a(thread.c.obj)
                0x00002550                z_dummy_thread_init
 .text.z_swap_irqlock
                0x00002564       0x2c zephyr/kernel/libkernel.a(sched.c.obj)
 .text.ready_thread
                0x00002590       0x88 zephyr/kernel/libkernel.a(sched.c.obj)
 .text.unready_thread
                0x00002618       0x58 zephyr/kernel/libkernel.a(sched.c.obj)
 .text.add_thread_timeout
                0x00002670       0x18 zephyr/kernel/libkernel.a(sched.c.obj)
 .text.move_thread_to_end_of_prio_q
                0x00002688       0x94 zephyr/kernel/libkernel.a(sched.c.obj)
                0x00002688                move_thread_to_end_of_prio_q
 .text.z_pend_curr
                0x0000271c       0x38 zephyr/kernel/libkernel.a(sched.c.obj)
                0x0000271c                z_pend_curr
 .text.z_reschedule
                0x00002754       0x2c zephyr/kernel/libkernel.a(sched.c.obj)
                0x00002754                z_reschedule
 .text.z_reschedule_irqlock
                0x00002780       0x2c zephyr/kernel/libkernel.a(sched.c.obj)
                0x00002780                z_reschedule_irqlock
 .text.k_sched_lock
                0x000027ac       0x20 zephyr/kernel/libkernel.a(sched.c.obj)
                0x000027ac                k_sched_lock
 .text.k_sched_unlock
                0x000027cc       0x60 zephyr/kernel/libkernel.a(sched.c.obj)
                0x000027cc                k_sched_unlock
 .text.z_sched_init
                0x0000282c       0x14 zephyr/kernel/libkernel.a(sched.c.obj)
                0x0000282c                z_sched_init
 .text.z_impl_k_yield
                0x00002840       0x80 zephyr/kernel/libkernel.a(sched.c.obj)
                0x00002840                z_impl_k_yield
 .text.z_tick_sleep
                0x000028c0       0x74 zephyr/kernel/libkernel.a(sched.c.obj)
 .text.z_impl_k_wakeup
                0x00002934       0x40 zephyr/kernel/libkernel.a(sched.c.obj)
                0x00002934                z_impl_k_wakeup
 .text.z_impl_k_sched_current_thread_query
                0x00002974        0xc zephyr/kernel/libkernel.a(sched.c.obj)
                0x00002974                z_impl_k_sched_current_thread_query
 .text.z_thread_abort
                0x00002980      0x124 zephyr/kernel/libkernel.a(sched.c.obj)
                0x00002980                z_thread_abort
 .text.slice_timeout
                0x00002aa4       0x20 zephyr/kernel/libkernel.a(timeslicing.c.obj)
 .text.thread_is_sliceable
                0x00002ac4       0x40 zephyr/kernel/libkernel.a(timeslicing.c.obj)
                0x00002ac4                thread_is_sliceable
 .text.z_reset_time_slice
                0x00002b04       0x4c zephyr/kernel/libkernel.a(timeslicing.c.obj)
                0x00002b04                z_reset_time_slice
 .text.z_time_slice
                0x00002b50       0x58 zephyr/kernel/libkernel.a(timeslicing.c.obj)
                0x00002b50                z_time_slice
 .text.first    0x00002ba8       0x10 zephyr/kernel/libkernel.a(timeout.c.obj)
 .text.next_timeout
                0x00002bb8       0x34 zephyr/kernel/libkernel.a(timeout.c.obj)
 .text.elapsed  0x00002bec       0x18 zephyr/kernel/libkernel.a(timeout.c.obj)
 .text.remove_timeout
                0x00002c04       0x38 zephyr/kernel/libkernel.a(timeout.c.obj)
 .text.z_add_timeout
                0x00002c3c      0x120 zephyr/kernel/libkernel.a(timeout.c.obj)
                0x00002c3c                z_add_timeout
 .text.sys_clock_announce
                0x00002d5c       0xd0 zephyr/kernel/libkernel.a(timeout.c.obj)
                0x00002d5c                sys_clock_announce
 .text.sys_clock_tick_get
                0x00002e2c       0x2c zephyr/kernel/libkernel.a(timeout.c.obj)
                0x00002e2c                sys_clock_tick_get
 .text.boot_banner
                0x00002e58       0x10 zephyr/kernel/libkernel.a(banner.c.obj)
                0x00002e58                boot_banner
 .text.skip_to_arg
                0x00002e68      0x134 C:/my-workspace/zephyr-app-ufsm00292/AppJaqueline/build/modules/picolibc/libc.a(vflprintf.c.obj)
 .text.vfprintf
                0x00002f9c      0x52c C:/my-workspace/zephyr-app-ufsm00292/AppJaqueline/build/modules/picolibc/libc.a(vflprintf.c.obj)
                0x00002f9c                vfprintf
                0x00002f9c                __l_vfprintf
 .text.__udivmoddi4
                0x000034c8      0x198 C:/Users/Jaque/Downloads/arm-gnu-toolchain-14.3.rel1-mingw-w64-i686-arm-none-eabi/bin/../lib/gcc/arm-none-eabi/14.3.1/thumb/v6-m/nofp\libgcc.a(_udivmoddi4.o)
                0x000034c8                __udivmoddi4
 .text._OffsetAbsSyms
                0x00003660        0x2 zephyr/CMakeFiles/offsets.dir/./arch/arm/core/offsets/offsets.c.obj
                0x00003660                _OffsetAbsSyms
 .text.z_log_msg_runtime_create.constprop.0
                0x00003662       0x1c app/libapp.a(main.c.obj)
 .text.chunk_size
                0x0000367e        0xa zephyr/libzephyr.a(heap.c.obj)
 .text.free_list_add
                0x00003688       0x4e zephyr/libzephyr.a(heap.c.obj)
 .text.sys_heap_init
                0x000036d6       0x80 zephyr/libzephyr.a(heap.c.obj)
                0x000036d6                sys_heap_init
 .text.cbpprintf_external
                0x00003756       0x68 zephyr/libzephyr.a(cbprintf_packaged.c.obj)
                0x00003756                cbpprintf_external
 .text.arch_printk_char_out
                0x000037be        0x4 zephyr/libzephyr.a(printk.c.obj)
                0x000037be                arch_printk_char_out
 .text.printk   0x000037c2       0x16 zephyr/libzephyr.a(printk.c.obj)
                0x000037c2                printk
 .text.z_thread_entry
                0x000037d8       0x14 zephyr/libzephyr.a(thread_entry.c.obj)
                0x000037d8                z_thread_entry
 .text._ConfigAbsSyms
                0x000037ec        0x2 zephyr/libzephyr.a(configs.c.obj)
                0x000037ec                _ConfigAbsSyms
 .text.soc_port_pinmux_set
                0x000037ee       0x34 zephyr/libzephyr.a(soc_port.c.obj)
                0x000037ee                soc_port_pinmux_set
 .text.soc_port_configure
                0x00003822       0x6a zephyr/libzephyr.a(soc_port.c.obj)
                0x00003822                soc_port_configure
 .text.dummy_timestamp
                0x0000388c        0x4 zephyr/libzephyr.a(log_core.c.obj)
 .text.default_lf_get_timestamp
                0x00003890       0x10 zephyr/libzephyr.a(log_core.c.obj)
 .text.atomic_inc
                0x000038a0        0xa zephyr/libzephyr.a(log_core.c.obj)
 .text.enable_logger
                0x000038aa        0xe zephyr/libzephyr.a(log_core.c.obj)
 .text.z_log_vprintk
                0x000038b8       0x1a zephyr/libzephyr.a(log_core.c.obj)
                0x000038b8                z_log_vprintk
 .text.z_log_notify_backend_enabled
                0x000038d2        0x2 zephyr/libzephyr.a(log_core.c.obj)
                0x000038d2                z_log_notify_backend_enabled
 .text.z_log_get_tag
                0x000038d4        0x4 zephyr/libzephyr.a(log_core.c.obj)
                0x000038d4                z_log_get_tag
 .text.log_backend_enable
                0x000038d8       0x16 zephyr/libzephyr.a(log_mgmt.c.obj)
                0x000038d8                log_backend_enable
 .text.z_log_msg_finalize
                0x000038ee       0x32 zephyr/libzephyr.a(log_msg.c.obj)
                0x000038ee                z_log_msg_finalize
 .text.z_log_msg_runtime_create.constprop.0
                0x00003920       0x1e zephyr/libzephyr.a(log_msg.c.obj)
 .text.log_output_write
                0x0000393e       0x1e zephyr/libzephyr.a(log_output.c.obj)
 .text.out_func
                0x0000395c       0x18 zephyr/libzephyr.a(log_output.c.obj)
 .text.cr_out_func
                0x00003974       0x1c zephyr/libzephyr.a(log_output.c.obj)
 .text.log_output_msg_process
                0x00003990       0x62 zephyr/libzephyr.a(log_output.c.obj)
                0x00003990                log_output_msg_process
 .text.format_set
                0x000039f2        0xc zephyr/libzephyr.a(log_backend_uart.c.obj)
 .text.log_backend_uart_init
                0x000039fe        0xc zephyr/libzephyr.a(log_backend_uart.c.obj)
 .text.panic    0x00003a0a       0x32 zephyr/libzephyr.a(log_backend_uart.c.obj)
 .text.process  0x00003a3c       0x1c zephyr/libzephyr.a(log_backend_uart.c.obj)
 .text.arch_early_memset
                0x00003a58        0x8 zephyr/arch/common/libarch__common.a(init.c.obj)
                0x00003a58                arch_early_memset
 .text.arch_early_memcpy
                0x00003a60        0x8 zephyr/arch/common/libarch__common.a(init.c.obj)
                0x00003a60                arch_early_memcpy
 .text.z_log_msg_runtime_create.constprop.0
                0x00003a68       0x1e zephyr/arch/arch/arm/core/libarch__arm__core.a(fatal.c.obj)
 .text.z_do_kernel_oops
                0x00003a86        0xc zephyr/arch/arch/arm/core/libarch__arm__core.a(fatal.c.obj)
                0x00003a86                z_do_kernel_oops
 .text.z_arm_nmi
                0x00003a92        0xc zephyr/arch/arch/arm/core/libarch__arm__core.a(nmi.c.obj)
                0x00003a92                z_arm_nmi
 .text.z_log_msg_runtime_create.constprop.0
                0x00003a9e       0x1e zephyr/arch/arch/arm/core/cortex_m/libarch__arm__core__cortex_m.a(fault.c.obj)
 .text.z_irq_spurious
                0x00003abc        0xc zephyr/arch/arch/arm/core/cortex_m/libarch__arm__core__cortex_m.a(irq_manage.c.obj)
                0x00003abc                z_irq_spurious
 .text.z_prep_c
                0x00003ac8       0x16 zephyr/arch/arch/arm/core/cortex_m/libarch__arm__core__cortex_m.a(prep_c.c.obj)
                0x00003ac8                z_prep_c
 .text.arch_coprocessors_disable
                0x00003ade        0x6 zephyr/arch/arch/arm/core/cortex_m/libarch__arm__core__cortex_m.a(thread.c.obj)
                0x00003ade                arch_coprocessors_disable
 .text.arch_irq_unlock_outlined
                0x00003ae4        0xc zephyr/arch/arch/arm/core/cortex_m/libarch__arm__core__cortex_m.a(thread.c.obj)
                0x00003ae4                arch_irq_unlock_outlined
 .text.arch_cpu_idle
                0x00003af0        0xe zephyr/arch/arch/arm/core/cortex_m/libarch__arm__core__cortex_m.a(cpu_idle.c.obj)
                0x00003af0                arch_cpu_idle
 .text.cbputc   0x00003afe        0xc zephyr/lib/libc/picolibc/liblib__libc__picolibc.a(cbprintf.c.obj)
 .text.picolibc_put
                0x00003b0a        0xa zephyr/lib/libc/picolibc/liblib__libc__picolibc.a(stdio.c.obj)
 .text.gpio_sam0_config
                0x00003b14       0x76 zephyr/drivers/gpio/libdrivers__gpio.a(gpio_sam0.c.obj)
 .text.gpio_sam0_port_get_raw
                0x00003b8a        0xc zephyr/drivers/gpio/libdrivers__gpio.a(gpio_sam0.c.obj)
 .text.gpio_sam0_port_set_masked_raw
                0x00003b96       0x12 zephyr/drivers/gpio/libdrivers__gpio.a(gpio_sam0.c.obj)
 .text.gpio_sam0_port_set_bits_raw
                0x00003ba8        0xa zephyr/drivers/gpio/libdrivers__gpio.a(gpio_sam0.c.obj)
 .text.gpio_sam0_port_clear_bits_raw
                0x00003bb2        0xa zephyr/drivers/gpio/libdrivers__gpio.a(gpio_sam0.c.obj)
 .text.gpio_sam0_port_toggle_bits
                0x00003bbc        0xa zephyr/drivers/gpio/libdrivers__gpio.a(gpio_sam0.c.obj)
 .text.gpio_sam0_manage_callback
                0x00003bc6       0x5a zephyr/drivers/gpio/libdrivers__gpio.a(gpio_sam0.c.obj)
 .text.gpio_sam0_init
                0x00003c20        0x4 zephyr/drivers/gpio/libdrivers__gpio.a(gpio_sam0.c.obj)
 .text.gpio_sam0_get_pending_int
                0x00003c24        0xc zephyr/drivers/gpio/libdrivers__gpio.a(gpio_sam0.c.obj)
 .text.gpio_sam0_isr
                0x00003c30       0x32 zephyr/drivers/gpio/libdrivers__gpio.a(gpio_sam0.c.obj)
 .text.wait_synchronization
                0x00003c62        0xa zephyr/drivers/i2c/libdrivers__i2c.a(i2c_sam0.c.obj)
 .text.i2c_sam0_irq_config_0
                0x00003c6c       0x14 zephyr/drivers/i2c/libdrivers__i2c.a(i2c_sam0.c.obj)
 .text.z_log_msg_runtime_create.constprop.0
                0x00003c80       0x1e zephyr/drivers/i2c/libdrivers__i2c.a(i2c_sam0.c.obj)
 .text.i2c_sam0_configure
                0x00003c9e       0x4a zephyr/drivers/i2c/libdrivers__i2c.a(i2c_sam0.c.obj)
 .text.pinctrl_lookup_state
                0x00003ce8       0x26 zephyr/drivers/pinctrl/libdrivers__pinctrl.a(common.c.obj)
                0x00003ce8                pinctrl_lookup_state
 .text.wait_synchronization
                0x00003d0e        0xa zephyr/drivers/serial/libdrivers__serial.a(uart_sam0.c.obj)
 .text.uart_sam0_poll_in
                0x00003d18       0x18 zephyr/drivers/serial/libdrivers__serial.a(uart_sam0.c.obj)
 .text.uart_sam0_poll_out
                0x00003d30        0xe zephyr/drivers/serial/libdrivers__serial.a(uart_sam0.c.obj)
 .text.uart_sam0_err_check
                0x00003d3e       0x30 zephyr/drivers/serial/libdrivers__serial.a(uart_sam0.c.obj)
 .text.uart_sam0_isr
                0x00003d6e       0x10 zephyr/drivers/serial/libdrivers__serial.a(uart_sam0.c.obj)
 .text.uart_sam0_fifo_fill
                0x00003d7e       0x1e zephyr/drivers/serial/libdrivers__serial.a(uart_sam0.c.obj)
 .text.uart_sam0_irq_tx_enable
                0x00003d9c        0xa zephyr/drivers/serial/libdrivers__serial.a(uart_sam0.c.obj)
 .text.uart_sam0_irq_tx_disable
                0x00003da6        0xa zephyr/drivers/serial/libdrivers__serial.a(uart_sam0.c.obj)
 .text.uart_sam0_irq_tx_ready
                0x00003db0       0x14 zephyr/drivers/serial/libdrivers__serial.a(uart_sam0.c.obj)
 .text.uart_sam0_irq_tx_complete
                0x00003dc4       0x18 zephyr/drivers/serial/libdrivers__serial.a(uart_sam0.c.obj)
 .text.uart_sam0_irq_rx_enable
                0x00003ddc        0xa zephyr/drivers/serial/libdrivers__serial.a(uart_sam0.c.obj)
 .text.uart_sam0_irq_rx_disable
                0x00003de6        0xa zephyr/drivers/serial/libdrivers__serial.a(uart_sam0.c.obj)
 .text.uart_sam0_irq_rx_ready
                0x00003df0       0x14 zephyr/drivers/serial/libdrivers__serial.a(uart_sam0.c.obj)
 .text.uart_sam0_fifo_read
                0x00003e04       0x22 zephyr/drivers/serial/libdrivers__serial.a(uart_sam0.c.obj)
 .text.uart_sam0_irq_is_pending
                0x00003e26       0x10 zephyr/drivers/serial/libdrivers__serial.a(uart_sam0.c.obj)
 .text.uart_sam0_irq_update
                0x00003e36        0xc zephyr/drivers/serial/libdrivers__serial.a(uart_sam0.c.obj)
 .text.uart_sam0_irq_callback_set
                0x00003e42        0x8 zephyr/drivers/serial/libdrivers__serial.a(uart_sam0.c.obj)
 .text.uart_sam0_config_get
                0x00003e4a       0x12 zephyr/drivers/serial/libdrivers__serial.a(uart_sam0.c.obj)
 .text.uart_sam0_irq_config_0
                0x00003e5c       0x14 zephyr/drivers/serial/libdrivers__serial.a(uart_sam0.c.obj)
 .text.do_device_init
                0x00003e70       0x32 zephyr/kernel/libkernel.a(device.c.obj)
                0x00003e70                do_device_init
 .text.z_impl_device_is_ready
                0x00003ea2       0x18 zephyr/kernel/libkernel.a(device.c.obj)
                0x00003ea2                z_impl_device_is_ready
 .text.z_log_msg_runtime_create.constprop.0
                0x00003eba       0x1e zephyr/kernel/libkernel.a(fatal.c.obj)
 .text.arch_system_halt
                0x00003ed8        0x8 zephyr/kernel/libkernel.a(fatal.c.obj)
                0x00003ed8                arch_system_halt
 .text.idle     0x00003ee0        0xe zephyr/kernel/libkernel.a(idle.c.obj)
                0x00003ee0                idle
 .text.z_impl_k_sem_init
                0x00003eee       0x1a zephyr/kernel/libkernel.a(sem.c.obj)
                0x00003eee                z_impl_k_sem_init
 .text.k_thread_name_get
                0x00003f08        0x4 zephyr/kernel/libkernel.a(thread.c.obj)
                0x00003f08                k_thread_name_get
 .text.sys_dlist_remove
                0x00003f0c       0x10 zephyr/kernel/libkernel.a(sched.c.obj)
 .text.unpend_thread_no_timeout
                0x00003f1c       0x16 zephyr/kernel/libkernel.a(sched.c.obj)
 .text.add_to_waitq_locked
                0x00003f32       0x4e zephyr/kernel/libkernel.a(sched.c.obj)
 .text.z_ready_thread
                0x00003f80       0x18 zephyr/kernel/libkernel.a(sched.c.obj)
                0x00003f80                z_ready_thread
 .text.z_sched_wake_thread
                0x00003f98       0x36 zephyr/kernel/libkernel.a(sched.c.obj)
                0x00003f98                z_sched_wake_thread
 .text.z_thread_timeout
                0x00003fce        0xc zephyr/kernel/libkernel.a(sched.c.obj)
                0x00003fce                z_thread_timeout
 .text.z_impl_k_sleep
                0x00003fda       0x38 zephyr/kernel/libkernel.a(sched.c.obj)
                0x00003fda                z_impl_k_sleep
 .text.z_abort_timeout
                0x00004012       0x4c zephyr/kernel/libkernel.a(timeout.c.obj)
                0x00004012                z_abort_timeout
 .text.sys_clock_tick_get_32
                0x0000405e        0x8 zephyr/kernel/libkernel.a(timeout.c.obj)
                0x0000405e                sys_clock_tick_get_32
 .text.z_impl_k_uptime_ticks
                0x00004066        0x8 zephyr/kernel/libkernel.a(timeout.c.obj)
                0x00004066                z_impl_k_uptime_ticks
 .text.z_impl_atomic_add
                0x0000406e       0x1a zephyr/kernel/libkernel.a(atomic_c.c.obj)
                0x0000406e                z_impl_atomic_add
 .text.z_impl_atomic_sub
                0x00004088       0x1a zephyr/kernel/libkernel.a(atomic_c.c.obj)
                0x00004088                z_impl_atomic_sub
 .text.memcpy   0x000040a2       0x12 C:/my-workspace/zephyr-app-ufsm00292/AppJaqueline/build/modules/picolibc/libc.a(memcpy.c.obj)
                0x000040a2                __aeabi_memcpy
                0x000040a2                __aeabi_memcpy4
                0x000040a2                __aeabi_memcpy8
                0x000040a2                memcpy
 .text.memset   0x000040b4       0x10 C:/my-workspace/zephyr-app-ufsm00292/AppJaqueline/build/modules/picolibc/libc.a(memset.c.obj)
                0x000040b4                memset
 .text.strnlen  0x000040c4       0x16 C:/my-workspace/zephyr-app-ufsm00292/AppJaqueline/build/modules/picolibc/libc.a(strnlen.c.obj)
                0x000040c4                strnlen
 .text.__ultoa_invert
                0x000040da      0x12c C:/my-workspace/zephyr-app-ufsm00292/AppJaqueline/build/modules/picolibc/libc.a(vflprintf.c.obj)
 *(SORT_BY_ALIGNMENT(.TEXT.*))
 *(SORT_BY_ALIGNMENT(.gnu.linkonce.t.*))
 *(SORT_BY_ALIGNMENT(.glue_7t))
 .glue_7t       0x00004206        0x0 linker stubs
 *(SORT_BY_ALIGNMENT(.glue_7))
 .glue_7        0x00004206        0x0 linker stubs
 *(SORT_BY_ALIGNMENT(.vfp11_veneer))
 .vfp11_veneer  0x00004206        0x0 linker stubs
 *(SORT_BY_ALIGNMENT(.v4_bx))
 .v4_bx         0x00004206        0x0 linker stubs
                0x00004208                        . = ALIGN (0x4)
 *fill*         0x00004206        0x2 
                0x00004208                        __text_region_end = .

.ARM.exidx      0x00004208        0x8
                0x00004208                        __exidx_start = .
 *(SORT_BY_ALIGNMENT(.ARM.exidx*) SORT_BY_ALIGNMENT(gnu.linkonce.armexidx.*))
 .ARM.exidx.text.__udivmoddi4
                0x00004208        0x8 C:/Users/Jaque/Downloads/arm-gnu-toolchain-14.3.rel1-mingw-w64-i686-arm-none-eabi/bin/../lib/gcc/arm-none-eabi/14.3.1/thumb/v6-m/nofp\libgcc.a(_udivmoddi4.o)
                0x00004210                        __exidx_end = .
                0x00004210                        __rodata_region_start = .

initlevel       0x00004210       0x50
                0x00004210                        __init_start = .
                0x00004210                        __init_EARLY_start = .
 *(SORT_BY_NAME(SORT_BY_ALIGNMENT(.z_init_EARLY_P_?_*)))
 *(SORT_BY_NAME(SORT_BY_ALIGNMENT(.z_init_EARLY_P_??_*)))
 *(SORT_BY_NAME(SORT_BY_ALIGNMENT(.z_init_EARLY_P_???_*)))
                0x00004210                        __init_PRE_KERNEL_1_start = .
 *(SORT_BY_NAME(SORT_BY_ALIGNMENT(.z_init_PRE_KERNEL_1_P_?_*)))
 *(SORT_BY_NAME(SORT_BY_ALIGNMENT(.z_init_PRE_KERNEL_1_P_??_*)))
 .z_init_PRE_KERNEL_1_P_40_SUB_00009_
                0x00004210        0x8 zephyr/drivers/gpio/libdrivers__gpio.a(gpio_sam0.c.obj)
 .z_init_PRE_KERNEL_1_P_40_SUB_00027_
                0x00004218        0x8 zephyr/drivers/interrupt_controller/libdrivers__interrupt_controller.a(intc_sam0_eic.c.obj)
 .z_init_PRE_KERNEL_1_P_40_SUB_00052_
                0x00004220        0x8 zephyr/drivers/gpio/libdrivers__gpio.a(gpio_sam0.c.obj)
 .z_init_PRE_KERNEL_1_P_40_SUB_00061_
                0x00004228        0x8 zephyr/drivers/gpio/libdrivers__gpio.a(gpio_sam0.c.obj)
 .z_init_PRE_KERNEL_1_P_50_SUB_00033_
                0x00004230        0x8 zephyr/drivers/serial/libdrivers__serial.a(uart_sam0.c.obj)
 .z_init_PRE_KERNEL_1_P_60_SUB_0_
                0x00004238        0x8 zephyr/drivers/console/libdrivers__console.a(uart_console.c.obj)
 *(SORT_BY_NAME(SORT_BY_ALIGNMENT(.z_init_PRE_KERNEL_1_P_???_*)))
                0x00004240                        __init_PRE_KERNEL_2_start = .
 *(SORT_BY_NAME(SORT_BY_ALIGNMENT(.z_init_PRE_KERNEL_2_P_?_*)))
 .z_init_PRE_KERNEL_2_P_0_SUB_0_
                0x00004240        0x8 zephyr/drivers/timer/libdrivers__timer.a(cortex_m_systick.c.obj)
 *(SORT_BY_NAME(SORT_BY_ALIGNMENT(.z_init_PRE_KERNEL_2_P_??_*)))
 *(SORT_BY_NAME(SORT_BY_ALIGNMENT(.z_init_PRE_KERNEL_2_P_???_*)))
                0x00004248                        __init_POST_KERNEL_start = .
 *(SORT_BY_NAME(SORT_BY_ALIGNMENT(.z_init_POST_KERNEL_P_?_*)))
 .z_init_POST_KERNEL_P_0_SUB_0_
                0x00004248        0x8 zephyr/libzephyr.a(log_core.c.obj)
 *(SORT_BY_NAME(SORT_BY_ALIGNMENT(.z_init_POST_KERNEL_P_??_*)))
 .z_init_POST_KERNEL_P_35_SUB_0_
                0x00004250        0x8 zephyr/lib/libc/common/liblib__libc__common.a(malloc.c.obj)
 .z_init_POST_KERNEL_P_50_SUB_00035_
                0x00004258        0x8 zephyr/drivers/i2c/libdrivers__i2c.a(i2c_sam0.c.obj)
 *(SORT_BY_NAME(SORT_BY_ALIGNMENT(.z_init_POST_KERNEL_P_???_*)))
                0x00004260                        __init_APPLICATION_start = .
 *(SORT_BY_NAME(SORT_BY_ALIGNMENT(.z_init_APPLICATION_P_?_*)))
 *(SORT_BY_NAME(SORT_BY_ALIGNMENT(.z_init_APPLICATION_P_??_*)))
 *(SORT_BY_NAME(SORT_BY_ALIGNMENT(.z_init_APPLICATION_P_???_*)))
                0x00004260                        __init_SMP_start = .
 *(SORT_BY_NAME(SORT_BY_ALIGNMENT(.z_init_SMP_P_?_*)))
 *(SORT_BY_NAME(SORT_BY_ALIGNMENT(.z_init_SMP_P_??_*)))
 *(SORT_BY_NAME(SORT_BY_ALIGNMENT(.z_init_SMP_P_???_*)))
                0x00004260                        __init_end = .

device_area     0x00004260       0xc0
                0x00004260                        _device_list_start = .
 *(SORT_BY_NAME(SORT_BY_ALIGNMENT(._device.static.*_?_*)))
 *(SORT_BY_NAME(SORT_BY_ALIGNMENT(._device.static.*_??_*)))
 ._device.static.1_40_
                0x00004260       0x20 zephyr/drivers/interrupt_controller/libdrivers__interrupt_controller.a(intc_sam0_eic.c.obj)
                0x00004260                __device_dts_ord_27
 ._device.static.1_40_
                0x00004280       0x60 zephyr/drivers/gpio/libdrivers__gpio.a(gpio_sam0.c.obj)
                0x00004280                __device_dts_ord_52
                0x000042a0                __device_dts_ord_61
                0x000042c0                __device_dts_ord_9
 ._device.static.1_50_
                0x000042e0       0x20 zephyr/drivers/serial/libdrivers__serial.a(uart_sam0.c.obj)
                0x000042e0                __device_dts_ord_33
 ._device.static.3_50_
                0x00004300       0x20 zephyr/drivers/i2c/libdrivers__i2c.a(i2c_sam0.c.obj)
                0x00004300                __device_dts_ord_35
 *(SORT_BY_NAME(SORT_BY_ALIGNMENT(._device.static.*_???_*)))
 *(SORT_BY_NAME(SORT_BY_ALIGNMENT(._device.static.*_????_*)))
 *(SORT_BY_NAME(SORT_BY_ALIGNMENT(._device.static.*_?????_*)))
                0x00004320                        _device_list_end = .

sw_isr_table    0x00004320       0xe0
                0x00004320                        . = ALIGN (0x4)
 *(SORT_BY_ALIGNMENT(.gnu.linkonce.sw_isr_table*))
 .gnu.linkonce.sw_isr_table
                0x00004320       0xe0 zephyr/arch/common/libisr_tables.a(isr_tables.c.obj)
                0x00004320                _sw_isr_table

initlevel_error
 *(SORT_BY_NAME(SORT_BY_ALIGNMENT(.z_init_*)))
                0x00000001                        ASSERT ((SIZEOF (initlevel_error) == 0x0), Undefined initialization levels used.)

app_shmem_regions
                0x00004400        0x0
                0x00004400                        __app_shmem_regions_start = .
 *(SORT_BY_NAME(SORT_BY_ALIGNMENT(.app_regions.*)))
                0x00004400                        __app_shmem_regions_end = .

k_p4wq_initparam_area
                0x00004400        0x0
                0x00004400                        _k_p4wq_initparam_list_start = .
 *(SORT_BY_NAME(SORT_BY_ALIGNMENT(._k_p4wq_initparam.static.*)))
                0x00004400                        _k_p4wq_initparam_list_end = .

_static_thread_data_area
                0x00004400        0x0
                0x00004400                        __static_thread_data_list_start = .
 *(SORT_BY_NAME(SORT_BY_ALIGNMENT(.__static_thread_data.static.*)))
                0x00004400                        __static_thread_data_list_end = .

device_deps     0x00004400        0x0
                0x00004400                        __device_deps_start = .
 *(SORT_BY_NAME(SORT_BY_ALIGNMENT(.__device_deps_pass2*)))
                0x00004400                        __device_deps_end = .

gpio_driver_api_area
                0x00004400       0x24
                0x00004400                        _gpio_driver_api_list_start = .
 *(SORT_BY_NAME(SORT_BY_ALIGNMENT(._gpio_driver_api.static.*)))
 ._gpio_driver_api.static.gpio_sam0_api_
                0x00004400       0x24 zephyr/drivers/gpio/libdrivers__gpio.a(gpio_sam0.c.obj)
                0x00004424                        _gpio_driver_api_list_end = .

i2c_driver_api_area
                0x00004424       0x18
                0x00004424                        _i2c_driver_api_list_start = .
 *(SORT_BY_NAME(SORT_BY_ALIGNMENT(._i2c_driver_api.static.*)))
 ._i2c_driver_api.static.i2c_sam0_driver_api_
                0x00004424       0x18 zephyr/drivers/i2c/libdrivers__i2c.a(i2c_sam0.c.obj)
                0x0000443c                        _i2c_driver_api_list_end = .

i2c_target_driver_api_area
                0x0000443c        0x0
                0x0000443c                        _i2c_target_driver_api_list_start = .
 *(SORT_BY_NAME(SORT_BY_ALIGNMENT(._i2c_target_driver_api.static.*)))
                0x0000443c                        _i2c_target_driver_api_list_end = .

sensor_driver_api_area
                0x0000443c        0x0
                0x0000443c                        _sensor_driver_api_list_start = .
 *(SORT_BY_NAME(SORT_BY_ALIGNMENT(._sensor_driver_api.static.*)))
                0x0000443c                        _sensor_driver_api_list_end = .

shared_irq_driver_api_area
                0x0000443c        0x0
                0x0000443c                        _shared_irq_driver_api_list_start = .
 *(SORT_BY_NAME(SORT_BY_ALIGNMENT(._shared_irq_driver_api.static.*)))
                0x0000443c                        _shared_irq_driver_api_list_end = .

crypto_driver_api_area
                0x0000443c        0x0
                0x0000443c                        _crypto_driver_api_list_start = .
 *(SORT_BY_NAME(SORT_BY_ALIGNMENT(._crypto_driver_api.static.*)))
                0x0000443c                        _crypto_driver_api_list_end = .

adc_driver_api_area
                0x0000443c        0x0
                0x0000443c                        _adc_driver_api_list_start = .
 *(SORT_BY_NAME(SORT_BY_ALIGNMENT(._adc_driver_api.static.*)))
                0x0000443c                        _adc_driver_api_list_end = .

auxdisplay_driver_api_area
                0x0000443c        0x0
                0x0000443c                        _auxdisplay_driver_api_list_start = .
 *(SORT_BY_NAME(SORT_BY_ALIGNMENT(._auxdisplay_driver_api.static.*)))
                0x0000443c                        _auxdisplay_driver_api_list_end = .

bbram_driver_api_area
                0x0000443c        0x0
                0x0000443c                        _bbram_driver_api_list_start = .
 *(SORT_BY_NAME(SORT_BY_ALIGNMENT(._bbram_driver_api.static.*)))
                0x0000443c                        _bbram_driver_api_list_end = .

bt_hci_driver_api_area
                0x0000443c        0x0
                0x0000443c                        _bt_hci_driver_api_list_start = .
 *(SORT_BY_NAME(SORT_BY_ALIGNMENT(._bt_hci_driver_api.static.*)))
                0x0000443c                        _bt_hci_driver_api_list_end = .

can_driver_api_area
                0x0000443c        0x0
                0x0000443c                        _can_driver_api_list_start = .
 *(SORT_BY_NAME(SORT_BY_ALIGNMENT(._can_driver_api.static.*)))
                0x0000443c                        _can_driver_api_list_end = .

cellular_driver_api_area
                0x0000443c        0x0
                0x0000443c                        _cellular_driver_api_list_start = .
 *(SORT_BY_NAME(SORT_BY_ALIGNMENT(._cellular_driver_api.static.*)))
                0x0000443c                        _cellular_driver_api_list_end = .

charger_driver_api_area
                0x0000443c        0x0
                0x0000443c                        _charger_driver_api_list_start = .
 *(SORT_BY_NAME(SORT_BY_ALIGNMENT(._charger_driver_api.static.*)))
                0x0000443c                        _charger_driver_api_list_end = .

clock_control_driver_api_area
                0x0000443c        0x0
                0x0000443c                        _clock_control_driver_api_list_start = .
 *(SORT_BY_NAME(SORT_BY_ALIGNMENT(._clock_control_driver_api.static.*)))
                0x0000443c                        _clock_control_driver_api_list_end = .

comparator_driver_api_area
                0x0000443c        0x0
                0x0000443c                        _comparator_driver_api_list_start = .
 *(SORT_BY_NAME(SORT_BY_ALIGNMENT(._comparator_driver_api.static.*)))
                0x0000443c                        _comparator_driver_api_list_end = .

coredump_driver_api_area
                0x0000443c        0x0
                0x0000443c                        _coredump_driver_api_list_start = .
 *(SORT_BY_NAME(SORT_BY_ALIGNMENT(._coredump_driver_api.static.*)))
                0x0000443c                        _coredump_driver_api_list_end = .

counter_driver_api_area
                0x0000443c        0x0
                0x0000443c                        _counter_driver_api_list_start = .
 *(SORT_BY_NAME(SORT_BY_ALIGNMENT(._counter_driver_api.static.*)))
                0x0000443c                        _counter_driver_api_list_end = .

crc_driver_api_area
                0x0000443c        0x0
                0x0000443c                        _crc_driver_api_list_start = .
 *(SORT_BY_NAME(SORT_BY_ALIGNMENT(._crc_driver_api.static.*)))
                0x0000443c                        _crc_driver_api_list_end = .

dac_driver_api_area
                0x0000443c        0x0
                0x0000443c                        _dac_driver_api_list_start = .
 *(SORT_BY_NAME(SORT_BY_ALIGNMENT(._dac_driver_api.static.*)))
                0x0000443c                        _dac_driver_api_list_end = .

dai_driver_api_area
                0x0000443c        0x0
                0x0000443c                        _dai_driver_api_list_start = .
 *(SORT_BY_NAME(SORT_BY_ALIGNMENT(._dai_driver_api.static.*)))
                0x0000443c                        _dai_driver_api_list_end = .

display_driver_api_area
                0x0000443c        0x0
                0x0000443c                        _display_driver_api_list_start = .
 *(SORT_BY_NAME(SORT_BY_ALIGNMENT(._display_driver_api.static.*)))
                0x0000443c                        _display_driver_api_list_end = .

dma_driver_api_area
                0x0000443c        0x0
                0x0000443c                        _dma_driver_api_list_start = .
 *(SORT_BY_NAME(SORT_BY_ALIGNMENT(._dma_driver_api.static.*)))
                0x0000443c                        _dma_driver_api_list_end = .

edac_driver_api_area
                0x0000443c        0x0
                0x0000443c                        _edac_driver_api_list_start = .
 *(SORT_BY_NAME(SORT_BY_ALIGNMENT(._edac_driver_api.static.*)))
                0x0000443c                        _edac_driver_api_list_end = .

eeprom_driver_api_area
                0x0000443c        0x0
                0x0000443c                        _eeprom_driver_api_list_start = .
 *(SORT_BY_NAME(SORT_BY_ALIGNMENT(._eeprom_driver_api.static.*)))
                0x0000443c                        _eeprom_driver_api_list_end = .

emul_bbram_driver_api_area
                0x0000443c        0x0
                0x0000443c                        _emul_bbram_driver_api_list_start = .
 *(SORT_BY_NAME(SORT_BY_ALIGNMENT(._emul_bbram_driver_api.static.*)))
                0x0000443c                        _emul_bbram_driver_api_list_end = .

fuel_gauge_emul_driver_api_area
                0x0000443c        0x0
                0x0000443c                        _fuel_gauge_emul_driver_api_list_start = .
 *(SORT_BY_NAME(SORT_BY_ALIGNMENT(._fuel_gauge_emul_driver_api.static.*)))
                0x0000443c                        _fuel_gauge_emul_driver_api_list_end = .

emul_sensor_driver_api_area
                0x0000443c        0x0
                0x0000443c                        _emul_sensor_driver_api_list_start = .
 *(SORT_BY_NAME(SORT_BY_ALIGNMENT(._emul_sensor_driver_api.static.*)))
                0x0000443c                        _emul_sensor_driver_api_list_end = .

entropy_driver_api_area
                0x0000443c        0x0
                0x0000443c                        _entropy_driver_api_list_start = .
 *(SORT_BY_NAME(SORT_BY_ALIGNMENT(._entropy_driver_api.static.*)))
                0x0000443c                        _entropy_driver_api_list_end = .

espi_driver_api_area
                0x0000443c        0x0
                0x0000443c                        _espi_driver_api_list_start = .
 *(SORT_BY_NAME(SORT_BY_ALIGNMENT(._espi_driver_api.static.*)))
                0x0000443c                        _espi_driver_api_list_end = .

espi_saf_driver_api_area
                0x0000443c        0x0
                0x0000443c                        _espi_saf_driver_api_list_start = .
 *(SORT_BY_NAME(SORT_BY_ALIGNMENT(._espi_saf_driver_api.static.*)))
                0x0000443c                        _espi_saf_driver_api_list_end = .

flash_driver_api_area
                0x0000443c        0x0
                0x0000443c                        _flash_driver_api_list_start = .
 *(SORT_BY_NAME(SORT_BY_ALIGNMENT(._flash_driver_api.static.*)))
                0x0000443c                        _flash_driver_api_list_end = .

fpga_driver_api_area
                0x0000443c        0x0
                0x0000443c                        _fpga_driver_api_list_start = .
 *(SORT_BY_NAME(SORT_BY_ALIGNMENT(._fpga_driver_api.static.*)))
                0x0000443c                        _fpga_driver_api_list_end = .

fuel_gauge_driver_api_area
                0x0000443c        0x0
                0x0000443c                        _fuel_gauge_driver_api_list_start = .
 *(SORT_BY_NAME(SORT_BY_ALIGNMENT(._fuel_gauge_driver_api.static.*)))
                0x0000443c                        _fuel_gauge_driver_api_list_end = .

gnss_driver_api_area
                0x0000443c        0x0
                0x0000443c                        _gnss_driver_api_list_start = .
 *(SORT_BY_NAME(SORT_BY_ALIGNMENT(._gnss_driver_api.static.*)))
                0x0000443c                        _gnss_driver_api_list_end = .

haptics_driver_api_area
                0x0000443c        0x0
                0x0000443c                        _haptics_driver_api_list_start = .
 *(SORT_BY_NAME(SORT_BY_ALIGNMENT(._haptics_driver_api.static.*)))
                0x0000443c                        _haptics_driver_api_list_end = .

hwspinlock_driver_api_area
                0x0000443c        0x0
                0x0000443c                        _hwspinlock_driver_api_list_start = .
 *(SORT_BY_NAME(SORT_BY_ALIGNMENT(._hwspinlock_driver_api.static.*)))
                0x0000443c                        _hwspinlock_driver_api_list_end = .

i2s_driver_api_area
                0x0000443c        0x0
                0x0000443c                        _i2s_driver_api_list_start = .
 *(SORT_BY_NAME(SORT_BY_ALIGNMENT(._i2s_driver_api.static.*)))
                0x0000443c                        _i2s_driver_api_list_end = .

i3c_driver_api_area
                0x0000443c        0x0
                0x0000443c                        _i3c_driver_api_list_start = .
 *(SORT_BY_NAME(SORT_BY_ALIGNMENT(._i3c_driver_api.static.*)))
                0x0000443c                        _i3c_driver_api_list_end = .

ipm_driver_api_area
                0x0000443c        0x0
                0x0000443c                        _ipm_driver_api_list_start = .
 *(SORT_BY_NAME(SORT_BY_ALIGNMENT(._ipm_driver_api.static.*)))
                0x0000443c                        _ipm_driver_api_list_end = .

led_driver_api_area
                0x0000443c        0x0
                0x0000443c                        _led_driver_api_list_start = .
 *(SORT_BY_NAME(SORT_BY_ALIGNMENT(._led_driver_api.static.*)))
                0x0000443c                        _led_driver_api_list_end = .

led_strip_driver_api_area
                0x0000443c        0x0
                0x0000443c                        _led_strip_driver_api_list_start = .
 *(SORT_BY_NAME(SORT_BY_ALIGNMENT(._led_strip_driver_api.static.*)))
                0x0000443c                        _led_strip_driver_api_list_end = .

lora_driver_api_area
                0x0000443c        0x0
                0x0000443c                        _lora_driver_api_list_start = .
 *(SORT_BY_NAME(SORT_BY_ALIGNMENT(._lora_driver_api.static.*)))
                0x0000443c                        _lora_driver_api_list_end = .

mbox_driver_api_area
                0x0000443c        0x0
                0x0000443c                        _mbox_driver_api_list_start = .
 *(SORT_BY_NAME(SORT_BY_ALIGNMENT(._mbox_driver_api.static.*)))
                0x0000443c                        _mbox_driver_api_list_end = .

mdio_driver_api_area
                0x0000443c        0x0
                0x0000443c                        _mdio_driver_api_list_start = .
 *(SORT_BY_NAME(SORT_BY_ALIGNMENT(._mdio_driver_api.static.*)))
                0x0000443c                        _mdio_driver_api_list_end = .

mipi_dbi_driver_api_area
                0x0000443c        0x0
                0x0000443c                        _mipi_dbi_driver_api_list_start = .
 *(SORT_BY_NAME(SORT_BY_ALIGNMENT(._mipi_dbi_driver_api.static.*)))
                0x0000443c                        _mipi_dbi_driver_api_list_end = .

mipi_dsi_driver_api_area
                0x0000443c        0x0
                0x0000443c                        _mipi_dsi_driver_api_list_start = .
 *(SORT_BY_NAME(SORT_BY_ALIGNMENT(._mipi_dsi_driver_api.static.*)))
                0x0000443c                        _mipi_dsi_driver_api_list_end = .

mspi_driver_api_area
                0x0000443c        0x0
                0x0000443c                        _mspi_driver_api_list_start = .
 *(SORT_BY_NAME(SORT_BY_ALIGNMENT(._mspi_driver_api.static.*)))
                0x0000443c                        _mspi_driver_api_list_end = .

opamp_driver_api_area
                0x0000443c        0x0
                0x0000443c                        _opamp_driver_api_list_start = .
 *(SORT_BY_NAME(SORT_BY_ALIGNMENT(._opamp_driver_api.static.*)))
                0x0000443c                        _opamp_driver_api_list_end = .

peci_driver_api_area
                0x0000443c        0x0
                0x0000443c                        _peci_driver_api_list_start = .
 *(SORT_BY_NAME(SORT_BY_ALIGNMENT(._peci_driver_api.static.*)))
                0x0000443c                        _peci_driver_api_list_end = .

ps2_driver_api_area
                0x0000443c        0x0
                0x0000443c                        _ps2_driver_api_list_start = .
 *(SORT_BY_NAME(SORT_BY_ALIGNMENT(._ps2_driver_api.static.*)))
                0x0000443c                        _ps2_driver_api_list_end = .

ptp_clock_driver_api_area
                0x0000443c        0x0
                0x0000443c                        _ptp_clock_driver_api_list_start = .
 *(SORT_BY_NAME(SORT_BY_ALIGNMENT(._ptp_clock_driver_api.static.*)))
                0x0000443c                        _ptp_clock_driver_api_list_end = .

pwm_driver_api_area
                0x0000443c        0x0
                0x0000443c                        _pwm_driver_api_list_start = .
 *(SORT_BY_NAME(SORT_BY_ALIGNMENT(._pwm_driver_api.static.*)))
                0x0000443c                        _pwm_driver_api_list_end = .

regulator_parent_driver_api_area
                0x0000443c        0x0
                0x0000443c                        _regulator_parent_driver_api_list_start = .
 *(SORT_BY_NAME(SORT_BY_ALIGNMENT(._regulator_parent_driver_api.static.*)))
                0x0000443c                        _regulator_parent_driver_api_list_end = .

regulator_driver_api_area
                0x0000443c        0x0
                0x0000443c                        _regulator_driver_api_list_start = .
 *(SORT_BY_NAME(SORT_BY_ALIGNMENT(._regulator_driver_api.static.*)))
                0x0000443c                        _regulator_driver_api_list_end = .

reset_driver_api_area
                0x0000443c        0x0
                0x0000443c                        _reset_driver_api_list_start = .
 *(SORT_BY_NAME(SORT_BY_ALIGNMENT(._reset_driver_api.static.*)))
                0x0000443c                        _reset_driver_api_list_end = .

retained_mem_driver_api_area
                0x0000443c        0x0
                0x0000443c                        _retained_mem_driver_api_list_start = .
 *(SORT_BY_NAME(SORT_BY_ALIGNMENT(._retained_mem_driver_api.static.*)))
                0x0000443c                        _retained_mem_driver_api_list_end = .

rtc_driver_api_area
                0x0000443c        0x0
                0x0000443c                        _rtc_driver_api_list_start = .
 *(SORT_BY_NAME(SORT_BY_ALIGNMENT(._rtc_driver_api.static.*)))
                0x0000443c                        _rtc_driver_api_list_end = .

sdhc_driver_api_area
                0x0000443c        0x0
                0x0000443c                        _sdhc_driver_api_list_start = .
 *(SORT_BY_NAME(SORT_BY_ALIGNMENT(._sdhc_driver_api.static.*)))
                0x0000443c                        _sdhc_driver_api_list_end = .

smbus_driver_api_area
                0x0000443c        0x0
                0x0000443c                        _smbus_driver_api_list_start = .
 *(SORT_BY_NAME(SORT_BY_ALIGNMENT(._smbus_driver_api.static.*)))
                0x0000443c                        _smbus_driver_api_list_end = .

spi_driver_api_area
                0x0000443c        0x0
                0x0000443c                        _spi_driver_api_list_start = .
 *(SORT_BY_NAME(SORT_BY_ALIGNMENT(._spi_driver_api.static.*)))
                0x0000443c                        _spi_driver_api_list_end = .

stepper_driver_api_area
                0x0000443c        0x0
                0x0000443c                        _stepper_driver_api_list_start = .
 *(SORT_BY_NAME(SORT_BY_ALIGNMENT(._stepper_driver_api.static.*)))
                0x0000443c                        _stepper_driver_api_list_end = .

syscon_driver_api_area
                0x0000443c        0x0
                0x0000443c                        _syscon_driver_api_list_start = .
 *(SORT_BY_NAME(SORT_BY_ALIGNMENT(._syscon_driver_api.static.*)))
                0x0000443c                        _syscon_driver_api_list_end = .

tee_driver_api_area
                0x0000443c        0x0
                0x0000443c                        _tee_driver_api_list_start = .
 *(SORT_BY_NAME(SORT_BY_ALIGNMENT(._tee_driver_api.static.*)))
                0x0000443c                        _tee_driver_api_list_end = .

video_driver_api_area
                0x0000443c        0x0
                0x0000443c                        _video_driver_api_list_start = .
 *(SORT_BY_NAME(SORT_BY_ALIGNMENT(._video_driver_api.static.*)))
                0x0000443c                        _video_driver_api_list_end = .

virtio_driver_api_area
                0x0000443c        0x0
                0x0000443c                        _virtio_driver_api_list_start = .
 *(SORT_BY_NAME(SORT_BY_ALIGNMENT(._virtio_driver_api.static.*)))
                0x0000443c                        _virtio_driver_api_list_end = .

w1_driver_api_area
                0x0000443c        0x0
                0x0000443c                        _w1_driver_api_list_start = .
 *(SORT_BY_NAME(SORT_BY_ALIGNMENT(._w1_driver_api.static.*)))
                0x0000443c                        _w1_driver_api_list_end = .

wdt_driver_api_area
                0x0000443c        0x0
                0x0000443c                        _wdt_driver_api_list_start = .
 *(SORT_BY_NAME(SORT_BY_ALIGNMENT(._wdt_driver_api.static.*)))
                0x0000443c                        _wdt_driver_api_list_end = .

can_transceiver_driver_api_area
                0x0000443c        0x0
                0x0000443c                        _can_transceiver_driver_api_list_start = .
 *(SORT_BY_NAME(SORT_BY_ALIGNMENT(._can_transceiver_driver_api.static.*)))
                0x0000443c                        _can_transceiver_driver_api_list_end = .

nrf_clock_control_driver_api_area
                0x0000443c        0x0
                0x0000443c                        _nrf_clock_control_driver_api_list_start = .
 *(SORT_BY_NAME(SORT_BY_ALIGNMENT(._nrf_clock_control_driver_api.static.*)))
                0x0000443c                        _nrf_clock_control_driver_api_list_end = .

i3c_target_driver_api_area
                0x0000443c        0x0
                0x0000443c                        _i3c_target_driver_api_list_start = .
 *(SORT_BY_NAME(SORT_BY_ALIGNMENT(._i3c_target_driver_api.static.*)))
                0x0000443c                        _i3c_target_driver_api_list_end = .

its_driver_api_area
                0x0000443c        0x0
                0x0000443c                        _its_driver_api_list_start = .
 *(SORT_BY_NAME(SORT_BY_ALIGNMENT(._its_driver_api.static.*)))
                0x0000443c                        _its_driver_api_list_end = .

vtd_driver_api_area
                0x0000443c        0x0
                0x0000443c                        _vtd_driver_api_list_start = .
 *(SORT_BY_NAME(SORT_BY_ALIGNMENT(._vtd_driver_api.static.*)))
                0x0000443c                        _vtd_driver_api_list_end = .

renesas_elc_driver_api_area
                0x0000443c        0x0
                0x0000443c                        _renesas_elc_driver_api_list_start = .
 *(SORT_BY_NAME(SORT_BY_ALIGNMENT(._renesas_elc_driver_api.static.*)))
                0x0000443c                        _renesas_elc_driver_api_list_end = .

tgpio_driver_api_area
                0x0000443c        0x0
                0x0000443c                        _tgpio_driver_api_list_start = .
 *(SORT_BY_NAME(SORT_BY_ALIGNMENT(._tgpio_driver_api.static.*)))
                0x0000443c                        _tgpio_driver_api_list_end = .

pcie_ctrl_driver_api_area
                0x0000443c        0x0
                0x0000443c                        _pcie_ctrl_driver_api_list_start = .
 *(SORT_BY_NAME(SORT_BY_ALIGNMENT(._pcie_ctrl_driver_api.static.*)))
                0x0000443c                        _pcie_ctrl_driver_api_list_end = .

pcie_ep_driver_api_area
                0x0000443c        0x0
                0x0000443c                        _pcie_ep_driver_api_list_start = .
 *(SORT_BY_NAME(SORT_BY_ALIGNMENT(._pcie_ep_driver_api.static.*)))
                0x0000443c                        _pcie_ep_driver_api_list_end = .

psi5_driver_api_area
                0x0000443c        0x0
                0x0000443c                        _psi5_driver_api_list_start = .
 *(SORT_BY_NAME(SORT_BY_ALIGNMENT(._psi5_driver_api.static.*)))
                0x0000443c                        _psi5_driver_api_list_end = .

sent_driver_api_area
                0x0000443c        0x0
                0x0000443c                        _sent_driver_api_list_start = .
 *(SORT_BY_NAME(SORT_BY_ALIGNMENT(._sent_driver_api.static.*)))
                0x0000443c                        _sent_driver_api_list_end = .

svc_driver_api_area
                0x0000443c        0x0
                0x0000443c                        _svc_driver_api_list_start = .
 *(SORT_BY_NAME(SORT_BY_ALIGNMENT(._svc_driver_api.static.*)))
                0x0000443c                        _svc_driver_api_list_end = .

uart_driver_api_area
                0x0000443c       0x4c
                0x0000443c                        _uart_driver_api_list_start = .
 *(SORT_BY_NAME(SORT_BY_ALIGNMENT(._uart_driver_api.static.*)))
 ._uart_driver_api.static.uart_sam0_driver_api_
                0x0000443c       0x4c zephyr/drivers/serial/libdrivers__serial.a(uart_sam0.c.obj)
                0x00004488                        _uart_driver_api_list_end = .

bc12_emul_driver_api_area
                0x00004488        0x0
                0x00004488                        _bc12_emul_driver_api_list_start = .
 *(SORT_BY_NAME(SORT_BY_ALIGNMENT(._bc12_emul_driver_api.static.*)))
                0x00004488                        _bc12_emul_driver_api_list_end = .

bc12_driver_api_area
                0x00004488        0x0
                0x00004488                        _bc12_driver_api_list_start = .
 *(SORT_BY_NAME(SORT_BY_ALIGNMENT(._bc12_driver_api.static.*)))
                0x00004488                        _bc12_driver_api_list_end = .

usbc_ppc_driver_api_area
                0x00004488        0x0
                0x00004488                        _usbc_ppc_driver_api_list_start = .
 *(SORT_BY_NAME(SORT_BY_ALIGNMENT(._usbc_ppc_driver_api.static.*)))
                0x00004488                        _usbc_ppc_driver_api_list_end = .

tcpc_driver_api_area
                0x00004488        0x0
                0x00004488                        _tcpc_driver_api_list_start = .
 *(SORT_BY_NAME(SORT_BY_ALIGNMENT(._tcpc_driver_api.static.*)))
                0x00004488                        _tcpc_driver_api_list_end = .

usbc_vbus_driver_api_area
                0x00004488        0x0
                0x00004488                        _usbc_vbus_driver_api_list_start = .
 *(SORT_BY_NAME(SORT_BY_ALIGNMENT(._usbc_vbus_driver_api.static.*)))
                0x00004488                        _usbc_vbus_driver_api_list_end = .

ivshmem_driver_api_area
                0x00004488        0x0
                0x00004488                        _ivshmem_driver_api_list_start = .
 *(SORT_BY_NAME(SORT_BY_ALIGNMENT(._ivshmem_driver_api.static.*)))
                0x00004488                        _ivshmem_driver_api_list_end = .

ethphy_driver_api_area
                0x00004488        0x0
                0x00004488                        _ethphy_driver_api_list_start = .
 *(SORT_BY_NAME(SORT_BY_ALIGNMENT(._ethphy_driver_api.static.*)))
                0x00004488                        _ethphy_driver_api_list_end = .

ztest           0x00004488        0x0
                0x00004488                        _ztest_expected_result_entry_list_start = .
 *(SORT_BY_NAME(SORT_BY_ALIGNMENT(._ztest_expected_result_entry.static.*)))
                0x00004488                        _ztest_expected_result_entry_list_end = .
                0x00004488                        _ztest_suite_node_list_start = .
 *(SORT_BY_NAME(SORT_BY_ALIGNMENT(._ztest_suite_node.static.*)))
                0x00004488                        _ztest_suite_node_list_end = .
                0x00004488                        _ztest_unit_test_list_start = .
 *(SORT_BY_NAME(SORT_BY_ALIGNMENT(._ztest_unit_test.static.*)))
                0x00004488                        _ztest_unit_test_list_end = .
                0x00004488                        _ztest_test_rule_list_start = .
 *(SORT_BY_NAME(SORT_BY_ALIGNMENT(._ztest_test_rule.static.*)))
                0x00004488                        _ztest_test_rule_list_end = .

init_array      0x00004488        0x0
                0x00004488                        __zephyr_init_array_start = .
 *(SORT_BY_INIT_PRIORITY(.init_array.*) SORT_BY_INIT_PRIORITY(.ctors.*))
 *(SORT_BY_ALIGNMENT(.init_array) SORT_BY_ALIGNMENT(.ctors))
                0x00004488                        __zephyr_init_array_end = .
                0x00000001                        ASSERT ((__zephyr_init_array_start == __zephyr_init_array_end), GNU-style constructors required but STATIC_INIT_GNU not enabled)

bt_l2cap_fixed_chan_area
                0x00004488        0x0
                0x00004488                        _bt_l2cap_fixed_chan_list_start = .
 *(SORT_BY_NAME(SORT_BY_ALIGNMENT(._bt_l2cap_fixed_chan.static.*)))
                0x00004488                        _bt_l2cap_fixed_chan_list_end = .

bt_gatt_service_static_area
                0x00004488        0x0
                0x00004488                        _bt_gatt_service_static_list_start = .
 *(SORT_BY_NAME(SORT_BY_ALIGNMENT(._bt_gatt_service_static.static.*)))
                0x00004488                        _bt_gatt_service_static_list_end = .

log_strings_area
                0x00004488        0x0
                0x00004488                        _log_strings_list_start = .
 *(SORT_BY_NAME(SORT_BY_ALIGNMENT(._log_strings.static.*)))
                0x00004488                        _log_strings_list_end = .

log_stmesp_ptr_area
                0x00004488        0x0
                0x00004488                        _log_stmesp_ptr_list_start = .
 *(SORT_BY_NAME(SORT_BY_ALIGNMENT(._log_stmesp_ptr.static.*)))
                0x00004488                        _log_stmesp_ptr_list_end = .

log_stmesp_str_area
                0x00004488        0x0
                0x00004488                        _log_stmesp_str_list_start = .
 *(SORT_BY_NAME(SORT_BY_ALIGNMENT(._log_stmesp_str.static.*)))
                0x00004488                        _log_stmesp_str_list_end = .

log_const_area  0x00004488       0x48
                0x00004488                        _log_const_list_start = .
 *(SORT_BY_NAME(SORT_BY_ALIGNMENT(._log_const.static.*)))
 ._log_const.static.log_const_cbprintf_package_
                0x00004488        0x8 zephyr/libzephyr.a(cbprintf_packaged.c.obj)
                0x00004488                log_const_cbprintf_package
 ._log_const.static.log_const_getopt_
                0x00004490        0x8 zephyr/lib/posix/c_lib_ext/liblib__posix__c_lib_ext.a(getopt.c.obj)
                0x00004490                log_const_getopt
 ._log_const.static.log_const_i2c_
                0x00004498        0x8 zephyr/drivers/i2c/libdrivers__i2c.a(i2c_common.c.obj)
                0x00004498                log_const_i2c
 ._log_const.static.log_const_i2c_sam0_
                0x000044a0        0x8 zephyr/drivers/i2c/libdrivers__i2c.a(i2c_sam0.c.obj)
                0x000044a0                log_const_i2c_sam0
 ._log_const.static.log_const_log_
                0x000044a8        0x8 zephyr/libzephyr.a(log_core.c.obj)
                0x000044a8                log_const_log
 ._log_const.static.log_const_log_mgmt_
                0x000044b0        0x8 zephyr/libzephyr.a(log_mgmt.c.obj)
                0x000044b0                log_const_log_mgmt
 ._log_const.static.log_const_log_uart_
                0x000044b8        0x8 zephyr/libzephyr.a(log_backend_uart.c.obj)
                0x000044b8                log_const_log_uart
 ._log_const.static.log_const_main_
                0x000044c0        0x8 app/libapp.a(main.c.obj)
                0x000044c0                log_const_main
 ._log_const.static.log_const_os_
                0x000044c8        0x8 zephyr/kernel/libkernel.a(init.c.obj)
                0x000044c8                log_const_os
                0x000044d0                        _log_const_list_end = .

log_backend_area
                0x000044d0       0x10
                0x000044d0                        _log_backend_list_start = .
 *(SORT_BY_NAME(SORT_BY_ALIGNMENT(._log_backend.static.*)))
 ._log_backend.static.log_backend_uart_
                0x000044d0       0x10 zephyr/libzephyr.a(log_backend_uart.c.obj)
                0x000044e0                        _log_backend_list_end = .

log_link_area   0x000044e0        0x0
                0x000044e0                        _log_link_list_start = .
 *(SORT_BY_NAME(SORT_BY_ALIGNMENT(._log_link.static.*)))
                0x000044e0                        _log_link_list_end = .

tracing_backend_area
                0x000044e0        0x0
                0x000044e0                        _tracing_backend_list_start = .
 *(SORT_BY_NAME(SORT_BY_ALIGNMENT(._tracing_backend.static.*)))
                0x000044e0                        _tracing_backend_list_end = .

zephyr_dbg_info
 *(SORT_BY_ALIGNMENT(.dbg_thread_info))

intc_table_area
                0x000044e0        0x0
                0x000044e0                        _intc_table_list_start = .
 *(SORT_BY_NAME(SORT_BY_ALIGNMENT(._intc_table.static.*)))
                0x000044e0                        _intc_table_list_end = .

symbol_to_keep  0x000044e0        0x0
                0x000044e0                        __symbol_to_keep_start = .
 *(SORT_BY_NAME(SORT_BY_ALIGNMENT(.symbol_to_keep*)))
                0x000044e0                        __symbol_to_keep_end = .

shell_area      0x000044e0        0x0
                0x000044e0                        _shell_list_start = .
 *(SORT_BY_NAME(SORT_BY_ALIGNMENT(._shell.static.*)))
                0x000044e0                        _shell_list_end = .

shell_root_cmds_area
                0x000044e0        0x0
                0x000044e0                        _shell_root_cmds_list_start = .
 *(SORT_BY_NAME(SORT_BY_ALIGNMENT(._shell_root_cmds.static.*)))
                0x000044e0                        _shell_root_cmds_list_end = .

shell_subcmds_area
                0x000044e0        0x0
                0x000044e0                        _shell_subcmds_list_start = .
 *(SORT_BY_NAME(SORT_BY_ALIGNMENT(._shell_subcmds.static.*)))
                0x000044e0                        _shell_subcmds_list_end = .

shell_dynamic_subcmds_area
                0x000044e0        0x0
                0x000044e0                        _shell_dynamic_subcmds_list_start = .
 *(SORT_BY_NAME(SORT_BY_ALIGNMENT(._shell_dynamic_subcmds.static.*)))
                0x000044e0                        _shell_dynamic_subcmds_list_end = .

cfb_font_area   0x000044e0        0x0
                0x000044e0                        _cfb_font_list_start = .
 *(SORT_BY_NAME(SORT_BY_ALIGNMENT(._cfb_font.static.*)))
                0x000044e0                        _cfb_font_list_end = .

rodata          0x000044e0      0x6e8
 *(SORT_BY_ALIGNMENT(.rodata))
 *(SORT_BY_ALIGNMENT(.rodata.*))
 .rodata.format_table
                0x000044e0       0x10 zephyr/libzephyr.a(log_core.c.obj)
 .rodata.colors
                0x000044f0       0x14 zephyr/libzephyr.a(log_output.c.obj)
 .rodata.severity
                0x00004504       0x14 zephyr/libzephyr.a(log_output.c.obj)
 .rodata.lbu_cb_ctx
                0x00004518        0x8 zephyr/libzephyr.a(log_backend_uart.c.obj)
 .rodata.lbu_output
                0x00004520       0x10 zephyr/libzephyr.a(log_backend_uart.c.obj)
 .rodata.log_backend_uart_api
                0x00004530       0x1c zephyr/libzephyr.a(log_backend_uart.c.obj)
                0x00004530                log_backend_uart_api
 .rodata.gpio_sam0_config_2
                0x0000454c        0xc zephyr/drivers/gpio/libdrivers__gpio.a(gpio_sam0.c.obj)
 .rodata.gpio_sam0_config_1
                0x00004558        0xc zephyr/drivers/gpio/libdrivers__gpio.a(gpio_sam0.c.obj)
 .rodata.gpio_sam0_config_0
                0x00004564        0xc zephyr/drivers/gpio/libdrivers__gpio.a(gpio_sam0.c.obj)
 .rodata.i2c_sam0_dev_config_0
                0x00004570       0x20 zephyr/drivers/i2c/libdrivers__i2c.a(i2c_sam0.c.obj)
 .rodata.__pinctrl_dev_config__device_dts_ord_35
                0x00004590        0x8 zephyr/drivers/i2c/libdrivers__i2c.a(i2c_sam0.c.obj)
 .rodata.__pinctrl_states__device_dts_ord_35
                0x00004598        0x8 zephyr/drivers/i2c/libdrivers__i2c.a(i2c_sam0.c.obj)
 .rodata.__pinctrl_state_pins_0__device_dts_ord_35
                0x000045a0        0x8 zephyr/drivers/i2c/libdrivers__i2c.a(i2c_sam0.c.obj)
 .rodata.sam_port_addrs
                0x000045a8        0xc zephyr/drivers/pinctrl/libdrivers__pinctrl.a(pinctrl_sam0.c.obj)
 .rodata.uart_sam0_config_0
                0x000045b4       0x28 zephyr/drivers/serial/libdrivers__serial.a(uart_sam0.c.obj)
 .rodata.__pinctrl_dev_config__device_dts_ord_33
                0x000045dc        0x8 zephyr/drivers/serial/libdrivers__serial.a(uart_sam0.c.obj)
 .rodata.__pinctrl_states__device_dts_ord_33
                0x000045e4        0x8 zephyr/drivers/serial/libdrivers__serial.a(uart_sam0.c.obj)
 .rodata.__pinctrl_state_pins_0__device_dts_ord_33
                0x000045ec        0x8 zephyr/drivers/serial/libdrivers__serial.a(uart_sam0.c.obj)
 .rodata.CSWTCH.14
                0x000045f4       0x14 zephyr/kernel/libkernel.a(fatal.c.obj)
 .rodata.levels.0
                0x00004608       0x18 zephyr/kernel/libkernel.a(init.c.obj)
 .rodata.main.str1.1
                0x00004620      0x545 app/libapp.a(main.c.obj)
                                0x153 (size before relaxing)
 .rodata.str1.1
                0x00004b65        0x5 app/libapp.a(main.c.obj)
 .rodata.str1.1
                0x00004b65       0x11 zephyr/libzephyr.a(cbprintf_packaged.c.obj)
 .rodata.str1.1
                0x00004b65        0x4 zephyr/libzephyr.a(log_core.c.obj)
 .rodata.str1.1
                0x00004b65        0x9 zephyr/libzephyr.a(log_mgmt.c.obj)
 .rodata.z_log_msg_runtime_vcreate.str1.1
                0x00004b65       0x38 zephyr/libzephyr.a(log_msg.c.obj)
 .rodata.newline_print.str1.1
                0x00004b65        0x5 zephyr/libzephyr.a(log_output.c.obj)
 .rodata.log_output_process.str1.1
                0x00004b65       0x51 zephyr/libzephyr.a(log_output.c.obj)
 .rodata.str1.1
                0x00004b65       0x20 zephyr/libzephyr.a(log_output.c.obj)
 .rodata.str1.1
                0x00004b65       0x1a zephyr/libzephyr.a(log_backend_uart.c.obj)
 .rodata.z_arm_fatal_error.str1.1
                0x00004b65       0xae zephyr/arch/arch/arm/core/libarch__arm__core.a(fatal.c.obj)
 .rodata.z_arm_fault.str1.1
                0x00004b65       0x9f zephyr/arch/arch/arm/core/cortex_m/libarch__arm__core__cortex_m.a(fault.c.obj)
 .rodata.str1.1
                0x00004b65        0x7 zephyr/lib/posix/c_lib_ext/liblib__posix__c_lib_ext.a(getopt.c.obj)
 .rodata.str1.1
                0x00004b65        0xd zephyr/drivers/interrupt_controller/libdrivers__interrupt_controller.a(intc_sam0_eic.c.obj)
 .rodata.sam0_eic_channels
                0x00004b65       0x60 zephyr/drivers/interrupt_controller/libdrivers__interrupt_controller.a(intc_sam0_eic.c.obj)
 .rodata.str1.1
                0x00004bc5       0x2a zephyr/drivers/gpio/libdrivers__gpio.a(gpio_sam0.c.obj)
 .rodata.str1.1
                0x00004bc5        0x4 zephyr/drivers/i2c/libdrivers__i2c.a(i2c_common.c.obj)
 .rodata.i2c_sam0_transfer.str1.1
                0x00004bc5       0x1e zephyr/drivers/i2c/libdrivers__i2c.a(i2c_sam0.c.obj)
 .rodata.i2c_sam0_initialize.str1.1
                0x00004bc5       0x1b zephyr/drivers/i2c/libdrivers__i2c.a(i2c_sam0.c.obj)
 .rodata.str1.1
                0x00004bc5       0x19 zephyr/drivers/i2c/libdrivers__i2c.a(i2c_sam0.c.obj)
 .rodata.str1.1
                0x00004bc5       0x10 zephyr/drivers/serial/libdrivers__serial.a(uart_sam0.c.obj)
 .rodata.k_sys_fatal_error_handler.str1.1
                0x00004bc5        0xf zephyr/kernel/libkernel.a(fatal.c.obj)
 .rodata.z_fatal_error.str1.1
                0x00004bc5       0x77 zephyr/kernel/libkernel.a(fatal.c.obj)
 .rodata.str1.1
                0x00004bc5       0x4a zephyr/kernel/libkernel.a(fatal.c.obj)
 .rodata.z_cstart.str1.1
                0x00004bc5        0x5 zephyr/kernel/libkernel.a(init.c.obj)
 .rodata.str1.1
                0x00004bc5        0x3 zephyr/kernel/libkernel.a(init.c.obj)
 .rodata.boot_banner.str1.1
                0x00004bc5       0x3b zephyr/kernel/libkernel.a(banner.c.obj)
 .rodata.vfprintf.str1.1
                0x00004bc5        0xf C:/my-workspace/zephyr-app-ufsm00292/AppJaqueline/build/modules/picolibc/libc.a(vflprintf.c.obj)
 *(SORT_BY_ALIGNMENT(.gnu.linkonce.r.*))
                0x00004c3c                        . = ALIGN (0x4)
 *fill*         0x00004bc5        0x3 

/DISCARD/
 *(SORT_BY_ALIGNMENT(.eh_frame))
                0x00004bc8                        __rodata_region_end = .
                0x00004bc8                        . = ALIGN (_region_min_align)
                0x00004bc8                        __rom_region_end = ((__rom_region_start + .) - ADDR (rom_start))
                0x00004bc8                        __rom_region_size = (__rom_region_end - __rom_region_start)

/DISCARD/
 *(SORT_BY_ALIGNMENT(.got.plt))
 *(SORT_BY_ALIGNMENT(.igot.plt))
 *(SORT_BY_ALIGNMENT(.got))
 *(SORT_BY_ALIGNMENT(.igot))
                0x20000000                        . = 0x20000000
                0x20000000                        . = ALIGN (_region_min_align)
                0x20000000                        _image_ram_start = .

.ramfunc        0x20000000        0x0 load address 0x00004bc8
                0x20000000                        __ramfunc_region_start = .
                0x20000000                        . = ALIGN (_region_min_align)
                0x20000000                        __ramfunc_start = .
 *(SORT_BY_ALIGNMENT(.ramfunc))
 *(SORT_BY_ALIGNMENT(.ramfunc.*))
                0x20000000                        . = ALIGN (_region_min_align)
                0x20000000                        __ramfunc_end = .
                0x00000000                        __ramfunc_size = (__ramfunc_end - __ramfunc_start)
                0x00004bc8                        __ramfunc_load_start = LOADADDR (.ramfunc)

datas           0x20000000       0x2c load address 0x00004bc8
                0x20000000                        __data_region_start = .
                0x20000000                        __data_start = .
 *(SORT_BY_ALIGNMENT(.data))
 *(SORT_BY_ALIGNMENT(.data.*))
 .data._char_out
                0x20000000        0x4 zephyr/libzephyr.a(printk.c.obj)
 .data.timestamp_func
                0x20000004        0x4 zephyr/libzephyr.a(log_core.c.obj)
 .data.backend_cb_log_backend_uart
                0x20000008        0x8 zephyr/libzephyr.a(log_backend_uart.c.obj)
 .data.__stdout
                0x20000010       0x10 zephyr/lib/libc/picolibc/liblib__libc__picolibc.a(stdio.c.obj)
 .data.slice_ticks
                0x20000020        0x4 zephyr/kernel/libkernel.a(timeslicing.c.obj)
 .data.timeout_list
                0x20000024        0x8 zephyr/kernel/libkernel.a(timeout.c.obj)
 *(SORT_BY_ALIGNMENT(.kernel.*))
                0x2000002c                        __data_end = .
                0x0000002c                        __data_size = (__data_end - __data_start)
                0x00004bc8                        __data_load_start = LOADADDR (datas)
                0x00004bc8                        __data_region_load_start = LOADADDR (datas)

device_states   0x2000002c        0xc load address 0x00004bf4
                0x2000002c                        . = ALIGN (0x4)
                0x2000002c                        __device_states_start = .
 *(SORT_BY_ALIGNMENT(.z_devstate))
 .z_devstate    0x2000002c        0x2 zephyr/drivers/interrupt_controller/libdrivers__interrupt_controller.a(intc_sam0_eic.c.obj)
 .z_devstate    0x2000002e        0x6 zephyr/drivers/gpio/libdrivers__gpio.a(gpio_sam0.c.obj)
 .z_devstate    0x20000034        0x2 zephyr/drivers/i2c/libdrivers__i2c.a(i2c_sam0.c.obj)
 .z_devstate    0x20000036        0x2 zephyr/drivers/serial/libdrivers__serial.a(uart_sam0.c.obj)
 *(SORT_BY_ALIGNMENT(.z_devstate.*))
                0x20000038                        __device_states_end = .
                0x20000038                        . = ALIGN (0x4)

log_mpsc_pbuf_area
                0x20000038        0x0 load address 0x00004c00
                0x20000038                        _log_mpsc_pbuf_list_start = .
 *(SORT_BY_NAME(SORT_BY_ALIGNMENT(._log_mpsc_pbuf.static.*)))
                0x20000038                        _log_mpsc_pbuf_list_end = .

log_msg_ptr_area
                0x20000038        0x4 load address 0x00004c00
                0x20000038                        _log_msg_ptr_list_start = .
 *(SORT_BY_NAME(SORT_BY_ALIGNMENT(._log_msg_ptr.static.*)))
 ._log_msg_ptr.static.log_msg_ptr_
                0x20000038        0x4 zephyr/libzephyr.a(log_core.c.obj)
                0x2000003c                        _log_msg_ptr_list_end = .

log_dynamic_area
                0x2000003c        0x0 load address 0x00004c04
                0x2000003c                        _log_dynamic_list_start = .
 *(SORT_BY_NAME(SORT_BY_ALIGNMENT(._log_dynamic.static.*)))
                0x2000003c                        _log_dynamic_list_end = .

k_timer_area    0x2000003c        0x0 load address 0x00004c04
                0x2000003c                        _k_timer_list_start = .
 *(SORT_BY_NAME(SORT_BY_ALIGNMENT(._k_timer.static.*)))
                0x2000003c                        _k_timer_list_end = .

k_mem_slab_area
                0x2000003c        0x0 load address 0x00004c04
                0x2000003c                        _k_mem_slab_list_start = .
 *(SORT_BY_NAME(SORT_BY_ALIGNMENT(._k_mem_slab.static.*)))
                0x2000003c                        _k_mem_slab_list_end = .

k_heap_area     0x2000003c        0x0 load address 0x00004c04
                0x2000003c                        _k_heap_list_start = .
 *(SORT_BY_NAME(SORT_BY_ALIGNMENT(._k_heap.static.*)))
                0x2000003c                        _k_heap_list_end = .

k_mutex_area    0x2000003c        0x0 load address 0x00004c04
                0x2000003c                        _k_mutex_list_start = .
 *(SORT_BY_NAME(SORT_BY_ALIGNMENT(._k_mutex.static.*)))
                0x2000003c                        _k_mutex_list_end = .

k_stack_area    0x2000003c        0x0 load address 0x00004c04
                0x2000003c                        _k_stack_list_start = .
 *(SORT_BY_NAME(SORT_BY_ALIGNMENT(._k_stack.static.*)))
                0x2000003c                        _k_stack_list_end = .

k_msgq_area     0x2000003c        0x0 load address 0x00004c04
                0x2000003c                        _k_msgq_list_start = .
 *(SORT_BY_NAME(SORT_BY_ALIGNMENT(._k_msgq.static.*)))
                0x2000003c                        _k_msgq_list_end = .

k_mbox_area     0x2000003c        0x0 load address 0x00004c04
                0x2000003c                        _k_mbox_list_start = .
 *(SORT_BY_NAME(SORT_BY_ALIGNMENT(._k_mbox.static.*)))
                0x2000003c                        _k_mbox_list_end = .

k_pipe_area     0x2000003c        0x0 load address 0x00004c04
                0x2000003c                        _k_pipe_list_start = .
 *(SORT_BY_NAME(SORT_BY_ALIGNMENT(._k_pipe.static.*)))
                0x2000003c                        _k_pipe_list_end = .

k_sem_area      0x2000003c        0x0 load address 0x00004c04
                0x2000003c                        _k_sem_list_start = .
 *(SORT_BY_NAME(SORT_BY_ALIGNMENT(._k_sem.static.*)))
                0x2000003c                        _k_sem_list_end = .

k_event_area    0x2000003c        0x0 load address 0x00004c04
                0x2000003c                        _k_event_list_start = .
 *(SORT_BY_NAME(SORT_BY_ALIGNMENT(._k_event.static.*)))
                0x2000003c                        _k_event_list_end = .

k_queue_area    0x2000003c        0x0 load address 0x00004c04
                0x2000003c                        _k_queue_list_start = .
 *(SORT_BY_NAME(SORT_BY_ALIGNMENT(._k_queue.static.*)))
                0x2000003c                        _k_queue_list_end = .

k_fifo_area     0x2000003c        0x0 load address 0x00004c04
                0x2000003c                        _k_fifo_list_start = .
 *(SORT_BY_NAME(SORT_BY_ALIGNMENT(._k_fifo.static.*)))
                0x2000003c                        _k_fifo_list_end = .

k_lifo_area     0x2000003c        0x0 load address 0x00004c04
                0x2000003c                        _k_lifo_list_start = .
 *(SORT_BY_NAME(SORT_BY_ALIGNMENT(._k_lifo.static.*)))
                0x2000003c                        _k_lifo_list_end = .

k_condvar_area  0x2000003c        0x0 load address 0x00004c04
                0x2000003c                        _k_condvar_list_start = .
 *(SORT_BY_NAME(SORT_BY_ALIGNMENT(._k_condvar.static.*)))
                0x2000003c                        _k_condvar_list_end = .

sys_mem_blocks_ptr_area
                0x2000003c        0x0 load address 0x00004c04
                0x2000003c                        _sys_mem_blocks_ptr_list_start = .
 *(SORT_BY_NAME(SORT_BY_ALIGNMENT(._sys_mem_blocks_ptr.static.*)))
                0x2000003c                        _sys_mem_blocks_ptr_list_end = .

net_buf_pool_area
                0x2000003c        0x0 load address 0x00004c04
                0x2000003c                        _net_buf_pool_list_start = .
 *(SORT_BY_NAME(SORT_BY_ALIGNMENT(._net_buf_pool.static.*)))
                0x2000003c                        _net_buf_pool_list_end = .
                0x2000003c                        __data_region_end = .

.intList        0xffff8000       0x38
 *(SORT_BY_ALIGNMENT(.irq_info*))
 .irq_info      0xffff8000        0x8 zephyr/arch/common/libisr_tables.a(isr_tables.c.obj)
                0xffff8000                _iheader
 *(SORT_BY_ALIGNMENT(.intList*))
 .intList       0xffff8008       0x10 zephyr/drivers/interrupt_controller/libdrivers__interrupt_controller.a(intc_sam0_eic.c.obj)
 .intList       0xffff8018       0x10 zephyr/drivers/i2c/libdrivers__i2c.a(i2c_sam0.c.obj)
 .intList       0xffff8028       0x10 zephyr/drivers/serial/libdrivers__serial.a(uart_sam0.c.obj)

.stab
 *(SORT_BY_ALIGNMENT(.stab))

.stabstr
 *(SORT_BY_ALIGNMENT(.stabstr))

.stab.excl
 *(SORT_BY_ALIGNMENT(.stab.excl))

.stab.exclstr
 *(SORT_BY_ALIGNMENT(.stab.exclstr))

.stab.index
 *(SORT_BY_ALIGNMENT(.stab.index))

.stab.indexstr
 *(SORT_BY_ALIGNMENT(.stab.indexstr))

.gnu.build.attributes
 *(SORT_BY_ALIGNMENT(.gnu.build.attributes) SORT_BY_ALIGNMENT(.gnu.build.attributes.*))

.comment        0x00000000       0x46