Archive member included to satisfy reference by file (symbol)

app/libapp.a(main.c.obj)      (--whole-archive)
zephyr/libzephyr.a(validate_libc.c.obj)
                              (--whole-archive)
zephyr/libzephyr.a(heap.c.obj)
                              (--whole-archive)
zephyr/libzephyr.a(cbprintf_packaged.c.obj)
                              (--whole-archive)
zephyr/libzephyr.a(clock.c.obj)
                              (--whole-archive)
zephyr/libzephyr.a(printk.c.obj)
                              (--whole-archive)
zephyr/libzephyr.a(sem.c.obj)
                              (--whole-archive)
zephyr/libzephyr.a(thread_entry.c.obj)
                              (--whole-archive)
zephyr/libzephyr.a(cbprintf_complete.c.obj)
                              (--whole-archive)
zephyr/libzephyr.a(cbprintf.c.obj)
                              (--whole-archive)
zephyr/libzephyr.a(assert.c.obj)
                              (--whole-archive)
zephyr/libzephyr.a(mpsc_pbuf.c.obj)
                              (--whole-archive)
zephyr/libzephyr.a(dec.c.obj)
                              (--whole-archive)
zephyr/libzephyr.a(hex.c.obj)
                              (--whole-archive)
zephyr/libzephyr.a(rb.c.obj)  (--whole-archive)
zephyr/libzephyr.a(timeutil.c.obj)
                              (--whole-archive)
zephyr/libzephyr.a(bitarray.c.obj)
                              (--whole-archive)
zephyr/libzephyr.a(bitmask.c.obj)
                              (--whole-archive)
zephyr/libzephyr.a(ring_buffer.c.obj)
                              (--whole-archive)
zephyr/libzephyr.a(last_section_id.c.obj)
                              (--whole-archive)
zephyr/libzephyr.a(configs.c.obj)
                              (--whole-archive)
zephyr/libzephyr.a(soc_port.c.obj)
                              (--whole-archive)
zephyr/libzephyr.a(soc_samd2x.c.obj)
                              (--whole-archive)
zephyr/libzephyr.a(log_core.c.obj)
                              (--whole-archive)
zephyr/libzephyr.a(log_mgmt.c.obj)
                              (--whole-archive)
zephyr/libzephyr.a(log_cache.c.obj)
                              (--whole-archive)
zephyr/libzephyr.a(log_msg.c.obj)
                              (--whole-archive)
zephyr/libzephyr.a(log_output.c.obj)
                              (--whole-archive)
zephyr/libzephyr.a(log_backend_uart.c.obj)
                              (--whole-archive)
zephyr/libzephyr.a(tracing_none.c.obj)
                              (--whole-archive)
zephyr/libzephyr.a(usb_device.c.obj)
                              (--whole-archive)
zephyr/libzephyr.a(usb_descriptor.c.obj)
                              (--whole-archive)
zephyr/libzephyr.a(usb_transfer.c.obj)
                              (--whole-archive)
zephyr/arch/common/libarch__common.a(sw_isr_common.c.obj)
                              (--whole-archive)
zephyr/arch/common/libarch__common.a(init.c.obj)
                              (--whole-archive)
zephyr/arch/common/libarch__common.a(xip.c.obj)
                              (--whole-archive)
zephyr/arch/arch/arm/core/libarch__arm__core.a(fatal.c.obj)
                              (--whole-archive)
zephyr/arch/arch/arm/core/libarch__arm__core.a(nmi.c.obj)
                              (--whole-archive)
zephyr/arch/arch/arm/core/libarch__arm__core.a(nmi_on_reset.S.obj)
                              (--whole-archive)
zephyr/arch/arch/arm/core/cortex_m/libarch__arm__core__cortex_m.a(exc_exit.c.obj)
                              (--whole-archive)
zephyr/arch/arch/arm/core/cortex_m/libarch__arm__core__cortex_m.a(fault.c.obj)
                              (--whole-archive)
zephyr/arch/arch/arm/core/cortex_m/libarch__arm__core__cortex_m.a(fault_s.S.obj)
                              (--whole-archive)
zephyr/arch/arch/arm/core/cortex_m/libarch__arm__core__cortex_m.a(fpu.c.obj)
                              (--whole-archive)
zephyr/arch/arch/arm/core/cortex_m/libarch__arm__core__cortex_m.a(reset.S.obj)
                              (--whole-archive)
zephyr/arch/arch/arm/core/cortex_m/libarch__arm__core__cortex_m.a(scb.c.obj)
                              (--whole-archive)
zephyr/arch/arch/arm/core/cortex_m/libarch__arm__core__cortex_m.a(thread_abort.c.obj)
                              (--whole-archive)
zephyr/arch/arch/arm/core/cortex_m/libarch__arm__core__cortex_m.a(vector_table.S.obj)
                              (--whole-archive)
zephyr/arch/arch/arm/core/cortex_m/libarch__arm__core__cortex_m.a(swap_helper.S.obj)
                              (--whole-archive)
zephyr/arch/arch/arm/core/cortex_m/libarch__arm__core__cortex_m.a(irq_manage.c.obj)
                              (--whole-archive)
zephyr/arch/arch/arm/core/cortex_m/libarch__arm__core__cortex_m.a(prep_c.c.obj)
                              (--whole-archive)
zephyr/arch/arch/arm/core/cortex_m/libarch__arm__core__cortex_m.a(thread.c.obj)
                              (--whole-archive)
[...]
Memory Configuration

Name             Origin             Length             Attributes
FLASH            0x0000000000000000 0x0000000000040000 xr
RAM              0x0000000020000000 0x0000000000008000 xw
IDT_LIST         0x00000000ffff7fff 0x0000000000008000 xw
*default*        0x0000000000000000 0xffffffffffffffff

Linker script and memory map

LOAD zephyr/CMakeFiles/zephyr_final.dir/misc/empty_file.c.obj
LOAD zephyr/CMakeFiles/zephyr_final.dir/isr_tables.c.obj
LOAD zephyr/CMakeFiles/offsets.dir/./arch/arm/core/offsets/offsets.c.obj
LOAD app/libapp.a
LOAD zephyr/libzephyr.a
LOAD zephyr/arch/common/libarch__common.a
LOAD zephyr/arch/arch/arm/core/libarch__arm__core.a
LOAD zephyr/arch/arch/arm/core/cortex_m/libarch__arm__core__cortex_m.a
LOAD zephyr/lib/libc/newlib/liblib__libc__newlib.a
LOAD zephyr/lib/libc/common/liblib__libc__common.a
LOAD zephyr/drivers/interrupt_controller/libdrivers__interrupt_controller.a
LOAD zephyr/drivers/usb/device/libdrivers__usb__device.a
LOAD zephyr/drivers/console/libdrivers__console.a
LOAD zephyr/drivers/gpio/libdrivers__gpio.a
LOAD zephyr/drivers/hwinfo/libdrivers__hwinfo.a
LOAD zephyr/drivers/i2c/libdrivers__i2c.a
LOAD zephyr/drivers/pinctrl/libdrivers__pinctrl.a
LOAD zephyr/drivers/serial/libdrivers__serial.a
LOAD zephyr/drivers/timer/libdrivers__timer.a
LOAD zephyr/kernel/libkernel.a
LOAD zephyr/arch/common/libisr_tables.a
LOAD /home/gfschuster/zephyr-sdk-0.17.4/arm-zephyr-eabi/arm-zephyr-eabi/lib/thumb/v6-m/nofp/libm.a
LOAD /home/gfschuster/zephyr-sdk-0.17.4/arm-zephyr-eabi/arm-zephyr-eabi/lib/thumb/v6-m/nofp/libc.a
LOAD /home/gfschuster/zephyr-sdk-0.17.4/arm-zephyr-eabi/bin/../lib/gcc/arm-zephyr-eabi/12.2.0/thumb/v6-m/nofp/libgcc.a
LOAD /home/gfschuster/zephyr-sdk-0.17.4/arm-zephyr-eabi/arm-zephyr-eabi/lib/thumb/v6-m/nofp/libc.a
                0x0000000000000004                _region_min_align = 0x4

.rel.plt        0x0000000000000000        0x0
 *(SORT_BY_ALIGNMENT(.rel.plt))
                [!provide]                        PROVIDE (__rel_iplt_start = .)
 *(SORT_BY_ALIGNMENT(.rel.iplt))
 .rel.iplt      0x0000000000000000        0x0 zephyr/CMakeFiles/zephyr_final.dir/isr_tables.c.obj
                [!provide]                        PROVIDE (__rel_iplt_end = .)

.rela.plt       0x0000000000000000        0x0
 *(SORT_BY_ALIGNMENT(.rela.plt))
                [!provide]                        PROVIDE (__rela_iplt_start = .)
 *(SORT_BY_ALIGNMENT(.rela.iplt))
                [!provide]                        PROVIDE (__rela_iplt_end = .)

.rel.dyn
 *(SORT_BY_ALIGNMENT(.rel.*))

.rela.dyn
 *(SORT_BY_ALIGNMENT(.rela.*))

/DISCARD/
 *(SORT_BY_ALIGNMENT(.plt))

/DISCARD/
 *(SORT_BY_ALIGNMENT(.iplt))
                0x0000000000000000                __rom_region_start = 0x0

rom_start       0x0000000000000000       0xb0
                0x0000000000000000                __rom_start_address = .
 FILL mask 0x00
                0x0000000000000000                . = (. + (0x0 - (. - __rom_start_address)))
                0x0000000000000000                . = ALIGN (0x4)
                0x0000000000000000                . = ALIGN (0x100)
                0x0000000000000000                . = ALIGN (0x100)
                0x0000000000000000                _vector_start = .
 *(SORT_BY_ALIGNMENT(.exc_vector_table))
 *(SORT_BY_ALIGNMENT(.exc_vector_table.*))
 .exc_vector_table._vector_table_section
                0x0000000000000000       0x40 zephyr/arch/arch/arm/core/cortex_m/libarch__arm__core__cortex_m.a(vector_table.S.obj)
                0x0000000000000000                _vector_table
 *(SORT_BY_ALIGNMENT(.vectors))
                0x00000000000000b0                _vector_end = .
                0x0000000000000040                . = ALIGN (0x4)
 *(SORT_BY_ALIGNMENT(.gnu.linkonce.irq_vector_table*))
 .gnu.linkonce.irq_vector_table
                0x0000000000000040       0x70 zephyr/CMakeFiles/zephyr_final.dir/isr_tables.c.obj
                0x0000000000000040                _irq_vector_table
                0x00000000000000b0                _vector_end = .

text            0x00000000000000b0     0xd3bc
                0x00000000000000b0                __text_region_start = .
 *(SORT_BY_ALIGNMENT(.text))
 .text          0x00000000000000b0       0x14 /home/gfschuster/zephyr-sdk-0.17.4/arm-zephyr-eabi/bin/../lib/gcc/arm-zephyr-eabi/12.2.0/thumb/v6-m/nofp/libgcc.a(_thumb1_case_sqi.o)
                0x00000000000000b0                __gnu_thumb1_case_sqi
 .text          0x00000000000000c4       0x14 /home/gfschuster/zephyr-sdk-0.17.4/arm-zephyr-eabi/bin/../lib/gcc/arm-zephyr-eabi/12.2.0/thumb/v6-m/nofp/libgcc.a(_thumb1_case_uqi.o)
                0x00000000000000c4                __gnu_thumb1_case_uqi
 .text          0x00000000000000d8       0x14 /home/gfschuster/zephyr-sdk-0.17.4/arm-zephyr-eabi/bin/../lib/gcc/arm-zephyr-eabi/12.2.0/thumb/v6-m/nofp/libgcc.a(_thumb1_case_shi.o)
                0x00000000000000d8                __gnu_thumb1_case_shi
 .text          0x00000000000000ec       0x8c /home/gfschuster/zephyr-sdk-0.17.4/arm-zephyr-eabi/bin/../lib/gcc/arm-zephyr-eabi/12.2.0/thumb/v6-m/nofp/libgcc.a(_udivsi3.o)
                0x00000000000000ec                __udivsi3
                0x00000000000000ec                __aeabi_uidiv
                0x0000000000000164                __aeabi_uidivmod
 .text          0x0000000000000178       0xa8 /home/gfschuster/zephyr-sdk-0.17.4/arm-zephyr-eabi/bin/../lib/gcc/arm-zephyr-eabi/12.2.0/thumb/v6-m/nofp/libgcc.a(_divsi3.o)
                0x0000000000000178                __aeabi_idiv
                0x0000000000000178                __divsi3
                0x000000000000020c                __aeabi_idivmod
 .text          0x0000000000000220        0x4 /home/gfschuster/zephyr-sdk-0.17.4/arm-zephyr-eabi/bin/../lib/gcc/arm-zephyr-eabi/12.2.0/thumb/v6-m/nofp/libgcc.a(_dvmd_tls.o)
                0x0000000000000220                __aeabi_ldiv0
                0x0000000000000220                __aeabi_idiv0
 .text          0x0000000000000224       0x7c /home/gfschuster/zephyr-sdk-0.17.4/arm-zephyr-eabi/bin/../lib/gcc/arm-zephyr-eabi/12.2.0/thumb/v6-m/nofp/libgcc.a(_arm_cmpdf2.o)
                0x0000000000000224                __aeabi_cdrcmple
                0x0000000000000234                __aeabi_cdcmple
                0x0000000000000234                __aeabi_cdcmpeq
                0x0000000000000244                __aeabi_dcmpeq
                0x0000000000000250                __aeabi_dcmplt
                0x0000000000000264                __aeabi_dcmple
                0x0000000000000278                __aeabi_dcmpgt
                0x000000000000028c                __aeabi_dcmpge
 .text          0x00000000000002a0       0x3c /home/gfschuster/zephyr-sdk-0.17.4/arm-zephyr-eabi/bin/../lib/gcc/arm-zephyr-eabi/12.2.0/thumb/v6-m/nofp/libgcc.a(_clzsi2.o)
                0x00000000000002a0                __clzsi2
 .text          0x00000000000002dc       0x40 /home/gfschuster/zephyr-sdk-0.17.4/arm-zephyr-eabi/bin/../lib/gcc/arm-zephyr-eabi/12.2.0/thumb/v6-m/nofp/libgcc.a(_ctzsi2.o)
                0x00000000000002dc                __ctzsi2
 .text          0x000000000000031c       0x40 /home/gfschuster/zephyr-sdk-0.17.4/arm-zephyr-eabi/bin/../lib/gcc/arm-zephyr-eabi/12.2.0/thumb/v6-m/nofp/libgcc.a(_aeabi_uldivmod.o)
                0x000000000000031c                __aeabi_uldivmod
 .text          0x000000000000035c      0x1ec /home/gfschuster/zephyr-sdk-0.17.4/arm-zephyr-eabi/bin/../lib/gcc/arm-zephyr-eabi/12.2.0/thumb/v6-m/nofp/libgcc.a(mulsf3.o)
                0x000000000000035c                __aeabi_fmul
 .text          0x0000000000000548       0x88 /home/gfschuster/zephyr-sdk-0.17.4/arm-zephyr-eabi/bin/../lib/gcc/arm-zephyr-eabi/12.2.0/thumb/v6-m/nofp/libgcc.a(floatsisf.o)
                0x0000000000000548                __aeabi_i2f
 .text          0x00000000000005d0      0x5e0 /home/gfschuster/zephyr-sdk-0.17.4/arm-zephyr-eabi/bin/../lib/gcc/arm-zephyr-eabi/12.2.0/thumb/v6-m/nofp/libgcc.a(adddf3.o)
                0x00000000000005d0                __aeabi_dadd
 .text          0x0000000000000bb0      0x504 /home/gfschuster/zephyr-sdk-0.17.4/arm-zephyr-eabi/bin/../lib/gcc/arm-zephyr-eabi/12.2.0/thumb/v6-m/nofp/libgcc.a(divdf3.o)
                0x0000000000000bb0                __aeabi_ddiv
 .text          0x00000000000010b4       0x84 /home/gfschuster/zephyr-sdk-0.17.4/arm-zephyr-eabi/bin/../lib/gcc/arm-zephyr-eabi/12.2.0/thumb/v6-m/nofp/libgcc.a(eqdf2.o)
                0x00000000000010b4                __eqdf2
                0x00000000000010b4                __nedf2
 .text          0x0000000000001138       0xec /home/gfschuster/zephyr-sdk-0.17.4/arm-zephyr-eabi/bin/../lib/gcc/arm-zephyr-eabi/12.2.0/thumb/v6-m/nofp/libgcc.a(gedf2.o)
                0x0000000000001138                __gtdf2
                0x0000000000001138                __gedf2
 .text          0x0000000000001224       0xf0 /home/gfschuster/zephyr-sdk-0.17.4/arm-zephyr-eabi/bin/../lib/gcc/arm-zephyr-eabi/12.2.0/thumb/v6-m/nofp/libgcc.a(ledf2.o)
                0x0000000000001224                __ltdf2
                0x0000000000001224                __ledf2
 .text          0x0000000000001314      0x454 /home/gfschuster/zephyr-sdk-0.17.4/arm-zephyr-eabi/bin/../lib/gcc/arm-zephyr-eabi/12.2.0/thumb/v6-m/nofp/libgcc.a(muldf3.o)
                0x0000000000001314                __aeabi_dmul
 .text          0x0000000000001768      0x628 /home/gfschuster/zephyr-sdk-0.17.4/arm-zephyr-eabi/bin/../lib/gcc/arm-zephyr-eabi/12.2.0/thumb/v6-m/nofp/libgcc.a(subdf3.o)
                0x0000000000001768                __aeabi_dsub
 .text          0x0000000000001d90       0x3c /home/gfschuster/zephyr-sdk-0.17.4/arm-zephyr-eabi/bin/../lib/gcc/arm-zephyr-eabi/12.2.0/thumb/v6-m/nofp/libgcc.a(unorddf2.o)
                0x0000000000001d90                __aeabi_dcmpun
 .text          0x0000000000001dcc       0x64 /home/gfschuster/zephyr-sdk-0.17.4/arm-zephyr-eabi/bin/../lib/gcc/arm-zephyr-eabi/12.2.0/thumb/v6-m/nofp/libgcc.a(fixdfsi.o)
                0x0000000000001dcc                __aeabi_d2iz
 .text          0x0000000000001e30       0x54 /home/gfschuster/zephyr-sdk-0.17.4/arm-zephyr-eabi/bin/../lib/gcc/arm-zephyr-eabi/12.2.0/thumb/v6-m/nofp/libgcc.a(floatsidf.o)
                0x0000000000001e30                __aeabi_i2d
 .text          0x0000000000001e84       0x40 /home/gfschuster/zephyr-sdk-0.17.4/arm-zephyr-eabi/bin/../lib/gcc/arm-zephyr-eabi/12.2.0/thumb/v6-m/nofp/libgcc.a(floatunsidf.o)
                0x0000000000001e84                __aeabi_ui2d
 .text          0x0000000000001ec4       0x84 /home/gfschuster/zephyr-sdk-0.17.4/arm-zephyr-eabi/bin/../lib/gcc/arm-zephyr-eabi/12.2.0/thumb/v6-m/nofp/libgcc.a(extendsfdf2.o)
                0x0000000000001ec4                __aeabi_f2d
 .text          0x0000000000001f48       0x14 /home/gfschuster/zephyr-sdk-0.17.4/arm-zephyr-eabi/bin/../lib/gcc/arm-zephyr-eabi/12.2.0/thumb/v6-m/nofp/libgcc.a(_thumb1_case_uhi.o)
                0x0000000000001f48                __gnu_thumb1_case_uhi
 .text          0x0000000000001f5c       0x18 /home/gfschuster/zephyr-sdk-0.17.4/arm-zephyr-eabi/bin/../lib/gcc/arm-zephyr-eabi/12.2.0/thumb/v6-m/nofp/libgcc.a(_lshrdi3.o)
                0x0000000000001f5c                __aeabi_llsr
                0x0000000000001f5c                __lshrdi3
 .text          0x0000000000001f74       0x18 /home/gfschuster/zephyr-sdk-0.17.4/arm-zephyr-eabi/bin/../lib/gcc/arm-zephyr-eabi/12.2.0/thumb/v6-m/nofp/libgcc.a(_ashldi3.o)
                0x0000000000001f74                __ashldi3
                0x0000000000001f74                __aeabi_llsl
 .text          0x0000000000001f8c       0x18 /home/gfschuster/zephyr-sdk-0.17.4/arm-zephyr-eabi/bin/../lib/gcc/arm-zephyr-eabi/12.2.0/thumb/v6-m/nofp/libgcc.a(_clzdi2.o)
                0x0000000000001f8c                __clzdi2
 .text          0x0000000000001fa4       0x44 /home/gfschuster/zephyr-sdk-0.17.4/arm-zephyr-eabi/bin/../lib/gcc/arm-zephyr-eabi/12.2.0/thumb/v6-m/nofp/libgcc.a(_muldi3.o)
                0x0000000000001fa4                __aeabi_lmul
                0x0000000000001fa4                __muldi3
 .text          0x0000000000001fe8       0xde /home/gfschuster/zephyr-sdk-0.17.4/arm-zephyr-eabi/bin/../lib/gcc/arm-zephyr-eabi/12.2.0/thumb/v6-m/nofp/libgcc.a(_udivmoddi4.o)
                0x0000000000001fe8                __udivmoddi4
 *(SORT_BY_ALIGNMENT(.text.*))
 *fill*         0x00000000000020c6        0x2 
 .text.bno055_init
                0x00000000000020c8       0x90 app/libapp.a(main.c.obj)
                0x00000000000020c8                bno055_init
 .text.bno055_read_quaternion
                0x0000000000002158       0x7c app/libapp.a(main.c.obj)
                0x0000000000002158                bno055_read_quaternion
 .text.bno055_read_euler
                0x00000000000021d4       0x64 app/libapp.a(main.c.obj)
                0x00000000000021d4                bno055_read_euler
 .text.main     0x0000000000002238      0x100 app/libapp.a(main.c.obj)
                0x0000000000002238                main
 .text.cbvprintf_package
                0x0000000000002338      0x3b8 zephyr/libzephyr.a(cbprintf_packaged.c.obj)
                0x0000000000002338                cbvprintf_package
 .text.cbprintf_package_convert
                0x00000000000026f0      0x430 zephyr/libzephyr.a(cbprintf_packaged.c.obj)
                0x00000000000026f0                cbprintf_package_convert
 .text.__printk_hook_install
                0x0000000000002b20        0xc zephyr/libzephyr.a(printk.c.obj)
                0x0000000000002b20                __printk_hook_install
 .text.vsnprintk
                0x0000000000002b2c       0x2c zephyr/libzephyr.a(printk.c.obj)
                0x0000000000002b2c                vsnprintk
 .text.extract_decimal
                0x0000000000002b58       0x28 zephyr/libzephyr.a(cbprintf_complete.c.obj)
 .text.encode_uint
                0x0000000000002b80       0xa4 zephyr/libzephyr.a(cbprintf_complete.c.obj)
 .text.z_cbvprintf_impl
                0x0000000000002c24      0x73c zephyr/libzephyr.a(cbprintf_complete.c.obj)
                0x0000000000002c24                z_cbvprintf_impl
 .text.soc_reset_hook
                0x0000000000003360       0xe0 zephyr/libzephyr.a(soc_samd2x.c.obj)
                0x0000000000003360                soc_reset_hook
 .text.activate_foreach_backend
                0x0000000000003440       0x58 zephyr/libzephyr.a(log_core.c.obj)
 .text.enable_logger
                0x0000000000003498       0x5c zephyr/libzephyr.a(log_core.c.obj)
 .text.log_process_thread_timer_expiry_fn
                0x00000000000034f4       0x10 zephyr/libzephyr.a(log_core.c.obj)
 .text.z_log_init
                0x0000000000003504       0x90 zephyr/libzephyr.a(log_core.c.obj)
 .text.log_format_func_t_get
                0x0000000000003594        0xc zephyr/libzephyr.a(log_core.c.obj)
                0x0000000000003594                log_format_func_t_get
 .text.log_set_timestamp_func
                0x00000000000035a0       0x20 zephyr/libzephyr.a(log_core.c.obj)
                0x00000000000035a0                log_set_timestamp_func
 .text.z_log_notify_backend_enabled
                0x00000000000035c0       0x20 zephyr/libzephyr.a(log_core.c.obj)
                0x00000000000035c0                z_log_notify_backend_enabled
 .text.z_log_dropped
                0x00000000000035e0       0x34 zephyr/libzephyr.a(log_core.c.obj)
                0x00000000000035e0                z_log_dropped
 .text.z_log_dropped_read_and_clear
                0x0000000000003614       0x10 zephyr/libzephyr.a(log_core.c.obj)
                0x0000000000003614                z_log_dropped_read_and_clear
 .text.dropped_notify
                0x0000000000003624       0x34 zephyr/libzephyr.a(log_core.c.obj)
                0x0000000000003624                dropped_notify
 .text.z_log_msg_init
                0x0000000000003658       0x20 zephyr/libzephyr.a(log_core.c.obj)
                0x0000000000003658                z_log_msg_init
 .text.log_core_init
                0x0000000000003678       0x50 zephyr/libzephyr.a(log_core.c.obj)
                0x0000000000003678                log_core_init
 .text.z_log_msg_alloc
                0x00000000000036c8       0x18 zephyr/libzephyr.a(log_core.c.obj)
                0x00000000000036c8                z_log_msg_alloc
 .text.z_log_msg_local_claim
                0x00000000000036e0       0x10 zephyr/libzephyr.a(log_core.c.obj)
                0x00000000000036e0                z_log_msg_local_claim
 .text.z_log_msg_free
                0x00000000000036f0       0x14 zephyr/libzephyr.a(log_core.c.obj)
                0x00000000000036f0                z_log_msg_free
 .text.z_log_msg_pending
                0x0000000000003704       0x10 zephyr/libzephyr.a(log_core.c.obj)
                0x0000000000003704                z_log_msg_pending
 .text.z_impl_log_process
                0x0000000000003714       0x9c zephyr/libzephyr.a(log_core.c.obj)
                0x0000000000003714                z_impl_log_process
 .text.z_impl_log_panic
                0x00000000000037b0       0x48 zephyr/libzephyr.a(log_core.c.obj)
                0x00000000000037b0                z_impl_log_panic
 .text.log_process_thread_func
                0x00000000000037f8       0x9c zephyr/libzephyr.a(log_core.c.obj)
 .text.z_log_msg_post_finalize
                0x0000000000003894       0x70 zephyr/libzephyr.a(log_core.c.obj)
 .text.z_log_msg_commit
                0x0000000000003904       0x24 zephyr/libzephyr.a(log_core.c.obj)
                0x0000000000003904                z_log_msg_commit
 .text.log_source_name_get
                0x0000000000003928       0x1c zephyr/libzephyr.a(log_mgmt.c.obj)
                0x0000000000003928                log_source_name_get
 .text.z_log_msg_simple_create
                0x0000000000003944       0x70 zephyr/libzephyr.a(log_msg.c.obj)
 .text.z_impl_z_log_msg_static_create
                0x00000000000039b4      0x130 zephyr/libzephyr.a(log_msg.c.obj)
                0x00000000000039b4                z_impl_z_log_msg_static_create
 .text.z_log_msg_runtime_vcreate
                0x0000000000003ae4       0x9c zephyr/libzephyr.a(log_msg.c.obj)
                0x0000000000003ae4                z_log_msg_runtime_vcreate
 .text.log_msg_get_source_id
                0x0000000000003b80       0x1c zephyr/libzephyr.a(log_msg.c.obj)
                0x0000000000003b80                log_msg_get_source_id
 .text.print_formatted
                0x0000000000003b9c       0x20 zephyr/libzephyr.a(log_output.c.obj)
 .text.newline_print
                0x0000000000003bbc       0x20 zephyr/libzephyr.a(log_output.c.obj)
 .text.log_output_process
                0x0000000000003bdc      0x2d8 zephyr/libzephyr.a(log_output.c.obj)
                0x0000000000003bdc                log_output_process
 .text.log_output_dropped_process
                0x0000000000003eb4       0x58 zephyr/libzephyr.a(log_output.c.obj)
                0x0000000000003eb4                log_output_dropped_process
 .text.log_output_timestamp_freq_set
                0x0000000000003f0c       0x34 zephyr/libzephyr.a(log_output.c.obj)
                0x0000000000003f0c                log_output_timestamp_freq_set
 .text.char_out
                0x0000000000003f40       0x24 zephyr/libzephyr.a(log_backend_uart.c.obj)
 .text.arch_bss_zero
                0x0000000000003f64       0x18 zephyr/arch/common/libarch__common.a(init.c.obj)
                0x0000000000003f64                arch_bss_zero
 .text.arch_data_copy
                0x0000000000003f7c       0x34 zephyr/arch/common/libarch__common.a(xip.c.obj)
                0x0000000000003f7c                arch_data_copy
 .text.z_arm_fatal_error
                0x0000000000003fb0       0xb8 zephyr/arch/arch/arm/core/libarch__arm__core.a(fatal.c.obj)
                0x0000000000003fb0                z_arm_fatal_error
 .text.z_SysNmiOnReset
                0x0000000000004068        0x4 zephyr/arch/arch/arm/core/libarch__arm__core.a(nmi_on_reset.S.obj)
                0x0000000000004068                z_SysNmiOnReset
 .text._HandlerModeExit
                0x000000000000406c       0x20 zephyr/arch/arch/arm/core/cortex_m/libarch__arm__core__cortex_m.a(exc_exit.c.obj)
                0x000000000000406c                z_arm_exc_exit
                0x000000000000406c                z_arm_int_exit
 .text.z_arm_fault
                0x000000000000408c      0x138 zephyr/arch/arch/arm/core/cortex_m/libarch__arm__core__cortex_m.a(fault.c.obj)
                0x000000000000408c                z_arm_fault
 .text.z_arm_fault_init
                0x00000000000041c4       0x10 zephyr/arch/arch/arm/core/cortex_m/libarch__arm__core__cortex_m.a(fault.c.obj)
                0x00000000000041c4                z_arm_fault_init
 .text.__fault  0x00000000000041d4       0x14 zephyr/arch/arch/arm/core/cortex_m/libarch__arm__core__cortex_m.a(fault_s.S.obj)
                0x00000000000041d4                z_arm_exc_spurious
                0x00000000000041d4                z_arm_hard_fault
 .text._reset_section
                0x00000000000041e8       0x38 zephyr/arch/arch/arm/core/cortex_m/libarch__arm__core__cortex_m.a(reset.S.obj)
                0x00000000000041e8                z_arm_reset
                0x00000000000041e8                __start
 .text.z_impl_k_thread_abort
                0x0000000000004220       0x38 zephyr/arch/arch/arm/core/cortex_m/libarch__arm__core__cortex_m.a(thread_abort.c.obj)
                0x0000000000004220                z_impl_k_thread_abort
 .text.z_arm_pendsv
                0x0000000000004258       0x60 zephyr/arch/arch/arm/core/cortex_m/libarch__arm__core__cortex_m.a(swap_helper.S.obj)
                0x0000000000004258                z_arm_pendsv
 .text.z_arm_svc
                0x00000000000042b8       0x28 zephyr/arch/arch/arm/core/cortex_m/libarch__arm__core__cortex_m.a(swap_helper.S.obj)
                0x00000000000042b8                z_arm_svc
 .text.arm_irq_enable
                0x00000000000042e0       0x18 zephyr/arch/arch/arm/core/cortex_m/libarch__arm__core__cortex_m.a(irq_manage.c.obj)
                0x00000000000042e0                arm_irq_enable
 .text.arm_irq_priority_set
                0x00000000000042f8       0x54 zephyr/arch/arch/arm/core/cortex_m/libarch__arm__core__cortex_m.a(irq_manage.c.obj)
                0x00000000000042f8                arm_irq_priority_set
 .text.relocate_vector_table
                0x000000000000434c       0x1c zephyr/arch/arch/arm/core/cortex_m/libarch__arm__core__cortex_m.a(prep_c.c.obj)
                0x000000000000434c                relocate_vector_table
 .text.arch_new_thread
                0x0000000000004368       0x2c zephyr/arch/arch/arm/core/cortex_m/libarch__arm__core__cortex_m.a(thread.c.obj)
                0x0000000000004368                arch_new_thread
 .text.arch_switch_to_main_thread
                0x0000000000004394       0x30 zephyr/arch/arch/arm/core/cortex_m/libarch__arm__core__cortex_m.a(thread.c.obj)
                0x0000000000004394                arch_switch_to_main_thread
 .text.z_arm_cpu_idle_init
                0x00000000000043c4        0xc zephyr/arch/arch/arm/core/cortex_m/libarch__arm__core__cortex_m.a(cpu_idle.c.obj)
                0x00000000000043c4                z_arm_cpu_idle_init
 .text.z_arm_interrupt_init
                0x00000000000043d0       0x30 zephyr/arch/arch/arm/core/cortex_m/libarch__arm__core__cortex_m.a(irq_init.c.obj)
                0x00000000000043d0                z_arm_interrupt_init
 .text._isr_wrapper
                0x0000000000004400       0x20 zephyr/arch/arch/arm/core/cortex_m/libarch__arm__core__cortex_m.a(isr_wrapper.c.obj)
                0x0000000000004400                _isr_wrapper
 .text.__stdout_hook_install
                0x0000000000004420        0xc zephyr/lib/libc/newlib/liblib__libc__newlib.a(libc-hooks.c.obj)
                0x0000000000004420                __stdout_hook_install
 .text.z_impl_zephyr_read_stdin
                0x000000000000442c       0x28 zephyr/lib/libc/newlib/liblib__libc__newlib.a(libc-hooks.c.obj)
                0x000000000000442c                z_impl_zephyr_read_stdin
 .text.z_impl_zephyr_write_stdout
                0x0000000000004454       0x2c zephyr/lib/libc/newlib/liblib__libc__newlib.a(libc-hooks.c.obj)
                0x0000000000004454                z_impl_zephyr_write_stdout
 .text._sbrk    0x0000000000004480       0x2c zephyr/lib/libc/newlib/liblib__libc__newlib.a(libc-hooks.c.obj)
                0x0000000000004480                _sbrk
                0x0000000000004480                sbrk
 .text.abort    0x00000000000044ac       0x18 zephyr/lib/libc/common/liblib__libc__common.a(abort.c.obj)
                0x00000000000044ac                abort
 .text.wait_synchronization
                0x00000000000044c4       0x10 zephyr/drivers/interrupt_controller/libdrivers__interrupt_controller.a(intc_sam0_eic.c.obj)
 .text.sam0_eic_isr
                0x00000000000044d4       0x48 zephyr/drivers/interrupt_controller/libdrivers__interrupt_controller.a(intc_sam0_eic.c.obj)
 .text.sam0_eic_init
                0x000000000000451c       0x44 zephyr/drivers/interrupt_controller/libdrivers__interrupt_controller.a(intc_sam0_eic.c.obj)
 .text.sam0_eic_check_ownership
                0x0000000000004560       0x2c zephyr/drivers/interrupt_controller/libdrivers__interrupt_controller.a(intc_sam0_eic.c.obj)
 .text.sam0_eic_acquire
                0x000000000000458c      0x108 zephyr/drivers/interrupt_controller/libdrivers__interrupt_controller.a(intc_sam0_eic.c.obj)
                0x000000000000458c                sam0_eic_acquire
 .text.sam0_eic_release
                0x0000000000004694       0x8c zephyr/drivers/interrupt_controller/libdrivers__interrupt_controller.a(intc_sam0_eic.c.obj)
                0x0000000000004694                sam0_eic_release
 .text.sam0_eic_enable_interrupt
                0x0000000000004720       0x38 zephyr/drivers/interrupt_controller/libdrivers__interrupt_controller.a(intc_sam0_eic.c.obj)
                0x0000000000004720                sam0_eic_enable_interrupt
 .text.sam0_eic_disable_interrupt
                0x0000000000004758       0x38 zephyr/drivers/interrupt_controller/libdrivers__interrupt_controller.a(intc_sam0_eic.c.obj)
                0x0000000000004758                sam0_eic_disable_interrupt
 .text.sam0_eic_interrupt_pending
                0x0000000000004790       0x4c zephyr/drivers/interrupt_controller/libdrivers__interrupt_controller.a(intc_sam0_eic.c.obj)
                0x0000000000004790                sam0_eic_interrupt_pending
 .text.usb_sam0_isr
                0x00000000000047dc       0xb0 zephyr/drivers/usb/device/libdrivers__usb__device.a(usb_dc_sam0.c.obj)
 .text.uart_console_init
                0x000000000000488c       0x2c zephyr/drivers/console/libdrivers__console.a(uart_console.c.obj)
 .text.console_out
                0x00000000000048b8       0x28 zephyr/drivers/console/libdrivers__console.a(uart_console.c.obj)
 .text.gpio_sam0_pin_interrupt_configure
                0x00000000000048e0       0xf8 zephyr/drivers/gpio/libdrivers__gpio.a(gpio_sam0.c.obj)
 .text.i2c_sam0_set_apply_bitrate.isra.0
                0x00000000000049d8       0x74 zephyr/drivers/i2c/libdrivers__i2c.a(i2c_sam0.c.obj)
 .text.i2c_sam0_transfer
                0x0000000000004a4c      0x160 zephyr/drivers/i2c/libdrivers__i2c.a(i2c_sam0.c.obj)
 .text.i2c_sam0_initialize
                0x0000000000004bac      0x110 zephyr/drivers/i2c/libdrivers__i2c.a(i2c_sam0.c.obj)
 .text.i2c_sam0_isr
                0x0000000000004cbc      0x160 zephyr/drivers/i2c/libdrivers__i2c.a(i2c_sam0.c.obj)
 .text.pinctrl_configure_pins
                0x0000000000004e1c       0x54 zephyr/drivers/pinctrl/libdrivers__pinctrl.a(pinctrl_sam0.c.obj)
                0x0000000000004e1c                pinctrl_configure_pins
 .text.uart_sam0_init
                0x0000000000004e70       0xf4 zephyr/drivers/serial/libdrivers__serial.a(uart_sam0.c.obj)
 .text.uart_sam0_configure
                0x0000000000004f64      0x120 zephyr/drivers/serial/libdrivers__serial.a(uart_sam0.c.obj)
 .text.elapsed  0x0000000000005084       0x54 zephyr/drivers/timer/libdrivers__timer.a(cortex_m_systick.c.obj)
 .text.sys_clock_driver_init
                0x00000000000050d8       0x40 zephyr/drivers/timer/libdrivers__timer.a(cortex_m_systick.c.obj)
 .text.sys_clock_isr
                0x0000000000005118       0x44 zephyr/drivers/timer/libdrivers__timer.a(cortex_m_systick.c.obj)
                0x0000000000005118                sys_clock_isr
 .text.sys_clock_set_timeout
                0x000000000000515c       0xf4 zephyr/drivers/timer/libdrivers__timer.a(cortex_m_systick.c.obj)
                0x000000000000515c                sys_clock_set_timeout
 .text.sys_clock_elapsed
                0x0000000000005250       0x34 zephyr/drivers/timer/libdrivers__timer.a(cortex_m_systick.c.obj)
                0x0000000000005250                sys_clock_elapsed
 .text.k_sys_fatal_error_handler
                0x0000000000005284       0x20 zephyr/kernel/libkernel.a(fatal.c.obj)
                0x0000000000005284                k_sys_fatal_error_handler
 .text.z_fatal_error
                0x00000000000052a4       0xf4 zephyr/kernel/libkernel.a(fatal.c.obj)
                0x00000000000052a4                z_fatal_error
 .text.z_sys_init_run_level
                0x0000000000005398       0x34 zephyr/kernel/libkernel.a(init.c.obj)
 .text.bg_thread_main
                0x00000000000053cc       0xa8 zephyr/kernel/libkernel.a(init.c.obj)
 .text.z_init_cpu
                0x0000000000005474       0x68 zephyr/kernel/libkernel.a(init.c.obj)
                0x0000000000005474                z_init_cpu
 .text.z_cstart
                0x00000000000054dc       0xb0 zephyr/kernel/libkernel.a(init.c.obj)
                0x00000000000054dc                z_cstart
 .text.z_impl_k_mutex_lock
                0x000000000000558c       0xf0 zephyr/kernel/libkernel.a(mutex.c.obj)
                0x000000000000558c                z_impl_k_mutex_lock
 .text.z_impl_k_mutex_unlock
                0x000000000000567c       0x98 zephyr/kernel/libkernel.a(mutex.c.obj)
                0x000000000000567c                z_impl_k_mutex_unlock
 .text.z_impl_k_sem_give
                0x0000000000005714       0x64 zephyr/kernel/libkernel.a(sem.c.obj)
                0x0000000000005714                z_impl_k_sem_give
 .text.z_impl_k_sem_take
                0x0000000000005778       0x4c zephyr/kernel/libkernel.a(sem.c.obj)
                0x0000000000005778                z_impl_k_sem_take
 .text.k_sys_work_q_init
                0x00000000000057c4       0x28 zephyr/kernel/libkernel.a(system_work_q.c.obj)
 .text.work_queue_main
                0x00000000000057ec      0x144 zephyr/kernel/libkernel.a(work.c.obj)
 .text.k_work_queue_start
                0x0000000000005930       0x88 zephyr/kernel/libkernel.a(work.c.obj)
                0x0000000000005930                k_work_queue_start
 .text.z_setup_new_thread
                0x00000000000059b8       0x58 zephyr/kernel/libkernel.a(thread.c.obj)
                0x00000000000059b8                z_setup_new_thread
 .text.z_impl_k_thread_create
                0x0000000000005a10       0x58 zephyr/kernel/libkernel.a(thread.c.obj)
                0x0000000000005a10                z_impl_k_thread_create
 .text.z_dummy_thread_init
                0x0000000000005a68       0x18 zephyr/kernel/libkernel.a(thread.c.obj)
                0x0000000000005a68                z_dummy_thread_init
 .text.z_swap_irqlock
                0x0000000000005a80       0x2c zephyr/kernel/libkernel.a(sched.c.obj)
 .text.ready_thread
                0x0000000000005aac       0x8c zephyr/kernel/libkernel.a(sched.c.obj)
 .text.unready_thread
                0x0000000000005b38       0x58 zephyr/kernel/libkernel.a(sched.c.obj)
 .text.add_thread_timeout
                0x0000000000005b90       0x18 zephyr/kernel/libkernel.a(sched.c.obj)
 .text.move_thread_to_end_of_prio_q
                0x0000000000005ba8       0x98 zephyr/kernel/libkernel.a(sched.c.obj)
                0x0000000000005ba8                move_thread_to_end_of_prio_q
 .text.z_pend_curr
                0x0000000000005c40       0x38 zephyr/kernel/libkernel.a(sched.c.obj)
                0x0000000000005c40                z_pend_curr
 .text.z_thread_prio_set
                0x0000000000005c78       0xe8 zephyr/kernel/libkernel.a(sched.c.obj)
                0x0000000000005c78                z_thread_prio_set
 .text.z_reschedule
                0x0000000000005d60       0x2c zephyr/kernel/libkernel.a(sched.c.obj)
                0x0000000000005d60                z_reschedule
 .text.z_reschedule_irqlock
                0x0000000000005d8c       0x2c zephyr/kernel/libkernel.a(sched.c.obj)
                0x0000000000005d8c                z_reschedule_irqlock
 .text.k_sched_lock
                0x0000000000005db8       0x20 zephyr/kernel/libkernel.a(sched.c.obj)
                0x0000000000005db8                k_sched_lock
 .text.k_sched_unlock
                0x0000000000005dd8       0x60 zephyr/kernel/libkernel.a(sched.c.obj)
                0x0000000000005dd8                k_sched_unlock
 .text.z_sched_init
                0x0000000000005e38       0x14 zephyr/kernel/libkernel.a(sched.c.obj)
                0x0000000000005e38                z_sched_init
 .text.z_impl_k_yield
                0x0000000000005e4c       0x84 zephyr/kernel/libkernel.a(sched.c.obj)
                0x0000000000005e4c                z_impl_k_yield
 .text.z_tick_sleep
                0x0000000000005ed0       0x74 zephyr/kernel/libkernel.a(sched.c.obj)
 .text.z_impl_k_sleep
                0x0000000000005f44       0x4c zephyr/kernel/libkernel.a(sched.c.obj)
                0x0000000000005f44                z_impl_k_sleep
 .text.z_impl_k_wakeup
                0x0000000000005f90       0x40 zephyr/kernel/libkernel.a(sched.c.obj)
                0x0000000000005f90                z_impl_k_wakeup
 .text.z_impl_k_sched_current_thread_query
                0x0000000000005fd0        0xc zephyr/kernel/libkernel.a(sched.c.obj)
                0x0000000000005fd0                z_impl_k_sched_current_thread_query
 .text.z_thread_abort
                0x0000000000005fdc      0x12c zephyr/kernel/libkernel.a(sched.c.obj)
                0x0000000000005fdc                z_thread_abort
 .text.z_sched_wait
                0x0000000000006108       0x24 zephyr/kernel/libkernel.a(sched.c.obj)
                0x0000000000006108                z_sched_wait
 .text.slice_timeout
                0x000000000000612c       0x20 zephyr/kernel/libkernel.a(timeslicing.c.obj)
 .text.thread_is_sliceable
                0x000000000000614c       0x40 zephyr/kernel/libkernel.a(timeslicing.c.obj)
                0x000000000000614c                thread_is_sliceable
 .text.z_reset_time_slice
                0x000000000000618c       0x4c zephyr/kernel/libkernel.a(timeslicing.c.obj)
                0x000000000000618c                z_reset_time_slice
 .text.z_time_slice
                0x00000000000061d8       0x58 zephyr/kernel/libkernel.a(timeslicing.c.obj)
                0x00000000000061d8                z_time_slice
 .text.first    0x0000000000006230       0x10 zephyr/kernel/libkernel.a(timeout.c.obj)
 .text.next_timeout
                0x0000000000006240       0x38 zephyr/kernel/libkernel.a(timeout.c.obj)
 .text.elapsed  0x0000000000006278       0x18 zephyr/kernel/libkernel.a(timeout.c.obj)
 .text.remove_timeout
                0x0000000000006290       0x38 zephyr/kernel/libkernel.a(timeout.c.obj)
 .text.z_add_timeout
                0x00000000000062c8      0x120 zephyr/kernel/libkernel.a(timeout.c.obj)
                0x00000000000062c8                z_add_timeout
 .text.sys_clock_announce
                0x00000000000063e8       0xd4 zephyr/kernel/libkernel.a(timeout.c.obj)
                0x00000000000063e8                sys_clock_announce
 .text.sys_clock_tick_get
                0x00000000000064bc       0x2c zephyr/kernel/libkernel.a(timeout.c.obj)
                0x00000000000064bc                sys_clock_tick_get
 .text.z_timer_expiration_handler
                0x00000000000064e8      0x110 zephyr/kernel/libkernel.a(timer.c.obj)
                0x00000000000064e8                z_timer_expiration_handler
 .text.z_impl_k_timer_start
                0x00000000000065f8       0x68 zephyr/kernel/libkernel.a(timer.c.obj)
                0x00000000000065f8                z_impl_k_timer_start
 .text.k_thread_system_pool_assign
                0x0000000000006660        0xc zephyr/kernel/libkernel.a(mempool.c.obj)
                0x0000000000006660                k_thread_system_pool_assign
 .text.boot_banner
                0x000000000000666c       0x10 zephyr/kernel/libkernel.a(banner.c.obj)
                0x000000000000666c                boot_banner
 .text.statics_init
                0x000000000000667c       0x24 zephyr/kernel/libkernel.a(kheap.c.obj)
 .text.malloc   0x00000000000066a0       0x14 /home/gfschuster/zephyr-sdk-0.17.4/arm-zephyr-eabi/arm-zephyr-eabi/lib/thumb/v6-m/nofp/libc.a(lib_a-malloc.o)
                0x00000000000066a0                malloc
 .text.free     0x00000000000066b4       0x14 /home/gfschuster/zephyr-sdk-0.17.4/arm-zephyr-eabi/arm-zephyr-eabi/lib/thumb/v6-m/nofp/libc.a(lib_a-malloc.o)
                0x00000000000066b4                free
 .text._malloc_r
                0x00000000000066c8      0x548 /home/gfschuster/zephyr-sdk-0.17.4/arm-zephyr-eabi/arm-zephyr-eabi/lib/thumb/v6-m/nofp/libc.a(lib_a-mallocr.o)
                0x00000000000066c8                _malloc_r
 .text.memcpy   0x0000000000006c10       0x90 /home/gfschuster/zephyr-sdk-0.17.4/arm-zephyr-eabi/arm-zephyr-eabi/lib/thumb/v6-m/nofp/libc.a(lib_a-memcpy-stub.o)
                0x0000000000006c10                memcpy
 .text.memset   0x0000000000006ca0       0xa8 /home/gfschuster/zephyr-sdk-0.17.4/arm-zephyr-eabi/arm-zephyr-eabi/lib/thumb/v6-m/nofp/libc.a(lib_a-memset.o)
                0x0000000000006ca0                memset
 .text.__malloc_lock
                0x0000000000006d48       0x10 /home/gfschuster/zephyr-sdk-0.17.4/arm-zephyr-eabi/arm-zephyr-eabi/lib/thumb/v6-m/nofp/libc.a(lib_a-mlock.o)
                0x0000000000006d48                __malloc_lock
 .text.__malloc_unlock
                0x0000000000006d58       0x10 /home/gfschuster/zephyr-sdk-0.17.4/arm-zephyr-eabi/arm-zephyr-eabi/lib/thumb/v6-m/nofp/libc.a(lib_a-mlock.o)
                0x0000000000006d58                __malloc_unlock
 .text._sbrk_r  0x0000000000006d68       0x24 /home/gfschuster/zephyr-sdk-0.17.4/arm-zephyr-eabi/arm-zephyr-eabi/lib/thumb/v6-m/nofp/libc.a(lib_a-sbrkr.o)
                0x0000000000006d68                _sbrk_r
 .text.snprintf
                0x0000000000006d8c       0x84 /home/gfschuster/zephyr-sdk-0.17.4/arm-zephyr-eabi/arm-zephyr-eabi/lib/thumb/v6-m/nofp/libc.a(lib_a-snprintf.o)
                0x0000000000006d8c                snprintf
 .text.strlen   0x0000000000006e10       0x5c /home/gfschuster/zephyr-sdk-0.17.4/arm-zephyr-eabi/arm-zephyr-eabi/lib/thumb/v6-m/nofp/libc.a(lib_a-strlen-stub.o)
                0x0000000000006e10                strlen
 .text.strnlen  0x0000000000006e6c       0x24 /home/gfschuster/zephyr-sdk-0.17.4/arm-zephyr-eabi/arm-zephyr-eabi/lib/thumb/v6-m/nofp/libc.a(lib_a-strnlen.o)
                0x0000000000006e6c                strnlen
 .text._svfprintf_r
                0x0000000000006e90     0x1a4c /home/gfschuster/zephyr-sdk-0.17.4/arm-zephyr-eabi/arm-zephyr-eabi/lib/thumb/v6-m/nofp/libc.a(lib_a-svfprintf.o)
                0x0000000000006e90                _svfprintf_r
 .text.quorem   0x00000000000088dc      0x154 /home/gfschuster/zephyr-sdk-0.17.4/arm-zephyr-eabi/arm-zephyr-eabi/lib/thumb/v6-m/nofp/libc.a(lib_a-dtoa.o)
 .text._dtoa_r  0x0000000000008a30      0xf8c /home/gfschuster/zephyr-sdk-0.17.4/arm-zephyr-eabi/arm-zephyr-eabi/lib/thumb/v6-m/nofp/libc.a(lib_a-dtoa.o)
                0x0000000000008a30                _dtoa_r
 .text._malloc_trim_r
                0x00000000000099bc       0xa8 /home/gfschuster/zephyr-sdk-0.17.4/arm-zephyr-eabi/arm-zephyr-eabi/lib/thumb/v6-m/nofp/libc.a(lib_a-freer.o)
                0x00000000000099bc                _malloc_trim_r
 .text._free_r  0x0000000000009a64      0x1d4 /home/gfschuster/zephyr-sdk-0.17.4/arm-zephyr-eabi/arm-zephyr-eabi/lib/thumb/v6-m/nofp/libc.a(lib_a-freer.o)
                0x0000000000009a64                _free_r
 .text._localeconv_r
                0x0000000000009c38        0x8 /home/gfschuster/zephyr-sdk-0.17.4/arm-zephyr-eabi/arm-zephyr-eabi/lib/thumb/v6-m/nofp/libc.a(lib_a-localeconv.o)
                0x0000000000009c38                _localeconv_r
 .text.memchr   0x0000000000009c40       0x74 /home/gfschuster/zephyr-sdk-0.17.4/arm-zephyr-eabi/arm-zephyr-eabi/lib/thumb/v6-m/nofp/libc.a(lib_a-memchr-stub.o)
                0x0000000000009c40                memchr
 .text._Balloc  0x0000000000009cb4       0x50 /home/gfschuster/zephyr-sdk-0.17.4/arm-zephyr-eabi/arm-zephyr-eabi/lib/thumb/v6-m/nofp/libc.a(lib_a-mprec.o)
                0x0000000000009cb4                _Balloc
 .text._Bfree   0x0000000000009d04       0x14 /home/gfschuster/zephyr-sdk-0.17.4/arm-zephyr-eabi/arm-zephyr-eabi/lib/thumb/v6-m/nofp/libc.a(lib_a-mprec.o)
                0x0000000000009d04                _Bfree
 .text.__multadd
                0x0000000000009d18       0xa8 /home/gfschuster/zephyr-sdk-0.17.4/arm-zephyr-eabi/arm-zephyr-eabi/lib/thumb/v6-m/nofp/libc.a(lib_a-mprec.o)
                0x0000000000009d18                __multadd
 .text.__hi0bits
                0x0000000000009dc0       0x4c /home/gfschuster/zephyr-sdk-0.17.4/arm-zephyr-eabi/arm-zephyr-eabi/lib/thumb/v6-m/nofp/libc.a(lib_a-mprec.o)
                0x0000000000009dc0                __hi0bits
 .text.__lo0bits
                0x0000000000009e0c       0x5c /home/gfschuster/zephyr-sdk-0.17.4/arm-zephyr-eabi/arm-zephyr-eabi/lib/thumb/v6-m/nofp/libc.a(lib_a-mprec.o)
                0x0000000000009e0c                __lo0bits
 .text.__i2b    0x0000000000009e68       0x60 /home/gfschuster/zephyr-sdk-0.17.4/arm-zephyr-eabi/arm-zephyr-eabi/lib/thumb/v6-m/nofp/libc.a(lib_a-mprec.o)
                0x0000000000009e68                __i2b
 .text.__multiply
                0x0000000000009ec8      0x1b0 /home/gfschuster/zephyr-sdk-0.17.4/arm-zephyr-eabi/arm-zephyr-eabi/lib/thumb/v6-m/nofp/libc.a(lib_a-mprec.o)
                0x0000000000009ec8                __multiply
 .text.__pow5mult
                0x000000000000a078       0xd0 /home/gfschuster/zephyr-sdk-0.17.4/arm-zephyr-eabi/arm-zephyr-eabi/lib/thumb/v6-m/nofp/libc.a(lib_a-mprec.o)
                0x000000000000a078                __pow5mult
 .text.__lshift
                0x000000000000a148       0xfc /home/gfschuster/zephyr-sdk-0.17.4/arm-zephyr-eabi/arm-zephyr-eabi/lib/thumb/v6-m/nofp/libc.a(lib_a-mprec.o)
                0x000000000000a148                __lshift
 .text.__mcmp   0x000000000000a244       0x3c /home/gfschuster/zephyr-sdk-0.17.4/arm-zephyr-eabi/arm-zephyr-eabi/lib/thumb/v6-m/nofp/libc.a(lib_a-mprec.o)
                0x000000000000a244                __mcmp
 .text.__mdiff  0x000000000000a280      0x1a4 /home/gfschuster/zephyr-sdk-0.17.4/arm-zephyr-eabi/arm-zephyr-eabi/lib/thumb/v6-m/nofp/libc.a(lib_a-mprec.o)
                0x000000000000a280                __mdiff
 .text.__d2b    0x000000000000a424       0xcc /home/gfschuster/zephyr-sdk-0.17.4/arm-zephyr-eabi/arm-zephyr-eabi/lib/thumb/v6-m/nofp/libc.a(lib_a-mprec.o)
                0x000000000000a424                __d2b
 .text.frexp    0x000000000000a4f0       0x68 /home/gfschuster/zephyr-sdk-0.17.4/arm-zephyr-eabi/arm-zephyr-eabi/lib/thumb/v6-m/nofp/libc.a(lib_a-s_frexp.o)
                0x000000000000a4f0                frexp
 .text.strncpy  0x000000000000a558       0x60 /home/gfschuster/zephyr-sdk-0.17.4/arm-zephyr-eabi/arm-zephyr-eabi/lib/thumb/v6-m/nofp/libc.a(lib_a-strncpy.o)
                0x000000000000a558                strncpy
 .text.__ssprint_r
                0x000000000000a5b8      0x118 /home/gfschuster/zephyr-sdk-0.17.4/arm-zephyr-eabi/arm-zephyr-eabi/lib/thumb/v6-m/nofp/libc.a(lib_a-svfiprintf.o)
                0x000000000000a5b8                __ssprint_r
 .text.__assert_func
                0x000000000000a6d0       0x40 /home/gfschuster/zephyr-sdk-0.17.4/arm-zephyr-eabi/arm-zephyr-eabi/lib/thumb/v6-m/nofp/libc.a(lib_a-assert.o)
                0x000000000000a6d0                __assert_func
 .text._calloc_r
                0x000000000000a710       0x5c /home/gfschuster/zephyr-sdk-0.17.4/arm-zephyr-eabi/arm-zephyr-eabi/lib/thumb/v6-m/nofp/libc.a(lib_a-callocr.o)
                0x000000000000a710                _calloc_r
 .text.fiprintf
                0x000000000000a76c       0x24 /home/gfschuster/zephyr-sdk-0.17.4/arm-zephyr-eabi/arm-zephyr-eabi/lib/thumb/v6-m/nofp/libc.a(lib_a-fiprintf.o)
                0x000000000000a76c                fiprintf
 .text.__ascii_mbtowc
                0x000000000000a790       0x2c /home/gfschuster/zephyr-sdk-0.17.4/arm-zephyr-eabi/arm-zephyr-eabi/lib/thumb/v6-m/nofp/libc.a(lib_a-mbtowc_r.o)
                0x000000000000a790                __ascii_mbtowc
 .text.memmove  0x000000000000a7bc       0xb0 /home/gfschuster/zephyr-sdk-0.17.4/arm-zephyr-eabi/arm-zephyr-eabi/lib/thumb/v6-m/nofp/libc.a(lib_a-memmove.o)
                0x000000000000a7bc                memmove
 .text._realloc_r
                0x000000000000a86c      0x350 /home/gfschuster/zephyr-sdk-0.17.4/arm-zephyr-eabi/arm-zephyr-eabi/lib/thumb/v6-m/nofp/libc.a(lib_a-reallocr.o)
                0x000000000000a86c                _realloc_r
 .text._vfiprintf_r
                0x000000000000abbc      0xd5c /home/gfschuster/zephyr-sdk-0.17.4/arm-zephyr-eabi/arm-zephyr-eabi/lib/thumb/v6-m/nofp/libc.a(lib_a-vfiprintf.o)
                0x000000000000abbc                _vfiprintf_r
 .text.__sbprintf
                0x000000000000b918       0x8c /home/gfschuster/zephyr-sdk-0.17.4/arm-zephyr-eabi/arm-zephyr-eabi/lib/thumb/v6-m/nofp/libc.a(lib_a-vfiprintf.o)
 .text.__ascii_wctomb
                0x000000000000b9a4       0x1c /home/gfschuster/zephyr-sdk-0.17.4/arm-zephyr-eabi/arm-zephyr-eabi/lib/thumb/v6-m/nofp/libc.a(lib_a-wctomb_r.o)
                0x000000000000b9a4                __ascii_wctomb
 .text.__swsetup_r
                0x000000000000b9c0       0xd0 /home/gfschuster/zephyr-sdk-0.17.4/arm-zephyr-eabi/arm-zephyr-eabi/lib/thumb/v6-m/nofp/libc.a(lib_a-wsetup.o)
                0x000000000000b9c0                __swsetup_r
 .text.__sflush_r
                0x000000000000ba90      0x124 /home/gfschuster/zephyr-sdk-0.17.4/arm-zephyr-eabi/arm-zephyr-eabi/lib/thumb/v6-m/nofp/libc.a(lib_a-fflush.o)
                0x000000000000ba90                __sflush_r
 .text._fflush_r
                0x000000000000bbb4       0x6c /home/gfschuster/zephyr-sdk-0.17.4/arm-zephyr-eabi/arm-zephyr-eabi/lib/thumb/v6-m/nofp/libc.a(lib_a-fflush.o)
                0x000000000000bbb4                _fflush_r
 .text._cleanup_r
                0x000000000000bc20       0x10 /home/gfschuster/zephyr-sdk-0.17.4/arm-zephyr-eabi/arm-zephyr-eabi/lib/thumb/v6-m/nofp/libc.a(lib_a-findfp.o)
                0x000000000000bc20                _cleanup_r
 .text.__sinit  0x000000000000bc30      0x124 /home/gfschuster/zephyr-sdk-0.17.4/arm-zephyr-eabi/arm-zephyr-eabi/lib/thumb/v6-m/nofp/libc.a(lib_a-findfp.o)
                0x000000000000bc30                __sinit
 .text.__sfvwrite_r
                0x000000000000bd54      0x310 /home/gfschuster/zephyr-sdk-0.17.4/arm-zephyr-eabi/arm-zephyr-eabi/lib/thumb/v6-m/nofp/libc.a(lib_a-fvwrite.o)
                0x000000000000bd54                __sfvwrite_r
 .text._fwalk_reent
                0x000000000000c064       0x48 /home/gfschuster/zephyr-sdk-0.17.4/arm-zephyr-eabi/arm-zephyr-eabi/lib/thumb/v6-m/nofp/libc.a(lib_a-fwalk.o)
                0x000000000000c064                _fwalk_reent
 .text.__smakebuf_r
                0x000000000000c0ac       0xc0 /home/gfschuster/zephyr-sdk-0.17.4/arm-zephyr-eabi/arm-zephyr-eabi/lib/thumb/v6-m/nofp/libc.a(lib_a-makebuf.o)
                0x000000000000c0ac                __smakebuf_r
 .text.__sread  0x000000000000c16c       0x28 /home/gfschuster/zephyr-sdk-0.17.4/arm-zephyr-eabi/arm-zephyr-eabi/lib/thumb/v6-m/nofp/libc.a(lib_a-stdio.o)
                0x000000000000c16c                __sread
 .text.__swrite
                0x000000000000c194       0x40 /home/gfschuster/zephyr-sdk-0.17.4/arm-zephyr-eabi/arm-zephyr-eabi/lib/thumb/v6-m/nofp/libc.a(lib_a-stdio.o)
                0x000000000000c194                __swrite
 .text.__sseek  0x000000000000c1d4       0x30 /home/gfschuster/zephyr-sdk-0.17.4/arm-zephyr-eabi/arm-zephyr-eabi/lib/thumb/v6-m/nofp/libc.a(lib_a-stdio.o)
                0x000000000000c1d4                __sseek
 .text.__sclose
                0x000000000000c204        0xc /home/gfschuster/zephyr-sdk-0.17.4/arm-zephyr-eabi/arm-zephyr-eabi/lib/thumb/v6-m/nofp/libc.a(lib_a-stdio.o)
                0x000000000000c204                __sclose
 .text._write_r
                0x000000000000c210       0x28 /home/gfschuster/zephyr-sdk-0.17.4/arm-zephyr-eabi/arm-zephyr-eabi/lib/thumb/v6-m/nofp/libc.a(lib_a-writer.o)
                0x000000000000c210                _write_r
 .text._close_r
                0x000000000000c238       0x24 /home/gfschuster/zephyr-sdk-0.17.4/arm-zephyr-eabi/arm-zephyr-eabi/lib/thumb/v6-m/nofp/libc.a(lib_a-closer.o)
                0x000000000000c238                _close_r
 .text._fstat_r
                0x000000000000c25c       0x28 /home/gfschuster/zephyr-sdk-0.17.4/arm-zephyr-eabi/arm-zephyr-eabi/lib/thumb/v6-m/nofp/libc.a(lib_a-fstatr.o)
                0x000000000000c25c                _fstat_r
 .text._isatty_r
                0x000000000000c284       0x24 /home/gfschuster/zephyr-sdk-0.17.4/arm-zephyr-eabi/arm-zephyr-eabi/lib/thumb/v6-m/nofp/libc.a(lib_a-isattyr.o)
                0x000000000000c284                _isatty_r
 .text._lseek_r
                0x000000000000c2a8       0x28 /home/gfschuster/zephyr-sdk-0.17.4/arm-zephyr-eabi/arm-zephyr-eabi/lib/thumb/v6-m/nofp/libc.a(lib_a-lseekr.o)
                0x000000000000c2a8                _lseek_r
 .text._read_r  0x000000000000c2d0       0x28 /home/gfschuster/zephyr-sdk-0.17.4/arm-zephyr-eabi/arm-zephyr-eabi/lib/thumb/v6-m/nofp/libc.a(lib_a-readr.o)
                0x000000000000c2d0                _read_r
 .text._OffsetAbsSyms
                0x000000000000c2f8        0x2 zephyr/CMakeFiles/offsets.dir/./arch/arm/core/offsets/offsets.c.obj
                0x000000000000c2f8                _OffsetAbsSyms
 .text.i2c_write_read.constprop.0
                0x000000000000c2fa       0x2e app/libapp.a(main.c.obj)
 .text.k_msleep.isra.0
                0x000000000000c328       0x12 app/libapp.a(main.c.obj)
 .text.i2c_reg_write_byte.constprop.0.isra.0
                0x000000000000c33a       0x24 app/libapp.a(main.c.obj)
 .text.chunk_size
                0x000000000000c35e        0xa zephyr/libzephyr.a(heap.c.obj)
 .text.free_list_add
                0x000000000000c368       0x4e zephyr/libzephyr.a(heap.c.obj)
 .text.sys_heap_init
                0x000000000000c3b6       0x74 zephyr/libzephyr.a(heap.c.obj)
                0x000000000000c3b6                sys_heap_init
 .text.cbpprintf_external
                0x000000000000c42a       0x68 zephyr/libzephyr.a(cbprintf_packaged.c.obj)
                0x000000000000c42a                cbpprintf_external
 .text.is_ptr   0x000000000000c492       0x4a zephyr/libzephyr.a(cbprintf_packaged.c.obj)
                0x000000000000c492                is_ptr
 .text.arch_printk_char_out
                0x000000000000c4dc        0x4 zephyr/libzephyr.a(printk.c.obj)
                0x000000000000c4dc                arch_printk_char_out
 .text.str_out  0x000000000000c4e0       0x28 zephyr/libzephyr.a(printk.c.obj)
 .text.printk   0x000000000000c508       0x16 zephyr/libzephyr.a(printk.c.obj)
                0x000000000000c508                printk
 .text.snprintk
                0x000000000000c51e       0x16 zephyr/libzephyr.a(printk.c.obj)
                0x000000000000c51e                snprintk
 .text.z_thread_entry
                0x000000000000c534       0x14 zephyr/libzephyr.a(thread_entry.c.obj)
                0x000000000000c534                z_thread_entry
 .text.outs     0x000000000000c548       0x2c zephyr/libzephyr.a(cbprintf_complete.c.obj)
 .text.free_space
                0x000000000000c574       0x2c zephyr/libzephyr.a(mpsc_pbuf.c.obj)
 .text.get_usage
                0x000000000000c5a0       0x22 zephyr/libzephyr.a(mpsc_pbuf.c.obj)
 .text.idx_inc  0x000000000000c5c2       0x1c zephyr/libzephyr.a(mpsc_pbuf.c.obj)
 .text.rd_idx_inc
                0x000000000000c5de       0x18 zephyr/libzephyr.a(mpsc_pbuf.c.obj)
 .text.add_skip_item
                0x000000000000c5f6       0x3a zephyr/libzephyr.a(mpsc_pbuf.c.obj)
 .text.drop_item_locked
                0x000000000000c630       0xf0 zephyr/libzephyr.a(mpsc_pbuf.c.obj)
 .text.post_drop_action
                0x000000000000c720       0x38 zephyr/libzephyr.a(mpsc_pbuf.c.obj)
 .text.max_utilization_update
                0x000000000000c758       0x1a zephyr/libzephyr.a(mpsc_pbuf.c.obj)
 .text.mpsc_pbuf_init
                0x000000000000c772       0x42 zephyr/libzephyr.a(mpsc_pbuf.c.obj)
                0x000000000000c772                mpsc_pbuf_init
 .text.mpsc_pbuf_alloc
                0x000000000000c7b4       0xfc zephyr/libzephyr.a(mpsc_pbuf.c.obj)
                0x000000000000c7b4                mpsc_pbuf_alloc
 .text.mpsc_pbuf_commit
                0x000000000000c8b0       0x38 zephyr/libzephyr.a(mpsc_pbuf.c.obj)
                0x000000000000c8b0                mpsc_pbuf_commit
 .text.mpsc_pbuf_claim
                0x000000000000c8e8       0xa2 zephyr/libzephyr.a(mpsc_pbuf.c.obj)
                0x000000000000c8e8                mpsc_pbuf_claim
 .text.mpsc_pbuf_free
                0x000000000000c98a       0x72 zephyr/libzephyr.a(mpsc_pbuf.c.obj)
                0x000000000000c98a                mpsc_pbuf_free
 .text.mpsc_pbuf_is_pending
                0x000000000000c9fc       0x2e zephyr/libzephyr.a(mpsc_pbuf.c.obj)
                0x000000000000c9fc                mpsc_pbuf_is_pending
 .text._ConfigAbsSyms
                0x000000000000ca2a        0x2 zephyr/libzephyr.a(configs.c.obj)
                0x000000000000ca2a                _ConfigAbsSyms
 .text.soc_port_pinmux_set
                0x000000000000ca2c       0x34 zephyr/libzephyr.a(soc_port.c.obj)
                0x000000000000ca2c                soc_port_pinmux_set
 .text.soc_port_configure
                0x000000000000ca60       0x6c zephyr/libzephyr.a(soc_port.c.obj)
                0x000000000000ca60                soc_port_configure
 .text.log_msg_generic_get_wlen
                0x000000000000cacc       0x22 zephyr/libzephyr.a(log_core.c.obj)
 .text.dummy_timestamp
                0x000000000000caee        0x4 zephyr/libzephyr.a(log_core.c.obj)
 .text.atomic_inc
                0x000000000000caf2        0xa zephyr/libzephyr.a(log_core.c.obj)
 .text.default_lf_get_timestamp
                0x000000000000cafc       0x10 zephyr/libzephyr.a(log_core.c.obj)
 .text.z_log_vprintk
                0x000000000000cb0c       0x1a zephyr/libzephyr.a(log_core.c.obj)
                0x000000000000cb0c                z_log_vprintk
 .text.z_log_notify_drop
                0x000000000000cb26        0xa zephyr/libzephyr.a(log_core.c.obj)
 .text.z_log_get_tag
                0x000000000000cb30        0x4 zephyr/libzephyr.a(log_core.c.obj)
                0x000000000000cb30                z_log_get_tag
 .text.log_backend_enable
                0x000000000000cb34       0x16 zephyr/libzephyr.a(log_mgmt.c.obj)
                0x000000000000cb34                log_backend_enable
 .text.z_cbprintf_cpy
                0x000000000000cb4a       0x32 zephyr/libzephyr.a(log_msg.c.obj)
 .text.z_log_msg_finalize
                0x000000000000cb7c       0x32 zephyr/libzephyr.a(log_msg.c.obj)
                0x000000000000cb7c                z_log_msg_finalize
 .text.z_impl_z_log_msg_simple_create_0
                0x000000000000cbae        0xe zephyr/libzephyr.a(log_msg.c.obj)
                0x000000000000cbae                z_impl_z_log_msg_simple_create_0
 .text.z_impl_z_log_msg_simple_create_1
                0x000000000000cbbc       0x10 zephyr/libzephyr.a(log_msg.c.obj)
                0x000000000000cbbc                z_impl_z_log_msg_simple_create_1
 .text.log_output_write
                0x000000000000cbcc       0x1e zephyr/libzephyr.a(log_output.c.obj)
 .text.log_output_flush
                0x000000000000cbea       0x18 zephyr/libzephyr.a(log_output.c.obj)
 .text.cbvprintf
                0x000000000000cc02        0xc zephyr/libzephyr.a(log_output.c.obj)
 .text.out_func
                0x000000000000cc0e       0x26 zephyr/libzephyr.a(log_output.c.obj)
 .text.cr_out_func
                0x000000000000cc34       0x1c zephyr/libzephyr.a(log_output.c.obj)
 .text.log_output_msg_process
                0x000000000000cc50       0x62 zephyr/libzephyr.a(log_output.c.obj)
                0x000000000000cc50                log_output_msg_process
 .text.format_set
                0x000000000000ccb2        0xc zephyr/libzephyr.a(log_backend_uart.c.obj)
 .text.log_backend_uart_init
                0x000000000000ccbe        0xc zephyr/libzephyr.a(log_backend_uart.c.obj)
 .text.panic    0x000000000000ccca       0x32 zephyr/libzephyr.a(log_backend_uart.c.obj)
 .text.dropped  0x000000000000ccfc        0xe zephyr/libzephyr.a(log_backend_uart.c.obj)
 .text.process  0x000000000000cd0a       0x1c zephyr/libzephyr.a(log_backend_uart.c.obj)
 .text.arch_early_memset
                0x000000000000cd26        0x8 zephyr/arch/common/libarch__common.a(init.c.obj)
                0x000000000000cd26                arch_early_memset
 .text.arch_early_memcpy
                0x000000000000cd2e        0x8 zephyr/arch/common/libarch__common.a(init.c.obj)
                0x000000000000cd2e                arch_early_memcpy
 .text.z_do_kernel_oops
                0x000000000000cd36        0xc zephyr/arch/arch/arm/core/libarch__arm__core.a(fatal.c.obj)
                0x000000000000cd36                z_do_kernel_oops
 .text.z_arm_nmi
                0x000000000000cd42        0xc zephyr/arch/arch/arm/core/libarch__arm__core.a(nmi.c.obj)
                0x000000000000cd42                z_arm_nmi
 .text.z_irq_spurious
                0x000000000000cd4e        0xc zephyr/arch/arch/arm/core/cortex_m/libarch__arm__core__cortex_m.a(irq_manage.c.obj)
                0x000000000000cd4e                z_irq_spurious
 .text.z_prep_c
                0x000000000000cd5a       0x16 zephyr/arch/arch/arm/core/cortex_m/libarch__arm__core__cortex_m.a(prep_c.c.obj)
                0x000000000000cd5a                z_prep_c
 .text.arch_coprocessors_disable
                0x000000000000cd70        0x6 zephyr/arch/arch/arm/core/cortex_m/libarch__arm__core__cortex_m.a(thread.c.obj)
                0x000000000000cd70                arch_coprocessors_disable
 .text.arch_irq_unlock_outlined
                0x000000000000cd76        0xc zephyr/arch/arch/arm/core/cortex_m/libarch__arm__core__cortex_m.a(thread.c.obj)
                0x000000000000cd76                arch_irq_unlock_outlined
 .text.arch_cpu_idle
                0x000000000000cd82        0xe zephyr/arch/arch/arm/core/cortex_m/libarch__arm__core__cortex_m.a(cpu_idle.c.obj)
                0x000000000000cd82                arch_cpu_idle
 .text._stdin_hook_default
                0x000000000000cd90        0x4 zephyr/lib/libc/newlib/liblib__libc__newlib.a(libc-hooks.c.obj)
 .text._stdout_hook_default
                0x000000000000cd94        0x6 zephyr/lib/libc/newlib/liblib__libc__newlib.a(libc-hooks.c.obj)
 .text.malloc_prepare
                0x000000000000cd9a        0x4 zephyr/lib/libc/newlib/liblib__libc__newlib.a(libc-hooks.c.obj)
 .text._read    0x000000000000cd9e        0xc zephyr/lib/libc/newlib/liblib__libc__newlib.a(libc-hooks.c.obj)
                0x000000000000cd9e                read
                0x000000000000cd9e                _read
 .text._write   0x000000000000cdaa        0xc zephyr/lib/libc/newlib/liblib__libc__newlib.a(libc-hooks.c.obj)
                0x000000000000cdaa                write
                0x000000000000cdaa                _write
 .text._close   0x000000000000cdb6        0x6 zephyr/lib/libc/newlib/liblib__libc__newlib.a(libc-hooks.c.obj)
                0x000000000000cdb6                close
                0x000000000000cdb6                _close
 .text._lseek   0x000000000000cdbc        0x4 zephyr/lib/libc/newlib/liblib__libc__newlib.a(libc-hooks.c.obj)
                0x000000000000cdbc                lseek
                0x000000000000cdbc                _lseek
 .text._isatty  0x000000000000cdc0        0xe zephyr/lib/libc/newlib/liblib__libc__newlib.a(libc-hooks.c.obj)
                0x000000000000cdc0                isatty
                0x000000000000cdc0                _isatty
 .text._fstat   0x000000000000cdce        0xa zephyr/lib/libc/newlib/liblib__libc__newlib.a(libc-hooks.c.obj)
                0x000000000000cdce                _fstat
                0x000000000000cdce                fstat
 .text.__retarget_lock_init_recursive
                0x000000000000cdd8       0x12 zephyr/lib/libc/newlib/liblib__libc__newlib.a(libc-hooks.c.obj)
                0x000000000000cdd8                __retarget_lock_init_recursive
 .text.__retarget_lock_close_recursive
                0x000000000000cdea        0x8 zephyr/lib/libc/newlib/liblib__libc__newlib.a(libc-hooks.c.obj)
                0x000000000000cdea                __retarget_lock_close_recursive
 .text.__retarget_lock_acquire_recursive
                0x000000000000cdf2        0xe zephyr/lib/libc/newlib/liblib__libc__newlib.a(libc-hooks.c.obj)
                0x000000000000cdf2                __retarget_lock_acquire_recursive
 .text.__retarget_lock_release_recursive
                0x000000000000ce00        0x8 zephyr/lib/libc/newlib/liblib__libc__newlib.a(libc-hooks.c.obj)
                0x000000000000ce00                __retarget_lock_release_recursive
 .text.gpio_sam0_config
                0x000000000000ce08       0x78 zephyr/drivers/gpio/libdrivers__gpio.a(gpio_sam0.c.obj)
 .text.gpio_sam0_port_get_raw
                0x000000000000ce80        0xc zephyr/drivers/gpio/libdrivers__gpio.a(gpio_sam0.c.obj)
 .text.gpio_sam0_port_set_masked_raw
                0x000000000000ce8c       0x12 zephyr/drivers/gpio/libdrivers__gpio.a(gpio_sam0.c.obj)
 .text.gpio_sam0_port_set_bits_raw
                0x000000000000ce9e        0xa zephyr/drivers/gpio/libdrivers__gpio.a(gpio_sam0.c.obj)
 .text.gpio_sam0_port_clear_bits_raw
                0x000000000000cea8        0xa zephyr/drivers/gpio/libdrivers__gpio.a(gpio_sam0.c.obj)
 .text.gpio_sam0_port_toggle_bits
                0x000000000000ceb2        0xa zephyr/drivers/gpio/libdrivers__gpio.a(gpio_sam0.c.obj)
 .text.gpio_sam0_manage_callback
                0x000000000000cebc       0x58 zephyr/drivers/gpio/libdrivers__gpio.a(gpio_sam0.c.obj)
 .text.gpio_sam0_init
                0x000000000000cf14        0x4 zephyr/drivers/gpio/libdrivers__gpio.a(gpio_sam0.c.obj)
 .text.gpio_sam0_get_pending_int
                0x000000000000cf18        0xc zephyr/drivers/gpio/libdrivers__gpio.a(gpio_sam0.c.obj)
 .text.gpio_sam0_isr
                0x000000000000cf24       0x32 zephyr/drivers/gpio/libdrivers__gpio.a(gpio_sam0.c.obj)
 .text.wait_synchronization
                0x000000000000cf56        0xa zephyr/drivers/i2c/libdrivers__i2c.a(i2c_sam0.c.obj)
 .text.i2c_sam0_irq_config_0
                0x000000000000cf60       0x14 zephyr/drivers/i2c/libdrivers__i2c.a(i2c_sam0.c.obj)
 .text.i2c_sam0_configure
                0x000000000000cf74       0x46 zephyr/drivers/i2c/libdrivers__i2c.a(i2c_sam0.c.obj)
 .text.pinctrl_lookup_state
                0x000000000000cfba       0x26 zephyr/drivers/pinctrl/libdrivers__pinctrl.a(common.c.obj)
                0x000000000000cfba                pinctrl_lookup_state
 .text.wait_synchronization
                0x000000000000cfe0        0xa zephyr/drivers/serial/libdrivers__serial.a(uart_sam0.c.obj)
 .text.uart_sam0_poll_in
                0x000000000000cfea       0x18 zephyr/drivers/serial/libdrivers__serial.a(uart_sam0.c.obj)
 .text.uart_sam0_poll_out
                0x000000000000d002        0xe zephyr/drivers/serial/libdrivers__serial.a(uart_sam0.c.obj)
 .text.uart_sam0_err_check
                0x000000000000d010       0x32 zephyr/drivers/serial/libdrivers__serial.a(uart_sam0.c.obj)
 .text.uart_sam0_isr
                0x000000000000d042       0x10 zephyr/drivers/serial/libdrivers__serial.a(uart_sam0.c.obj)
 .text.uart_sam0_fifo_fill
                0x000000000000d052       0x1e zephyr/drivers/serial/libdrivers__serial.a(uart_sam0.c.obj)
 .text.uart_sam0_irq_tx_enable
                0x000000000000d070        0xa zephyr/drivers/serial/libdrivers__serial.a(uart_sam0.c.obj)
 .text.uart_sam0_irq_tx_disable
                0x000000000000d07a        0xa zephyr/drivers/serial/libdrivers__serial.a(uart_sam0.c.obj)
 .text.uart_sam0_irq_tx_ready
                0x000000000000d084       0x14 zephyr/drivers/serial/libdrivers__serial.a(uart_sam0.c.obj)
 .text.uart_sam0_irq_tx_complete
                0x000000000000d098       0x18 zephyr/drivers/serial/libdrivers__serial.a(uart_sam0.c.obj)
 .text.uart_sam0_irq_rx_enable
                0x000000000000d0b0        0xa zephyr/drivers/serial/libdrivers__serial.a(uart_sam0.c.obj)
 .text.uart_sam0_irq_rx_disable
                0x000000000000d0ba        0xa zephyr/drivers/serial/libdrivers__serial.a(uart_sam0.c.obj)
 .text.uart_sam0_irq_rx_ready
                0x000000000000d0c4       0x14 zephyr/drivers/serial/libdrivers__serial.a(uart_sam0.c.obj)
 .text.uart_sam0_fifo_read
                0x000000000000d0d8       0x22 zephyr/drivers/serial/libdrivers__serial.a(uart_sam0.c.obj)
 .text.uart_sam0_irq_is_pending
                0x000000000000d0fa       0x10 zephyr/drivers/serial/libdrivers__serial.a(uart_sam0.c.obj)
 .text.uart_sam0_irq_update
                0x000000000000d10a        0xc zephyr/drivers/serial/libdrivers__serial.a(uart_sam0.c.obj)
 .text.uart_sam0_irq_callback_set
                0x000000000000d116        0x8 zephyr/drivers/serial/libdrivers__serial.a(uart_sam0.c.obj)
 .text.uart_sam0_config_get
                0x000000000000d11e       0x12 zephyr/drivers/serial/libdrivers__serial.a(uart_sam0.c.obj)
 .text.uart_sam0_irq_config_0
                0x000000000000d130       0x14 zephyr/drivers/serial/libdrivers__serial.a(uart_sam0.c.obj)
 .text.do_device_init
                0x000000000000d144       0x32 zephyr/kernel/libkernel.a(device.c.obj)
                0x000000000000d144                do_device_init
 .text.z_impl_device_is_ready
                0x000000000000d176       0x1a zephyr/kernel/libkernel.a(device.c.obj)
                0x000000000000d176                z_impl_device_is_ready
 .text.arch_system_halt
                0x000000000000d190        0x8 zephyr/kernel/libkernel.a(fatal.c.obj)
                0x000000000000d190                arch_system_halt
 .text.idle     0x000000000000d198        0xe zephyr/kernel/libkernel.a(idle.c.obj)
                0x000000000000d198                idle
 .text.adjust_owner_prio.isra.0
                0x000000000000d1a6       0x16 zephyr/kernel/libkernel.a(mutex.c.obj)
 .text.z_impl_k_mutex_init
                0x000000000000d1bc        0xe zephyr/kernel/libkernel.a(mutex.c.obj)
                0x000000000000d1bc                z_impl_k_mutex_init
 .text.z_impl_k_sem_init
                0x000000000000d1ca       0x1a zephyr/kernel/libkernel.a(sem.c.obj)
                0x000000000000d1ca                z_impl_k_sem_init
 .text.flag_test_and_clear
                0x000000000000d1e4       0x18 zephyr/kernel/libkernel.a(work.c.obj)
 .text.k_is_in_isr
                0x000000000000d1fc        0xc zephyr/kernel/libkernel.a(thread.c.obj)
                0x000000000000d1fc                k_is_in_isr
 .text.z_impl_k_thread_name_set
                0x000000000000d208        0x6 zephyr/kernel/libkernel.a(thread.c.obj)
                0x000000000000d208                z_impl_k_thread_name_set
 .text.k_thread_name_get
                0x000000000000d20e        0x4 zephyr/kernel/libkernel.a(thread.c.obj)
                0x000000000000d20e                k_thread_name_get
 .text.sys_dlist_remove
                0x000000000000d212       0x10 zephyr/kernel/libkernel.a(sched.c.obj)
 .text.unpend_thread_no_timeout
                0x000000000000d222       0x16 zephyr/kernel/libkernel.a(sched.c.obj)
 .text.add_to_waitq_locked
                0x000000000000d238       0x52 zephyr/kernel/libkernel.a(sched.c.obj)
 .text.z_ready_thread
                0x000000000000d28a       0x18 zephyr/kernel/libkernel.a(sched.c.obj)
                0x000000000000d28a                z_ready_thread
 .text.z_unpend_thread_no_timeout
                0x000000000000d2a2       0x1e zephyr/kernel/libkernel.a(sched.c.obj)
                0x000000000000d2a2                z_unpend_thread_no_timeout
 .text.z_sched_wake_thread
                0x000000000000d2c0       0x36 zephyr/kernel/libkernel.a(sched.c.obj)
                0x000000000000d2c0                z_sched_wake_thread
 .text.z_thread_timeout
                0x000000000000d2f6        0xc zephyr/kernel/libkernel.a(sched.c.obj)
                0x000000000000d2f6                z_thread_timeout
 .text.z_unpend1_no_timeout
                0x000000000000d302       0x2a zephyr/kernel/libkernel.a(sched.c.obj)
                0x000000000000d302                z_unpend1_no_timeout
 .text.z_sched_wake
                0x000000000000d32c       0x3c zephyr/kernel/libkernel.a(sched.c.obj)
                0x000000000000d32c                z_sched_wake
 .text.z_abort_timeout
                0x000000000000d368       0x4c zephyr/kernel/libkernel.a(timeout.c.obj)
                0x000000000000d368                z_abort_timeout
 .text.sys_clock_tick_get_32
                0x000000000000d3b4        0x8 zephyr/kernel/libkernel.a(timeout.c.obj)
                0x000000000000d3b4                sys_clock_tick_get_32
 .text.z_impl_k_uptime_ticks
                0x000000000000d3bc        0x8 zephyr/kernel/libkernel.a(timeout.c.obj)
                0x000000000000d3bc                z_impl_k_uptime_ticks
 .text.k_timer_init
                0x000000000000d3c4       0x18 zephyr/kernel/libkernel.a(timer.c.obj)
                0x000000000000d3c4                k_timer_init
 .text.z_impl_k_timer_stop
                0x000000000000d3dc       0x32 zephyr/kernel/libkernel.a(timer.c.obj)
                0x000000000000d3dc                z_impl_k_timer_stop
 .text.z_impl_atomic_add
                0x000000000000d40e       0x1a zephyr/kernel/libkernel.a(atomic_c.c.obj)
                0x000000000000d40e                z_impl_atomic_add
 .text.z_impl_atomic_sub
                0x000000000000d428       0x1a zephyr/kernel/libkernel.a(atomic_c.c.obj)
                0x000000000000d428                z_impl_atomic_sub
 .text.z_impl_atomic_set
                0x000000000000d442       0x18 zephyr/kernel/libkernel.a(atomic_c.c.obj)
                0x000000000000d442                z_impl_atomic_set
 .text.k_heap_init
                0x000000000000d45a       0x10 zephyr/kernel/libkernel.a(kheap.c.obj)
                0x000000000000d45a                k_heap_init
 *(SORT_BY_ALIGNMENT(.TEXT.*))
 *(SORT_BY_ALIGNMENT(.gnu.linkonce.t.*))
 *(SORT_BY_ALIGNMENT(.glue_7t))
 .glue_7t       0x000000000000d46a        0x0 linker stubs
 *(SORT_BY_ALIGNMENT(.glue_7))
 .glue_7        0x000000000000d46a        0x0 linker stubs
 *(SORT_BY_ALIGNMENT(.vfp11_veneer))
 .vfp11_veneer  0x000000000000d46a        0x0 linker stubs
 *(SORT_BY_ALIGNMENT(.v4_bx))
 .v4_bx         0x000000000000d46a        0x0 linker stubs
                0x000000000000d46c                . = ALIGN (0x4)
 *fill*         0x000000000000d46a        0x2 
                0x000000000000d46c                __text_region_end = .

.ARM.exidx      0x000000000000d46c        0x8
                0x000000000000d46c                __exidx_start = .
 *(SORT_BY_ALIGNMENT(.ARM.exidx*) SORT_BY_ALIGNMENT(gnu.linkonce.armexidx.*))
 .ARM.exidx     0x000000000000d46c        0x8 /home/gfschuster/zephyr-sdk-0.17.4/arm-zephyr-eabi/bin/../lib/gcc/arm-zephyr-eabi/12.2.0/thumb/v6-m/nofp/libgcc.a(_udivmoddi4.o)
                0x000000000000d474                __exidx_end = .
                0x000000000000d474                __rodata_region_start = .

initlevel       0x000000000000d474       0x60
                0x000000000000d474                __init_start = .
                0x000000000000d474                __init_EARLY_start = .
 *(SORT_BY_NAME(SORT_BY_ALIGNMENT(.z_init_EARLY_P_?_*)))
 *(SORT_BY_NAME(SORT_BY_ALIGNMENT(.z_init_EARLY_P_??_*)))
 *(SORT_BY_NAME(SORT_BY_ALIGNMENT(.z_init_EARLY_P_???_*)))
                0x000000000000d474                __init_PRE_KERNEL_1_start = .
 *(SORT_BY_NAME(SORT_BY_ALIGNMENT(.z_init_PRE_KERNEL_1_P_?_*)))
 *(SORT_BY_NAME(SORT_BY_ALIGNMENT(.z_init_PRE_KERNEL_1_P_??_*)))
 .z_init_PRE_KERNEL_1_P_30_SUB_0_
                0x000000000000d474        0x8 zephyr/kernel/libkernel.a(kheap.c.obj)
 .z_init_PRE_KERNEL_1_P_40_SUB_00009_
                0x000000000000d47c        0x8 zephyr/drivers/gpio/libdrivers__gpio.a(gpio_sam0.c.obj)
 .z_init_PRE_KERNEL_1_P_40_SUB_00027_
                0x000000000000d484        0x8 zephyr/drivers/interrupt_controller/libdrivers__interrupt_controller.a(intc_sam0_eic.c.obj)
 .z_init_PRE_KERNEL_1_P_40_SUB_00052_
                0x000000000000d48c        0x8 zephyr/drivers/gpio/libdrivers__gpio.a(gpio_sam0.c.obj)
 .z_init_PRE_KERNEL_1_P_40_SUB_00061_
                0x000000000000d494        0x8 zephyr/drivers/gpio/libdrivers__gpio.a(gpio_sam0.c.obj)
 .z_init_PRE_KERNEL_1_P_50_SUB_00033_
                0x000000000000d49c        0x8 zephyr/drivers/serial/libdrivers__serial.a(uart_sam0.c.obj)
 .z_init_PRE_KERNEL_1_P_60_SUB_0_
                0x000000000000d4a4        0x8 zephyr/drivers/console/libdrivers__console.a(uart_console.c.obj)
 *(SORT_BY_NAME(SORT_BY_ALIGNMENT(.z_init_PRE_KERNEL_1_P_???_*)))
                0x000000000000d4ac                __init_PRE_KERNEL_2_start = .
 *(SORT_BY_NAME(SORT_BY_ALIGNMENT(.z_init_PRE_KERNEL_2_P_?_*)))
 .z_init_PRE_KERNEL_2_P_0_SUB_0_
                0x000000000000d4ac        0x8 zephyr/drivers/timer/libdrivers__timer.a(cortex_m_systick.c.obj)
 *(SORT_BY_NAME(SORT_BY_ALIGNMENT(.z_init_PRE_KERNEL_2_P_??_*)))
 *(SORT_BY_NAME(SORT_BY_ALIGNMENT(.z_init_PRE_KERNEL_2_P_???_*)))
                0x000000000000d4b4                __init_POST_KERNEL_start = .
 *(SORT_BY_NAME(SORT_BY_ALIGNMENT(.z_init_POST_KERNEL_P_?_*)))
 .z_init_POST_KERNEL_P_0_SUB_0_
                0x000000000000d4b4        0x8 zephyr/libzephyr.a(log_core.c.obj)
 *(SORT_BY_NAME(SORT_BY_ALIGNMENT(.z_init_POST_KERNEL_P_??_*)))
 .z_init_POST_KERNEL_P_35_SUB_0_
                0x000000000000d4bc        0x8 zephyr/lib/libc/newlib/liblib__libc__newlib.a(libc-hooks.c.obj)
 .z_init_POST_KERNEL_P_40_SUB_0_
                0x000000000000d4c4        0x8 zephyr/kernel/libkernel.a(system_work_q.c.obj)
 .z_init_POST_KERNEL_P_50_SUB_00035_
                0x000000000000d4cc        0x8 zephyr/drivers/i2c/libdrivers__i2c.a(i2c_sam0.c.obj)
 *(SORT_BY_NAME(SORT_BY_ALIGNMENT(.z_init_POST_KERNEL_P_???_*)))
                0x000000000000d4d4                __init_APPLICATION_start = .
 *(SORT_BY_NAME(SORT_BY_ALIGNMENT(.z_init_APPLICATION_P_?_*)))
 *(SORT_BY_NAME(SORT_BY_ALIGNMENT(.z_init_APPLICATION_P_??_*)))
 *(SORT_BY_NAME(SORT_BY_ALIGNMENT(.z_init_APPLICATION_P_???_*)))
                0x000000000000d4d4                __init_SMP_start = .
 *(SORT_BY_NAME(SORT_BY_ALIGNMENT(.z_init_SMP_P_?_*)))
 *(SORT_BY_NAME(SORT_BY_ALIGNMENT(.z_init_SMP_P_??_*)))
 *(SORT_BY_NAME(SORT_BY_ALIGNMENT(.z_init_SMP_P_???_*)))
                0x000000000000d4d4                __init_end = .

device_area     0x000000000000d4d4       0xc0
                0x000000000000d4d4                _device_list_start = .
 *(SORT_BY_NAME(SORT_BY_ALIGNMENT(._device.static.*_?_*)))
 *(SORT_BY_NAME(SORT_BY_ALIGNMENT(._device.static.*_??_*)))
 ._device.static.1_40_
                0x000000000000d4d4       0x20 zephyr/drivers/interrupt_controller/libdrivers__interrupt_controller.a(intc_sam0_eic.c.obj)
                0x000000000000d4d4                __device_dts_ord_27
 ._device.static.1_40_
                0x000000000000d4f4       0x60 zephyr/drivers/gpio/libdrivers__gpio.a(gpio_sam0.c.obj)
                0x000000000000d4f4                __device_dts_ord_52
                0x000000000000d514                __device_dts_ord_61
                0x000000000000d534                __device_dts_ord_9
 ._device.static.1_50_
                0x000000000000d554       0x20 zephyr/drivers/serial/libdrivers__serial.a(uart_sam0.c.obj)
                0x000000000000d554                __device_dts_ord_33
 ._device.static.3_50_
                0x000000000000d574       0x20 zephyr/drivers/i2c/libdrivers__i2c.a(i2c_sam0.c.obj)
                0x000000000000d574                __device_dts_ord_35
 *(SORT_BY_NAME(SORT_BY_ALIGNMENT(._device.static.*_???_*)))
 *(SORT_BY_NAME(SORT_BY_ALIGNMENT(._device.static.*_????_*)))
 *(SORT_BY_NAME(SORT_BY_ALIGNMENT(._device.static.*_?????_*)))
                0x000000000000d594                _device_list_end = .

sw_isr_table    0x000000000000d594       0xe0
                0x000000000000d594                . = ALIGN (0x4)
 *(SORT_BY_ALIGNMENT(.gnu.linkonce.sw_isr_table*))
 .gnu.linkonce.sw_isr_table
                0x000000000000d594       0xe0 zephyr/CMakeFiles/zephyr_final.dir/isr_tables.c.obj
                0x000000000000d594                _sw_isr_table

initlevel_error
                0x000000000000d474        0x0
 *(SORT_BY_NAME(SORT_BY_ALIGNMENT(.z_init_*)))
                0x0000000000000001                ASSERT ((SIZEOF (initlevel_error) == 0x0), Undefined initialization levels used.)

app_shmem_regions
                0x000000000000d674        0x0
                0x000000000000d674                __app_shmem_regions_start = .
 *(SORT_BY_NAME(SORT_BY_ALIGNMENT(.app_regions.*)))
                0x000000000000d674                __app_shmem_regions_end = .

k_p4wq_initparam_area
                0x000000000000d674        0x0
                0x000000000000d674                _k_p4wq_initparam_list_start = .
 *(SORT_BY_NAME(SORT_BY_ALIGNMENT(._k_p4wq_initparam.static.*)))
                0x000000000000d674                _k_p4wq_initparam_list_end = .

_static_thread_data_area
                0x000000000000d674        0x0
                0x000000000000d674                __static_thread_data_list_start = .
 *(SORT_BY_NAME(SORT_BY_ALIGNMENT(.__static_thread_data.static.*)))
                0x000000000000d674                __static_thread_data_list_end = .

device_deps     0x000000000000d674        0x0
                0x000000000000d674                __device_deps_start = .
 *(SORT_BY_NAME(SORT_BY_ALIGNMENT(.__device_deps_pass2*)))
                0x000000000000d674                __device_deps_end = .

gpio_driver_api_area
                0x000000000000d674       0x24
                0x000000000000d674                _gpio_driver_api_list_start = .
 *(SORT_BY_NAME(SORT_BY_ALIGNMENT(._gpio_driver_api.static.*)))
 ._gpio_driver_api.static.gpio_sam0_api_
                0x000000000000d674       0x24 zephyr/drivers/gpio/libdrivers__gpio.a(gpio_sam0.c.obj)
                0x000000000000d698                _gpio_driver_api_list_end = .

i2c_driver_api_area
                0x000000000000d698       0x18
                0x000000000000d698                _i2c_driver_api_list_start = .
 *(SORT_BY_NAME(SORT_BY_ALIGNMENT(._i2c_driver_api.static.*)))
 ._i2c_driver_api.static.i2c_sam0_driver_api_
                0x000000000000d698       0x18 zephyr/drivers/i2c/libdrivers__i2c.a(i2c_sam0.c.obj)
                0x000000000000d6b0                _i2c_driver_api_list_end = .

i2c_target_driver_api_area
                0x000000000000d6b0        0x0
                0x000000000000d6b0                _i2c_target_driver_api_list_start = .
 *(SORT_BY_NAME(SORT_BY_ALIGNMENT(._i2c_target_driver_api.static.*)))
                0x000000000000d6b0                _i2c_target_driver_api_list_end = .

shared_irq_driver_api_area
                0x000000000000d6b0        0x0
                0x000000000000d6b0                _shared_irq_driver_api_list_start = .
 *(SORT_BY_NAME(SORT_BY_ALIGNMENT(._shared_irq_driver_api.static.*)))
                0x000000000000d6b0                _shared_irq_driver_api_list_end = .

crypto_driver_api_area
                0x000000000000d6b0        0x0
                0x000000000000d6b0                _crypto_driver_api_list_start = .
 *(SORT_BY_NAME(SORT_BY_ALIGNMENT(._crypto_driver_api.static.*)))
                0x000000000000d6b0                _crypto_driver_api_list_end = .

adc_driver_api_area
                0x000000000000d6b0        0x0
                0x000000000000d6b0                _adc_driver_api_list_start = .
 *(SORT_BY_NAME(SORT_BY_ALIGNMENT(._adc_driver_api.static.*)))
                0x000000000000d6b0                _adc_driver_api_list_end = .

auxdisplay_driver_api_area
                0x000000000000d6b0        0x0
                0x000000000000d6b0                _auxdisplay_driver_api_list_start = .
 *(SORT_BY_NAME(SORT_BY_ALIGNMENT(._auxdisplay_driver_api.static.*)))
                0x000000000000d6b0                _auxdisplay_driver_api_list_end = .

bbram_driver_api_area
                0x000000000000d6b0        0x0
                0x000000000000d6b0                _bbram_driver_api_list_start = .
 *(SORT_BY_NAME(SORT_BY_ALIGNMENT(._bbram_driver_api.static.*)))
                0x000000000000d6b0                _bbram_driver_api_list_end = .

bt_hci_driver_api_area
                0x000000000000d6b0        0x0
                0x000000000000d6b0                _bt_hci_driver_api_list_start = .
 *(SORT_BY_NAME(SORT_BY_ALIGNMENT(._bt_hci_driver_api.static.*)))
                0x000000000000d6b0                _bt_hci_driver_api_list_end = .

can_driver_api_area
                0x000000000000d6b0        0x0
                0x000000000000d6b0                _can_driver_api_list_start = .
 *(SORT_BY_NAME(SORT_BY_ALIGNMENT(._can_driver_api.static.*)))
                0x000000000000d6b0                _can_driver_api_list_end = .

cellular_driver_api_area
                0x000000000000d6b0        0x0
                0x000000000000d6b0                _cellular_driver_api_list_start = .
 *(SORT_BY_NAME(SORT_BY_ALIGNMENT(._cellular_driver_api.static.*)))
                0x000000000000d6b0                _cellular_driver_api_list_end = .

charger_driver_api_area
                0x000000000000d6b0        0x0
                0x000000000000d6b0                _charger_driver_api_list_start = .
 *(SORT_BY_NAME(SORT_BY_ALIGNMENT(._charger_driver_api.static.*)))
                0x000000000000d6b0                _charger_driver_api_list_end = .

clock_control_driver_api_area
                0x000000000000d6b0        0x0
                0x000000000000d6b0                _clock_control_driver_api_list_start = .
 *(SORT_BY_NAME(SORT_BY_ALIGNMENT(._clock_control_driver_api.static.*)))
                0x000000000000d6b0                _clock_control_driver_api_list_end = .

comparator_driver_api_area
                0x000000000000d6b0        0x0
                0x000000000000d6b0                _comparator_driver_api_list_start = .
 *(SORT_BY_NAME(SORT_BY_ALIGNMENT(._comparator_driver_api.static.*)))
                0x000000000000d6b0                _comparator_driver_api_list_end = .

coredump_driver_api_area
                0x000000000000d6b0        0x0
                0x000000000000d6b0                _coredump_driver_api_list_start = .
 *(SORT_BY_NAME(SORT_BY_ALIGNMENT(._coredump_driver_api.static.*)))
                0x000000000000d6b0                _coredump_driver_api_list_end = .

counter_driver_api_area
                0x000000000000d6b0        0x0
                0x000000000000d6b0                _counter_driver_api_list_start = .
 *(SORT_BY_NAME(SORT_BY_ALIGNMENT(._counter_driver_api.static.*)))
                0x000000000000d6b0                _counter_driver_api_list_end = .

crc_driver_api_area
                0x000000000000d6b0        0x0
                0x000000000000d6b0                _crc_driver_api_list_start = .
 *(SORT_BY_NAME(SORT_BY_ALIGNMENT(._crc_driver_api.static.*)))
                0x000000000000d6b0                _crc_driver_api_list_end = .

dac_driver_api_area
                0x000000000000d6b0        0x0
                0x000000000000d6b0                _dac_driver_api_list_start = .
 *(SORT_BY_NAME(SORT_BY_ALIGNMENT(._dac_driver_api.static.*)))
                0x000000000000d6b0                _dac_driver_api_list_end = .

dai_driver_api_area
                0x000000000000d6b0        0x0
                0x000000000000d6b0                _dai_driver_api_list_start = .
 *(SORT_BY_NAME(SORT_BY_ALIGNMENT(._dai_driver_api.static.*)))
                0x000000000000d6b0                _dai_driver_api_list_end = .

display_driver_api_area
                0x000000000000d6b0        0x0
                0x000000000000d6b0                _display_driver_api_list_start = .
 *(SORT_BY_NAME(SORT_BY_ALIGNMENT(._display_driver_api.static.*)))
                0x000000000000d6b0                _display_driver_api_list_end = .

dma_driver_api_area
                0x000000000000d6b0        0x0
                0x000000000000d6b0                _dma_driver_api_list_start = .
 *(SORT_BY_NAME(SORT_BY_ALIGNMENT(._dma_driver_api.static.*)))
                0x000000000000d6b0                _dma_driver_api_list_end = .

edac_driver_api_area
                0x000000000000d6b0        0x0
                0x000000000000d6b0                _edac_driver_api_list_start = .
 *(SORT_BY_NAME(SORT_BY_ALIGNMENT(._edac_driver_api.static.*)))
                0x000000000000d6b0                _edac_driver_api_list_end = .

eeprom_driver_api_area
                0x000000000000d6b0        0x0
                0x000000000000d6b0                _eeprom_driver_api_list_start = .
 *(SORT_BY_NAME(SORT_BY_ALIGNMENT(._eeprom_driver_api.static.*)))
                0x000000000000d6b0                _eeprom_driver_api_list_end = .

emul_bbram_driver_api_area
                0x000000000000d6b0        0x0
                0x000000000000d6b0                _emul_bbram_driver_api_list_start = .
 *(SORT_BY_NAME(SORT_BY_ALIGNMENT(._emul_bbram_driver_api.static.*)))
                0x000000000000d6b0                _emul_bbram_driver_api_list_end = .

fuel_gauge_emul_driver_api_area
                0x000000000000d6b0        0x0
                0x000000000000d6b0                _fuel_gauge_emul_driver_api_list_start = .
 *(SORT_BY_NAME(SORT_BY_ALIGNMENT(._fuel_gauge_emul_driver_api.static.*)))
                0x000000000000d6b0                _fuel_gauge_emul_driver_api_list_end = .

emul_sensor_driver_api_area
                0x000000000000d6b0        0x0
                0x000000000000d6b0                _emul_sensor_driver_api_list_start = .
 *(SORT_BY_NAME(SORT_BY_ALIGNMENT(._emul_sensor_driver_api.static.*)))
                0x000000000000d6b0                _emul_sensor_driver_api_list_end = .

entropy_driver_api_area
                0x000000000000d6b0        0x0
                0x000000000000d6b0                _entropy_driver_api_list_start = .
 *(SORT_BY_NAME(SORT_BY_ALIGNMENT(._entropy_driver_api.static.*)))
                0x000000000000d6b0                _entropy_driver_api_list_end = .

espi_driver_api_area
                0x000000000000d6b0        0x0
                0x000000000000d6b0                _espi_driver_api_list_start = .
 *(SORT_BY_NAME(SORT_BY_ALIGNMENT(._espi_driver_api.static.*)))
                0x000000000000d6b0                _espi_driver_api_list_end = .

espi_saf_driver_api_area
                0x000000000000d6b0        0x0
                0x000000000000d6b0                _espi_saf_driver_api_list_start = .
 *(SORT_BY_NAME(SORT_BY_ALIGNMENT(._espi_saf_driver_api.static.*)))
                0x000000000000d6b0                _espi_saf_driver_api_list_end = .

flash_driver_api_area
                0x000000000000d6b0        0x0
                0x000000000000d6b0                _flash_driver_api_list_start = .
 *(SORT_BY_NAME(SORT_BY_ALIGNMENT(._flash_driver_api.static.*)))
                0x000000000000d6b0                _flash_driver_api_list_end = .

fpga_driver_api_area
                0x000000000000d6b0        0x0
                0x000000000000d6b0                _fpga_driver_api_list_start = .
 *(SORT_BY_NAME(SORT_BY_ALIGNMENT(._fpga_driver_api.static.*)))
                0x000000000000d6b0                _fpga_driver_api_list_end = .

fuel_gauge_driver_api_area
                0x000000000000d6b0        0x0
                0x000000000000d6b0                _fuel_gauge_driver_api_list_start = .
 *(SORT_BY_NAME(SORT_BY_ALIGNMENT(._fuel_gauge_driver_api.static.*)))
                0x000000000000d6b0                _fuel_gauge_driver_api_list_end = .

gnss_driver_api_area
                0x000000000000d6b0        0x0
                0x000000000000d6b0                _gnss_driver_api_list_start = .
 *(SORT_BY_NAME(SORT_BY_ALIGNMENT(._gnss_driver_api.static.*)))
                0x000000000000d6b0                _gnss_driver_api_list_end = .

haptics_driver_api_area
                0x000000000000d6b0        0x0
                0x000000000000d6b0                _haptics_driver_api_list_start = .
 *(SORT_BY_NAME(SORT_BY_ALIGNMENT(._haptics_driver_api.static.*)))
                0x000000000000d6b0                _haptics_driver_api_list_end = .

hwspinlock_driver_api_area
                0x000000000000d6b0        0x0
                0x000000000000d6b0                _hwspinlock_driver_api_list_start = .
 *(SORT_BY_NAME(SORT_BY_ALIGNMENT(._hwspinlock_driver_api.static.*)))
                0x000000000000d6b0                _hwspinlock_driver_api_list_end = .

i2s_driver_api_area
                0x000000000000d6b0        0x0
                0x000000000000d6b0                _i2s_driver_api_list_start = .
 *(SORT_BY_NAME(SORT_BY_ALIGNMENT(._i2s_driver_api.static.*)))
                0x000000000000d6b0                _i2s_driver_api_list_end = .

i3c_driver_api_area
                0x000000000000d6b0        0x0
                0x000000000000d6b0                _i3c_driver_api_list_start = .
 *(SORT_BY_NAME(SORT_BY_ALIGNMENT(._i3c_driver_api.static.*)))
                0x000000000000d6b0                _i3c_driver_api_list_end = .

ipm_driver_api_area
                0x000000000000d6b0        0x0
                0x000000000000d6b0                _ipm_driver_api_list_start = .
 *(SORT_BY_NAME(SORT_BY_ALIGNMENT(._ipm_driver_api.static.*)))
                0x000000000000d6b0                _ipm_driver_api_list_end = .

led_driver_api_area
                0x000000000000d6b0        0x0
                0x000000000000d6b0                _led_driver_api_list_start = .
 *(SORT_BY_NAME(SORT_BY_ALIGNMENT(._led_driver_api.static.*)))
                0x000000000000d6b0                _led_driver_api_list_end = .

led_strip_driver_api_area
                0x000000000000d6b0        0x0
                0x000000000000d6b0                _led_strip_driver_api_list_start = .
 *(SORT_BY_NAME(SORT_BY_ALIGNMENT(._led_strip_driver_api.static.*)))
                0x000000000000d6b0                _led_strip_driver_api_list_end = .

lora_driver_api_area
                0x000000000000d6b0        0x0
                0x000000000000d6b0                _lora_driver_api_list_start = .
 *(SORT_BY_NAME(SORT_BY_ALIGNMENT(._lora_driver_api.static.*)))
                0x000000000000d6b0                _lora_driver_api_list_end = .

mbox_driver_api_area
                0x000000000000d6b0        0x0
                0x000000000000d6b0                _mbox_driver_api_list_start = .
 *(SORT_BY_NAME(SORT_BY_ALIGNMENT(._mbox_driver_api.static.*)))
                0x000000000000d6b0                _mbox_driver_api_list_end = .

mdio_driver_api_area
                0x000000000000d6b0        0x0
                0x000000000000d6b0                _mdio_driver_api_list_start = .
 *(SORT_BY_NAME(SORT_BY_ALIGNMENT(._mdio_driver_api.static.*)))
                0x000000000000d6b0                _mdio_driver_api_list_end = .

mipi_dbi_driver_api_area
                0x000000000000d6b0        0x0
                0x000000000000d6b0                _mipi_dbi_driver_api_list_start = .
 *(SORT_BY_NAME(SORT_BY_ALIGNMENT(._mipi_dbi_driver_api.static.*)))
                0x000000000000d6b0                _mipi_dbi_driver_api_list_end = .

mipi_dsi_driver_api_area
                0x000000000000d6b0        0x0
                0x000000000000d6b0                _mipi_dsi_driver_api_list_start = .
 *(SORT_BY_NAME(SORT_BY_ALIGNMENT(._mipi_dsi_driver_api.static.*)))
                0x000000000000d6b0                _mipi_dsi_driver_api_list_end = .

mspi_driver_api_area
                0x000000000000d6b0        0x0
                0x000000000000d6b0                _mspi_driver_api_list_start = .
 *(SORT_BY_NAME(SORT_BY_ALIGNMENT(._mspi_driver_api.static.*)))
                0x000000000000d6b0                _mspi_driver_api_list_end = .

opamp_driver_api_area
                0x000000000000d6b0        0x0
                0x000000000000d6b0                _opamp_driver_api_list_start = .
 *(SORT_BY_NAME(SORT_BY_ALIGNMENT(._opamp_driver_api.static.*)))
                0x000000000000d6b0                _opamp_driver_api_list_end = .

peci_driver_api_area
                0x000000000000d6b0        0x0
                0x000000000000d6b0                _peci_driver_api_list_start = .
 *(SORT_BY_NAME(SORT_BY_ALIGNMENT(._peci_driver_api.static.*)))
                0x000000000000d6b0                _peci_driver_api_list_end = .

ps2_driver_api_area
                0x000000000000d6b0        0x0
                0x000000000000d6b0                _ps2_driver_api_list_start = .
 *(SORT_BY_NAME(SORT_BY_ALIGNMENT(._ps2_driver_api.static.*)))
                0x000000000000d6b0                _ps2_driver_api_list_end = .

ptp_clock_driver_api_area
                0x000000000000d6b0        0x0
                0x000000000000d6b0                _ptp_clock_driver_api_list_start = .
 *(SORT_BY_NAME(SORT_BY_ALIGNMENT(._ptp_clock_driver_api.static.*)))